[bam_sort_core] merging from 22 files and 1 in-memory blocks...
10:52:06.273 INFO  NativeLibraryLoader - Loading libgkl_compression.so from jar:file:/opt/apps/picard-tools/2.27.1/picard.jar!/com/intel/gkl/native/libgkl_compression.so
[Tue Mar 11 10:52:06 PDT 2025] MarkDuplicates --SORTING_COLLECTION_SIZE_RATIO 0.8 --INPUT /tmp/itamburi/36400655/n24_sorted.bam --OUTPUT /tmp/itamburi/36400655/n24_dd.bam --METRICS_FILE /tmp/itamburi/36400655/n24_mrkdp_met.txt --REMOVE_DUPLICATES true --ASSUME_SORTED true --VALIDATION_STRINGENCY SILENT --COMPRESSION_LEVEL 0 --MAX_SEQUENCES_FOR_DISK_READ_ENDS_MAP 50000 --MAX_FILE_HANDLES_FOR_READ_ENDS_MAP 8000 --TAG_DUPLICATE_SET_MEMBERS false --REMOVE_SEQUENCING_DUPLICATES false --TAGGING_POLICY DontTag --CLEAR_DT true --DUPLEX_UMI false --ADD_PG_TAG_TO_READS true --DUPLICATE_SCORING_STRATEGY SUM_OF_BASE_QUALITIES --PROGRAM_RECORD_ID MarkDuplicates --PROGRAM_GROUP_NAME MarkDuplicates --READ_NAME_REGEX <optimized capture of last three ':' separated fields as numeric values> --OPTICAL_DUPLICATE_PIXEL_DISTANCE 100 --MAX_OPTICAL_DUPLICATE_SET_SIZE 300000 --VERBOSITY INFO --QUIET false --MAX_RECORDS_IN_RAM 500000 --CREATE_INDEX false --CREATE_MD5_FILE false --GA4GH_CLIENT_SECRETS client_secrets.json --help false --version false --showHidden false --USE_JDK_DEFLATER false --USE_JDK_INFLATER false
[Tue Mar 11 10:52:06 PDT 2025] Executing as itamburi@hpc3-21-26 on Linux 4.18.0-553.22.1.el8_10.x86_64 amd64; OpenJDK 64-Bit Server VM 11.0.25+9-LTS; Deflater: Intel; Inflater: Intel; Provider GCS is not available; Picard version: Version:unspecified-SNAPSHOT
INFO	2025-03-11 10:52:06	MarkDuplicates	Start of doWork freeMemory: 219773984; totalMemory: 226492416; maxMemory: 32178700288
INFO	2025-03-11 10:52:06	MarkDuplicates	Reading input file and constructing read end information.
INFO	2025-03-11 10:52:06	MarkDuplicates	Will retain up to 373086380 data points before spilling to disk.
INFO	2025-03-11 10:52:09	MarkDuplicates	Read     1,000,000 records.  Elapsed time: 00:00:02s.  Time for last 1,000,000:    2s.  Last read position: NC_010443.5:108,993,023
INFO	2025-03-11 10:52:09	MarkDuplicates	Tracking 11650 as yet unmatched pairs. 11650 records in RAM.
INFO	2025-03-11 10:52:11	MarkDuplicates	Read     2,000,000 records.  Elapsed time: 00:00:04s.  Time for last 1,000,000:    2s.  Last read position: NC_010443.5:191,321,340
INFO	2025-03-11 10:52:11	MarkDuplicates	Tracking 81 as yet unmatched pairs. 81 records in RAM.
INFO	2025-03-11 10:52:14	MarkDuplicates	Read     3,000,000 records.  Elapsed time: 00:00:07s.  Time for last 1,000,000:    2s.  Last read position: NC_010444.4:4,909,080
INFO	2025-03-11 10:52:14	MarkDuplicates	Tracking 22 as yet unmatched pairs. 22 records in RAM.
INFO	2025-03-11 10:52:16	MarkDuplicates	Read     4,000,000 records.  Elapsed time: 00:00:09s.  Time for last 1,000,000:    2s.  Last read position: NC_010444.4:15,269,039
INFO	2025-03-11 10:52:16	MarkDuplicates	Tracking 10276 as yet unmatched pairs. 10276 records in RAM.
INFO	2025-03-11 10:52:18	MarkDuplicates	Read     5,000,000 records.  Elapsed time: 00:00:11s.  Time for last 1,000,000:    2s.  Last read position: NC_010444.4:74,925,090
INFO	2025-03-11 10:52:18	MarkDuplicates	Tracking 28 as yet unmatched pairs. 28 records in RAM.
INFO	2025-03-11 10:52:21	MarkDuplicates	Read     6,000,000 records.  Elapsed time: 00:00:14s.  Time for last 1,000,000:    2s.  Last read position: NC_010444.4:142,485,258
INFO	2025-03-11 10:52:21	MarkDuplicates	Tracking 0 as yet unmatched pairs. 0 records in RAM.
INFO	2025-03-11 10:52:23	MarkDuplicates	Read     7,000,000 records.  Elapsed time: 00:00:16s.  Time for last 1,000,000:    2s.  Last read position: NC_010445.4:37,511,617
INFO	2025-03-11 10:52:23	MarkDuplicates	Tracking 10 as yet unmatched pairs. 10 records in RAM.
INFO	2025-03-11 10:52:25	MarkDuplicates	Read     8,000,000 records.  Elapsed time: 00:00:18s.  Time for last 1,000,000:    2s.  Last read position: NC_010445.4:94,167,232
INFO	2025-03-11 10:52:25	MarkDuplicates	Tracking 320 as yet unmatched pairs. 320 records in RAM.
INFO	2025-03-11 10:52:27	MarkDuplicates	Read     9,000,000 records.  Elapsed time: 00:00:20s.  Time for last 1,000,000:    2s.  Last read position: NC_010446.5:53,953,425
INFO	2025-03-11 10:52:27	MarkDuplicates	Tracking 200 as yet unmatched pairs. 200 records in RAM.
INFO	2025-03-11 10:52:29	MarkDuplicates	Read    10,000,000 records.  Elapsed time: 00:00:22s.  Time for last 1,000,000:    2s.  Last read position: NC_010446.5:110,790,444
INFO	2025-03-11 10:52:29	MarkDuplicates	Tracking 62 as yet unmatched pairs. 62 records in RAM.
INFO	2025-03-11 10:52:32	MarkDuplicates	Read    11,000,000 records.  Elapsed time: 00:00:25s.  Time for last 1,000,000:    2s.  Last read position: NC_010447.5:21,984,765
INFO	2025-03-11 10:52:32	MarkDuplicates	Tracking 583 as yet unmatched pairs. 583 records in RAM.
INFO	2025-03-11 10:52:34	MarkDuplicates	Read    12,000,000 records.  Elapsed time: 00:00:27s.  Time for last 1,000,000:    2s.  Last read position: NC_010447.5:64,131,767
INFO	2025-03-11 10:52:34	MarkDuplicates	Tracking 187 as yet unmatched pairs. 187 records in RAM.
INFO	2025-03-11 10:52:36	MarkDuplicates	Read    13,000,000 records.  Elapsed time: 00:00:29s.  Time for last 1,000,000:    2s.  Last read position: NC_010448.4:44,011,643
INFO	2025-03-11 10:52:36	MarkDuplicates	Tracking 9 as yet unmatched pairs. 9 records in RAM.
INFO	2025-03-11 10:52:38	MarkDuplicates	Read    14,000,000 records.  Elapsed time: 00:00:31s.  Time for last 1,000,000:    2s.  Last read position: NC_010448.4:55,326,200
INFO	2025-03-11 10:52:38	MarkDuplicates	Tracking 2675 as yet unmatched pairs. 2675 records in RAM.
INFO	2025-03-11 10:52:41	MarkDuplicates	Read    15,000,000 records.  Elapsed time: 00:00:34s.  Time for last 1,000,000:    2s.  Last read position: NC_010448.4:74,890,960
INFO	2025-03-11 10:52:41	MarkDuplicates	Tracking 75 as yet unmatched pairs. 75 records in RAM.
INFO	2025-03-11 10:52:43	MarkDuplicates	Read    16,000,000 records.  Elapsed time: 00:00:36s.  Time for last 1,000,000:    2s.  Last read position: NC_010448.4:145,198,038
INFO	2025-03-11 10:52:43	MarkDuplicates	Tracking 328 as yet unmatched pairs. 328 records in RAM.
INFO	2025-03-11 10:52:45	MarkDuplicates	Read    17,000,000 records.  Elapsed time: 00:00:38s.  Time for last 1,000,000:    2s.  Last read position: NC_010449.5:30,441,098
INFO	2025-03-11 10:52:45	MarkDuplicates	Tracking 3089 as yet unmatched pairs. 3089 records in RAM.
INFO	2025-03-11 10:52:47	MarkDuplicates	Read    18,000,000 records.  Elapsed time: 00:00:40s.  Time for last 1,000,000:    2s.  Last read position: NC_010449.5:75,663,638
INFO	2025-03-11 10:52:47	MarkDuplicates	Tracking 12953 as yet unmatched pairs. 12953 records in RAM.
INFO	2025-03-11 10:52:49	MarkDuplicates	Read    19,000,000 records.  Elapsed time: 00:00:42s.  Time for last 1,000,000:    2s.  Last read position: NC_010449.5:75,670,660
INFO	2025-03-11 10:52:49	MarkDuplicates	Tracking 61982 as yet unmatched pairs. 61982 records in RAM.
INFO	2025-03-11 10:52:51	MarkDuplicates	Read    20,000,000 records.  Elapsed time: 00:00:44s.  Time for last 1,000,000:    1s.  Last read position: NC_010449.5:86,898,634
INFO	2025-03-11 10:52:51	MarkDuplicates	Tracking 24 as yet unmatched pairs. 24 records in RAM.
INFO	2025-03-11 10:52:54	MarkDuplicates	Read    21,000,000 records.  Elapsed time: 00:00:47s.  Time for last 1,000,000:    2s.  Last read position: NC_010450.4:109,306,982
INFO	2025-03-11 10:52:54	MarkDuplicates	Tracking 128 as yet unmatched pairs. 128 records in RAM.
INFO	2025-03-11 10:52:56	MarkDuplicates	Read    22,000,000 records.  Elapsed time: 00:00:49s.  Time for last 1,000,000:    2s.  Last read position: NC_010451.4:55,864,589
INFO	2025-03-11 10:52:56	MarkDuplicates	Tracking 118 as yet unmatched pairs. 118 records in RAM.
INFO	2025-03-11 10:52:58	MarkDuplicates	Read    23,000,000 records.  Elapsed time: 00:00:51s.  Time for last 1,000,000:    2s.  Last read position: NC_010452.4:23,750,847
INFO	2025-03-11 10:52:58	MarkDuplicates	Tracking 21958 as yet unmatched pairs. 21958 records in RAM.
INFO	2025-03-11 10:53:00	MarkDuplicates	Read    24,000,000 records.  Elapsed time: 00:00:53s.  Time for last 1,000,000:    2s.  Last read position: NC_010453.5:5,956,624
INFO	2025-03-11 10:53:00	MarkDuplicates	Tracking 419 as yet unmatched pairs. 419 records in RAM.
INFO	2025-03-11 10:53:03	MarkDuplicates	Read    25,000,000 records.  Elapsed time: 00:00:56s.  Time for last 1,000,000:    2s.  Last read position: NC_010454.4:17,787,653
INFO	2025-03-11 10:53:03	MarkDuplicates	Tracking 16 as yet unmatched pairs. 16 records in RAM.
INFO	2025-03-11 10:53:05	MarkDuplicates	Read    26,000,000 records.  Elapsed time: 00:00:58s.  Time for last 1,000,000:    2s.  Last read position: NC_010454.4:51,956,361
INFO	2025-03-11 10:53:05	MarkDuplicates	Tracking 2304 as yet unmatched pairs. 2304 records in RAM.
INFO	2025-03-11 10:53:07	MarkDuplicates	Read    27,000,000 records.  Elapsed time: 00:01:00s.  Time for last 1,000,000:    2s.  Last read position: NC_010455.5:29,735,457
INFO	2025-03-11 10:53:07	MarkDuplicates	Tracking 7902 as yet unmatched pairs. 7902 records in RAM.
INFO	2025-03-11 10:53:09	MarkDuplicates	Read    28,000,000 records.  Elapsed time: 00:01:02s.  Time for last 1,000,000:    2s.  Last read position: NC_010455.5:111,145,582
INFO	2025-03-11 10:53:09	MarkDuplicates	Tracking 576 as yet unmatched pairs. 576 records in RAM.
INFO	2025-03-11 10:53:12	MarkDuplicates	Read    29,000,000 records.  Elapsed time: 00:01:05s.  Time for last 1,000,000:    2s.  Last read position: NC_010456.5:21,808,509
INFO	2025-03-11 10:53:12	MarkDuplicates	Tracking 1864 as yet unmatched pairs. 1864 records in RAM.
INFO	2025-03-11 10:53:14	MarkDuplicates	Read    30,000,000 records.  Elapsed time: 00:01:07s.  Time for last 1,000,000:    2s.  Last read position: NC_010456.5:41,390,073
INFO	2025-03-11 10:53:14	MarkDuplicates	Tracking 25 as yet unmatched pairs. 25 records in RAM.
INFO	2025-03-11 10:53:16	MarkDuplicates	Read    31,000,000 records.  Elapsed time: 00:01:09s.  Time for last 1,000,000:    2s.  Last read position: NC_010456.5:76,457,762
INFO	2025-03-11 10:53:16	MarkDuplicates	Tracking 247 as yet unmatched pairs. 247 records in RAM.
INFO	2025-03-11 10:53:19	MarkDuplicates	Read    32,000,000 records.  Elapsed time: 00:01:12s.  Time for last 1,000,000:    2s.  Last read position: NC_010457.5:33,580,792
INFO	2025-03-11 10:53:19	MarkDuplicates	Tracking 926 as yet unmatched pairs. 926 records in RAM.
INFO	2025-03-11 10:53:21	MarkDuplicates	Read    33,000,000 records.  Elapsed time: 00:01:14s.  Time for last 1,000,000:    2s.  Last read position: NC_010457.5:109,431,411
INFO	2025-03-11 10:53:21	MarkDuplicates	Tracking 432 as yet unmatched pairs. 432 records in RAM.
INFO	2025-03-11 10:53:23	MarkDuplicates	Read    34,000,000 records.  Elapsed time: 00:01:16s.  Time for last 1,000,000:    2s.  Last read position: NC_010458.4:71,980,603
INFO	2025-03-11 10:53:23	MarkDuplicates	Tracking 1006 as yet unmatched pairs. 1006 records in RAM.
INFO	2025-03-11 10:53:26	MarkDuplicates	Read    35,000,000 records.  Elapsed time: 00:01:19s.  Time for last 1,000,000:    2s.  Last read position: NC_010459.5:62,518,118
INFO	2025-03-11 10:53:26	MarkDuplicates	Tracking 5409 as yet unmatched pairs. 5409 records in RAM.
INFO	2025-03-11 10:53:28	MarkDuplicates	Read    36,000,000 records.  Elapsed time: 00:01:21s.  Time for last 1,000,000:    2s.  Last read position: NC_010461.5:40,145,805
INFO	2025-03-11 10:53:28	MarkDuplicates	Tracking 28 as yet unmatched pairs. 28 records in RAM.
INFO	2025-03-11 10:53:30	MarkDuplicates	Read    37,000,000 records.  Elapsed time: 00:01:23s.  Time for last 1,000,000:    2s.  Last read position: NW_018084912.1:13,191
INFO	2025-03-11 10:53:30	MarkDuplicates	Tracking 3430 as yet unmatched pairs. 3430 records in RAM.
INFO	2025-03-11 10:53:32	MarkDuplicates	Read    38,000,000 records.  Elapsed time: 00:01:25s.  Time for last 1,000,000:    2s.  Last read position: NW_018085108.1:49,627
INFO	2025-03-11 10:53:32	MarkDuplicates	Tracking 142 as yet unmatched pairs. 142 records in RAM.
INFO	2025-03-11 10:53:34	MarkDuplicates	Read    39,000,000 records.  Elapsed time: 00:01:27s.  Time for last 1,000,000:    2s.  Last read position: NC_000845.1:5,647
INFO	2025-03-11 10:53:34	MarkDuplicates	Tracking 18062 as yet unmatched pairs. 18062 records in RAM.
INFO	2025-03-11 10:53:36	MarkDuplicates	Read    40,000,000 records.  Elapsed time: 00:01:29s.  Time for last 1,000,000:    2s.  Last read position: NC_000845.1:7,163
INFO	2025-03-11 10:53:36	MarkDuplicates	Tracking 114706 as yet unmatched pairs. 114706 records in RAM.
INFO	2025-03-11 10:53:39	MarkDuplicates	Read    41,000,000 records.  Elapsed time: 00:01:32s.  Time for last 1,000,000:    2s.  Last read position: NC_000845.1:7,553
INFO	2025-03-11 10:53:39	MarkDuplicates	Tracking 215474 as yet unmatched pairs. 215474 records in RAM.
INFO	2025-03-11 10:53:41	MarkDuplicates	Read    42,000,000 records.  Elapsed time: 00:01:34s.  Time for last 1,000,000:    2s.  Last read position: NC_000845.1:7,833
INFO	2025-03-11 10:53:41	MarkDuplicates	Tracking 383066 as yet unmatched pairs. 383066 records in RAM.
INFO	2025-03-11 10:53:43	MarkDuplicates	Read    43,000,000 records.  Elapsed time: 00:01:36s.  Time for last 1,000,000:    2s.  Last read position: NC_000845.1:8,446
INFO	2025-03-11 10:53:43	MarkDuplicates	Tracking 115359 as yet unmatched pairs. 115359 records in RAM.
INFO	2025-03-11 10:53:46	MarkDuplicates	Read    44,000,000 records.  Elapsed time: 00:01:39s.  Time for last 1,000,000:    2s.  Last read position: NC_000845.1:9,249
INFO	2025-03-11 10:53:46	MarkDuplicates	Tracking 92819 as yet unmatched pairs. 92819 records in RAM.
INFO	2025-03-11 10:53:48	MarkDuplicates	Read    45,000,000 records.  Elapsed time: 00:01:41s.  Time for last 1,000,000:    2s.  Last read position: NC_000845.1:9,820
INFO	2025-03-11 10:53:48	MarkDuplicates	Tracking 7272 as yet unmatched pairs. 7272 records in RAM.
INFO	2025-03-11 10:53:50	MarkDuplicates	Read    46,000,000 records.  Elapsed time: 00:01:43s.  Time for last 1,000,000:    2s.  Last read position: NC_000845.1:10,316
INFO	2025-03-11 10:53:50	MarkDuplicates	Tracking 187805 as yet unmatched pairs. 187805 records in RAM.
INFO	2025-03-11 10:53:53	MarkDuplicates	Read    47,000,000 records.  Elapsed time: 00:01:46s.  Time for last 1,000,000:    2s.  Last read position: NC_000845.1:13,745
INFO	2025-03-11 10:53:53	MarkDuplicates	Tracking 10170 as yet unmatched pairs. 10170 records in RAM.
INFO	2025-03-11 10:53:55	MarkDuplicates	Read    48,000,000 records.  Elapsed time: 00:01:48s.  Time for last 1,000,000:    2s.  Last read position: NC_000845.1:16,160
INFO	2025-03-11 10:53:55	MarkDuplicates	Tracking 68649 as yet unmatched pairs. 68649 records in RAM.
INFO	2025-03-11 10:53:55	MarkDuplicates	Read 48182906 records. 0 pairs never matched.
INFO	2025-03-11 10:53:56	MarkDuplicates	After buildSortedReadEndLists freeMemory: 5392352824; totalMemory: 13354663936; maxMemory: 32178700288
INFO	2025-03-11 10:53:56	MarkDuplicates	Will retain up to 1005584384 duplicate indices before spilling to disk.
INFO	2025-03-11 10:53:58	MarkDuplicates	Traversing read pair information and detecting duplicates.
INFO	2025-03-11 10:54:03	OpticalDuplicateFinder	Large duplicate set. size = 1023
INFO	2025-03-11 10:54:03	OpticalDuplicateFinder	compared         1,000 ReadEnds to others.  Elapsed time: 00:00:00s.  Time for last 1,000:    0s.  Last read position: 0:-32,442
INFO	2025-03-11 10:54:04	OpticalDuplicateFinder	Large duplicate set. size = 2075
INFO	2025-03-11 10:54:04	OpticalDuplicateFinder	compared         1,000 ReadEnds to others.  Elapsed time: 00:00:00s.  Time for last 1,000:    0s.  Last read position: 0:30,043
INFO	2025-03-11 10:54:04	OpticalDuplicateFinder	compared         2,000 ReadEnds to others.  Elapsed time: 00:00:00s.  Time for last 1,000:    0s.  Last read position: 0:28,870
INFO	2025-03-11 10:54:04	OpticalDuplicateFinder	Large duplicate set. size = 2291
INFO	2025-03-11 10:54:04	OpticalDuplicateFinder	compared         1,000 ReadEnds to others.  Elapsed time: 00:00:00s.  Time for last 1,000:    0s.  Last read position: 0:30,763
INFO	2025-03-11 10:54:04	OpticalDuplicateFinder	compared         2,000 ReadEnds to others.  Elapsed time: 00:00:00s.  Time for last 1,000:    0s.  Last read position: 0:30,245
INFO	2025-03-11 10:54:04	OpticalDuplicateFinder	Large duplicate set. size = 1049
INFO	2025-03-11 10:54:04	OpticalDuplicateFinder	compared         1,000 ReadEnds to others.  Elapsed time: 00:00:00s.  Time for last 1,000:    0s.  Last read position: 0:18,479
INFO	2025-03-11 10:54:04	OpticalDuplicateFinder	Large duplicate set. size = 1224
INFO	2025-03-11 10:54:04	OpticalDuplicateFinder	compared         1,000 ReadEnds to others.  Elapsed time: 00:00:00s.  Time for last 1,000:    0s.  Last read position: 0:32,115
INFO	2025-03-11 10:54:04	OpticalDuplicateFinder	Large duplicate set. size = 1367
INFO	2025-03-11 10:54:04	OpticalDuplicateFinder	compared         1,000 ReadEnds to others.  Elapsed time: 00:00:00s.  Time for last 1,000:    0s.  Last read position: 0:17,435
INFO	2025-03-11 10:54:04	OpticalDuplicateFinder	Large duplicate set. size = 1558
INFO	2025-03-11 10:54:04	OpticalDuplicateFinder	compared         1,000 ReadEnds to others.  Elapsed time: 00:00:00s.  Time for last 1,000:    0s.  Last read position: 0:28,667
INFO	2025-03-11 10:54:04	OpticalDuplicateFinder	Large duplicate set. size = 1093
INFO	2025-03-11 10:54:04	OpticalDuplicateFinder	compared         1,000 ReadEnds to others.  Elapsed time: 00:00:00s.  Time for last 1,000:    0s.  Last read position: 0:27,502
INFO	2025-03-11 10:54:04	OpticalDuplicateFinder	Large duplicate set. size = 1294
INFO	2025-03-11 10:54:04	OpticalDuplicateFinder	compared         1,000 ReadEnds to others.  Elapsed time: 00:00:00s.  Time for last 1,000:    0s.  Last read position: 0:9,019
INFO	2025-03-11 10:54:04	OpticalDuplicateFinder	Large duplicate set. size = 1384
INFO	2025-03-11 10:54:04	OpticalDuplicateFinder	compared         1,000 ReadEnds to others.  Elapsed time: 00:00:00s.  Time for last 1,000:    0s.  Last read position: 0:22,970
INFO	2025-03-11 10:54:04	OpticalDuplicateFinder	Large duplicate set. size = 1511
INFO	2025-03-11 10:54:04	OpticalDuplicateFinder	compared         1,000 ReadEnds to others.  Elapsed time: 00:00:00s.  Time for last 1,000:    0s.  Last read position: 0:-29,319
INFO	2025-03-11 10:54:04	OpticalDuplicateFinder	Large duplicate set. size = 1687
INFO	2025-03-11 10:54:04	OpticalDuplicateFinder	compared         1,000 ReadEnds to others.  Elapsed time: 00:00:00s.  Time for last 1,000:    0s.  Last read position: 0:-30,039
INFO	2025-03-11 10:54:04	OpticalDuplicateFinder	Large duplicate set. size = 1967
INFO	2025-03-11 10:54:04	OpticalDuplicateFinder	compared         1,000 ReadEnds to others.  Elapsed time: 00:00:00s.  Time for last 1,000:    0s.  Last read position: 0:-21,485
INFO	2025-03-11 10:54:04	OpticalDuplicateFinder	Large duplicate set. size = 1051
INFO	2025-03-11 10:54:04	OpticalDuplicateFinder	compared         1,000 ReadEnds to others.  Elapsed time: 00:00:00s.  Time for last 1,000:    0s.  Last read position: 0:5,289
INFO	2025-03-11 10:54:04	OpticalDuplicateFinder	Large duplicate set. size = 1162
INFO	2025-03-11 10:54:04	OpticalDuplicateFinder	compared         1,000 ReadEnds to others.  Elapsed time: 00:00:00s.  Time for last 1,000:    0s.  Last read position: 0:19,086
INFO	2025-03-11 10:54:04	OpticalDuplicateFinder	Large duplicate set. size = 1011
INFO	2025-03-11 10:54:04	OpticalDuplicateFinder	compared         1,000 ReadEnds to others.  Elapsed time: 00:00:00s.  Time for last 1,000:    0s.  Last read position: 0:-29,011
INFO	2025-03-11 10:54:04	OpticalDuplicateFinder	Large duplicate set. size = 1131
INFO	2025-03-11 10:54:04	OpticalDuplicateFinder	compared         1,000 ReadEnds to others.  Elapsed time: 00:00:00s.  Time for last 1,000:    0s.  Last read position: 0:20,599
INFO	2025-03-11 10:54:04	OpticalDuplicateFinder	Large duplicate set. size = 1082
INFO	2025-03-11 10:54:04	OpticalDuplicateFinder	compared         1,000 ReadEnds to others.  Elapsed time: 00:00:00s.  Time for last 1,000:    0s.  Last read position: 0:15,736
INFO	2025-03-11 10:54:04	OpticalDuplicateFinder	Large duplicate set. size = 1084
INFO	2025-03-11 10:54:04	OpticalDuplicateFinder	compared         1,000 ReadEnds to others.  Elapsed time: 00:00:00s.  Time for last 1,000:    0s.  Last read position: 0:-27,749
INFO	2025-03-11 10:54:05	OpticalDuplicateFinder	Large duplicate set. size = 1061
INFO	2025-03-11 10:54:05	OpticalDuplicateFinder	compared         1,000 ReadEnds to others.  Elapsed time: 00:00:00s.  Time for last 1,000:    0s.  Last read position: 0:24,095
INFO	2025-03-11 10:54:05	OpticalDuplicateFinder	Large duplicate set. size = 1199
INFO	2025-03-11 10:54:05	OpticalDuplicateFinder	compared         1,000 ReadEnds to others.  Elapsed time: 00:00:00s.  Time for last 1,000:    0s.  Last read position: 0:26,062
INFO	2025-03-11 10:54:05	OpticalDuplicateFinder	Large duplicate set. size = 1047
INFO	2025-03-11 10:54:05	OpticalDuplicateFinder	compared         1,000 ReadEnds to others.  Elapsed time: 00:00:00s.  Time for last 1,000:    0s.  Last read position: 0:15,728
INFO	2025-03-11 10:54:05	OpticalDuplicateFinder	Large duplicate set. size = 1078
INFO	2025-03-11 10:54:05	OpticalDuplicateFinder	compared         1,000 ReadEnds to others.  Elapsed time: 00:00:00s.  Time for last 1,000:    0s.  Last read position: 0:-22,278
INFO	2025-03-11 10:54:05	MarkDuplicates	Traversing fragment information and detecting duplicates.
INFO	2025-03-11 10:54:09	MarkDuplicates	Sorting list of duplicate records.
INFO	2025-03-11 10:54:10	MarkDuplicates	After generateDuplicateIndexes freeMemory: 13344653048; totalMemory: 21403533312; maxMemory: 32178700288
INFO	2025-03-11 10:54:10	MarkDuplicates	Marking 18061030 records as duplicates.
INFO	2025-03-11 10:54:10	MarkDuplicates	Found 1207981 optical duplicate clusters.
INFO	2025-03-11 10:54:10	MarkDuplicates	Reads are assumed to be ordered by: coordinate
INFO	2025-03-11 10:54:48	MarkDuplicates	Written    10,000,000 records.  Elapsed time: 00:00:38s.  Time for last 10,000,000:   38s.  Last read position: NC_010448.4:47,647,252
INFO	2025-03-11 10:55:27	MarkDuplicates	Written    20,000,000 records.  Elapsed time: 00:01:16s.  Time for last 10,000,000:   38s.  Last read position: NC_010455.5:32,697,128
INFO	2025-03-11 10:56:13	MarkDuplicates	Written    30,000,000 records.  Elapsed time: 00:02:02s.  Time for last 10,000,000:   45s.  Last read position: NC_000845.1:15,728
INFO	2025-03-11 10:56:13	MarkDuplicates	Writing complete. Closing input iterator.
INFO	2025-03-11 10:56:13	MarkDuplicates	Duplicate Index cleanup.
INFO	2025-03-11 10:56:13	MarkDuplicates	Getting Memory Stats.
INFO	2025-03-11 10:56:14	MarkDuplicates	Before output close freeMemory: 312400448; totalMemory: 322961408; maxMemory: 32178700288
INFO	2025-03-11 10:56:14	MarkDuplicates	Closed outputs. Getting more Memory Stats.
INFO	2025-03-11 10:56:14	MarkDuplicates	After output close freeMemory: 103525920; totalMemory: 113246208; maxMemory: 32178700288
[Tue Mar 11 10:56:14 PDT 2025] picard.sam.markduplicates.MarkDuplicates done. Elapsed time: 4.13 minutes.
Runtime.totalMemory()=113246208
100000 GFF lines processed.
200000 GFF lines processed.
300000 GFF lines processed.
400000 GFF lines processed.
500000 GFF lines processed.
600000 GFF lines processed.
700000 GFF lines processed.
800000 GFF lines processed.
900000 GFF lines processed.
1000000 GFF lines processed.
1100000 GFF lines processed.
1200000 GFF lines processed.
1300000 GFF lines processed.
1400000 GFF lines processed.
1500000 GFF lines processed.
1600000 GFF lines processed.
1700000 GFF lines processed.
1800000 GFF lines processed.
1900000 GFF lines processed.
2000000 GFF lines processed.
2009927 GFF lines processed.
100000 alignment record pairs processed.
200000 alignment record pairs processed.
300000 alignment record pairs processed.
400000 alignment record pairs processed.
500000 alignment record pairs processed.
600000 alignment record pairs processed.
700000 alignment record pairs processed.
800000 alignment record pairs processed.
900000 alignment record pairs processed.
1000000 alignment record pairs processed.
1100000 alignment record pairs processed.
1200000 alignment record pairs processed.
1300000 alignment record pairs processed.
1400000 alignment record pairs processed.
1500000 alignment record pairs processed.
1600000 alignment record pairs processed.
1700000 alignment record pairs processed.
1800000 alignment record pairs processed.
1900000 alignment record pairs processed.
2000000 alignment record pairs processed.
2100000 alignment record pairs processed.
2200000 alignment record pairs processed.
2300000 alignment record pairs processed.
2400000 alignment record pairs processed.
2500000 alignment record pairs processed.
2600000 alignment record pairs processed.
2700000 alignment record pairs processed.
2800000 alignment record pairs processed.
2900000 alignment record pairs processed.
3000000 alignment record pairs processed.
3100000 alignment record pairs processed.
3200000 alignment record pairs processed.
3300000 alignment record pairs processed.
3400000 alignment record pairs processed.
3500000 alignment record pairs processed.
3600000 alignment record pairs processed.
3700000 alignment record pairs processed.
3800000 alignment record pairs processed.
3900000 alignment record pairs processed.
4000000 alignment record pairs processed.
4100000 alignment record pairs processed.
4200000 alignment record pairs processed.
4300000 alignment record pairs processed.
4400000 alignment record pairs processed.
4500000 alignment record pairs processed.
4600000 alignment record pairs processed.
4700000 alignment record pairs processed.
4800000 alignment record pairs processed.
4900000 alignment record pairs processed.
5000000 alignment record pairs processed.
5100000 alignment record pairs processed.
5200000 alignment record pairs processed.
5300000 alignment record pairs processed.
5400000 alignment record pairs processed.
5500000 alignment record pairs processed.
5600000 alignment record pairs processed.
5700000 alignment record pairs processed.
5800000 alignment record pairs processed.
5900000 alignment record pairs processed.
6000000 alignment record pairs processed.
6100000 alignment record pairs processed.
6200000 alignment record pairs processed.
6300000 alignment record pairs processed.
6400000 alignment record pairs processed.
6500000 alignment record pairs processed.
6600000 alignment record pairs processed.
6700000 alignment record pairs processed.
6800000 alignment record pairs processed.
6900000 alignment record pairs processed.
7000000 alignment record pairs processed.
7100000 alignment record pairs processed.
7200000 alignment record pairs processed.
7300000 alignment record pairs processed.
7400000 alignment record pairs processed.
7500000 alignment record pairs processed.
7600000 alignment record pairs processed.
7700000 alignment record pairs processed.
7800000 alignment record pairs processed.
7900000 alignment record pairs processed.
8000000 alignment record pairs processed.
8100000 alignment record pairs processed.
8200000 alignment record pairs processed.
8300000 alignment record pairs processed.
8400000 alignment record pairs processed.
8500000 alignment record pairs processed.
8600000 alignment record pairs processed.
8700000 alignment record pairs processed.
8800000 alignment record pairs processed.
8900000 alignment record pairs processed.
9000000 alignment record pairs processed.
9100000 alignment record pairs processed.
9200000 alignment record pairs processed.
9300000 alignment record pairs processed.
9400000 alignment record pairs processed.
9500000 alignment record pairs processed.
9600000 alignment record pairs processed.
9700000 alignment record pairs processed.
9800000 alignment record pairs processed.
9900000 alignment record pairs processed.
10000000 alignment record pairs processed.
10100000 alignment record pairs processed.
10200000 alignment record pairs processed.
10300000 alignment record pairs processed.
10400000 alignment record pairs processed.
10500000 alignment record pairs processed.
10600000 alignment record pairs processed.
10700000 alignment record pairs processed.
10800000 alignment record pairs processed.
10900000 alignment record pairs processed.
11000000 alignment record pairs processed.
11100000 alignment record pairs processed.
11200000 alignment record pairs processed.
11300000 alignment record pairs processed.
11400000 alignment record pairs processed.
11500000 alignment record pairs processed.
11600000 alignment record pairs processed.
11700000 alignment record pairs processed.
11800000 alignment record pairs processed.
11900000 alignment record pairs processed.
12000000 alignment record pairs processed.
12100000 alignment record pairs processed.
12200000 alignment record pairs processed.
12300000 alignment record pairs processed.
12400000 alignment record pairs processed.
12500000 alignment record pairs processed.
12600000 alignment record pairs processed.
12700000 alignment record pairs processed.
12800000 alignment record pairs processed.
12900000 alignment record pairs processed.
13000000 alignment record pairs processed.
13100000 alignment record pairs processed.
13200000 alignment record pairs processed.
13300000 alignment record pairs processed.
13400000 alignment record pairs processed.
13500000 alignment record pairs processed.
13600000 alignment record pairs processed.
13700000 alignment record pairs processed.
13800000 alignment record pairs processed.
13900000 alignment record pairs processed.
13965696 alignment record pairs processed.
