[bam_sort_core] merging from 19 files and 1 in-memory blocks...
10:55:05.229 INFO  NativeLibraryLoader - Loading libgkl_compression.so from jar:file:/opt/apps/picard-tools/2.27.1/picard.jar!/com/intel/gkl/native/libgkl_compression.so
[Tue Mar 11 10:55:05 PDT 2025] MarkDuplicates --SORTING_COLLECTION_SIZE_RATIO 0.8 --INPUT /tmp/itamburi/36400727/n82_sorted.bam --OUTPUT /tmp/itamburi/36400727/n82_dd.bam --METRICS_FILE /tmp/itamburi/36400727/n82_mrkdp_met.txt --REMOVE_DUPLICATES true --ASSUME_SORTED true --VALIDATION_STRINGENCY SILENT --COMPRESSION_LEVEL 0 --MAX_SEQUENCES_FOR_DISK_READ_ENDS_MAP 50000 --MAX_FILE_HANDLES_FOR_READ_ENDS_MAP 8000 --TAG_DUPLICATE_SET_MEMBERS false --REMOVE_SEQUENCING_DUPLICATES false --TAGGING_POLICY DontTag --CLEAR_DT true --DUPLEX_UMI false --ADD_PG_TAG_TO_READS true --DUPLICATE_SCORING_STRATEGY SUM_OF_BASE_QUALITIES --PROGRAM_RECORD_ID MarkDuplicates --PROGRAM_GROUP_NAME MarkDuplicates --READ_NAME_REGEX <optimized capture of last three ':' separated fields as numeric values> --OPTICAL_DUPLICATE_PIXEL_DISTANCE 100 --MAX_OPTICAL_DUPLICATE_SET_SIZE 300000 --VERBOSITY INFO --QUIET false --MAX_RECORDS_IN_RAM 500000 --CREATE_INDEX false --CREATE_MD5_FILE false --GA4GH_CLIENT_SECRETS client_secrets.json --help false --version false --showHidden false --USE_JDK_DEFLATER false --USE_JDK_INFLATER false
[Tue Mar 11 10:55:05 PDT 2025] Executing as itamburi@hpc3-22-02 on Linux 4.18.0-553.22.1.el8_10.x86_64 amd64; OpenJDK 64-Bit Server VM 11.0.25+9-LTS; Deflater: Intel; Inflater: Intel; Provider GCS is not available; Picard version: Version:unspecified-SNAPSHOT
INFO	2025-03-11 10:55:05	MarkDuplicates	Start of doWork freeMemory: 219773760; totalMemory: 226492416; maxMemory: 32178700288
INFO	2025-03-11 10:55:05	MarkDuplicates	Reading input file and constructing read end information.
INFO	2025-03-11 10:55:05	MarkDuplicates	Will retain up to 373086380 data points before spilling to disk.
INFO	2025-03-11 10:55:08	MarkDuplicates	Read     1,000,000 records.  Elapsed time: 00:00:02s.  Time for last 1,000,000:    2s.  Last read position: NC_010443.5:136,286,289
INFO	2025-03-11 10:55:08	MarkDuplicates	Tracking 4516 as yet unmatched pairs. 4516 records in RAM.
INFO	2025-03-11 10:55:10	MarkDuplicates	Read     2,000,000 records.  Elapsed time: 00:00:04s.  Time for last 1,000,000:    2s.  Last read position: NC_010444.4:4,395,373
INFO	2025-03-11 10:55:10	MarkDuplicates	Tracking 52 as yet unmatched pairs. 52 records in RAM.
INFO	2025-03-11 10:55:12	MarkDuplicates	Read     3,000,000 records.  Elapsed time: 00:00:07s.  Time for last 1,000,000:    2s.  Last read position: NC_010444.4:15,151,908
INFO	2025-03-11 10:55:12	MarkDuplicates	Tracking 15 as yet unmatched pairs. 15 records in RAM.
INFO	2025-03-11 10:55:15	MarkDuplicates	Read     4,000,000 records.  Elapsed time: 00:00:09s.  Time for last 1,000,000:    2s.  Last read position: NC_010444.4:77,657,027
INFO	2025-03-11 10:55:15	MarkDuplicates	Tracking 83 as yet unmatched pairs. 83 records in RAM.
INFO	2025-03-11 10:55:17	MarkDuplicates	Read     5,000,000 records.  Elapsed time: 00:00:11s.  Time for last 1,000,000:    2s.  Last read position: NC_010445.4:17,517,089
INFO	2025-03-11 10:55:17	MarkDuplicates	Tracking 6 as yet unmatched pairs. 6 records in RAM.
INFO	2025-03-11 10:55:19	MarkDuplicates	Read     6,000,000 records.  Elapsed time: 00:00:13s.  Time for last 1,000,000:    2s.  Last read position: NC_010445.4:102,986,208
INFO	2025-03-11 10:55:19	MarkDuplicates	Tracking 98 as yet unmatched pairs. 98 records in RAM.
INFO	2025-03-11 10:55:21	MarkDuplicates	Read     7,000,000 records.  Elapsed time: 00:00:15s.  Time for last 1,000,000:    2s.  Last read position: NC_010446.5:93,493,308
INFO	2025-03-11 10:55:21	MarkDuplicates	Tracking 119 as yet unmatched pairs. 119 records in RAM.
INFO	2025-03-11 10:55:24	MarkDuplicates	Read     8,000,000 records.  Elapsed time: 00:00:18s.  Time for last 1,000,000:    2s.  Last read position: NC_010447.5:14,838,336
INFO	2025-03-11 10:55:24	MarkDuplicates	Tracking 278 as yet unmatched pairs. 278 records in RAM.
INFO	2025-03-11 10:55:26	MarkDuplicates	Read     9,000,000 records.  Elapsed time: 00:00:20s.  Time for last 1,000,000:    2s.  Last read position: NC_010447.5:77,118,315
INFO	2025-03-11 10:55:26	MarkDuplicates	Tracking 62 as yet unmatched pairs. 62 records in RAM.
INFO	2025-03-11 10:55:28	MarkDuplicates	Read    10,000,000 records.  Elapsed time: 00:00:22s.  Time for last 1,000,000:    2s.  Last read position: NC_010448.4:51,704,237
INFO	2025-03-11 10:55:28	MarkDuplicates	Tracking 7056 as yet unmatched pairs. 7056 records in RAM.
INFO	2025-03-11 10:55:30	MarkDuplicates	Read    11,000,000 records.  Elapsed time: 00:00:24s.  Time for last 1,000,000:    2s.  Last read position: NC_010448.4:63,100,960
INFO	2025-03-11 10:55:30	MarkDuplicates	Tracking 142 as yet unmatched pairs. 142 records in RAM.
INFO	2025-03-11 10:55:32	MarkDuplicates	Read    12,000,000 records.  Elapsed time: 00:00:27s.  Time for last 1,000,000:    2s.  Last read position: NC_010448.4:160,165,660
INFO	2025-03-11 10:55:32	MarkDuplicates	Tracking 36 as yet unmatched pairs. 36 records in RAM.
INFO	2025-03-11 10:55:35	MarkDuplicates	Read    13,000,000 records.  Elapsed time: 00:00:29s.  Time for last 1,000,000:    2s.  Last read position: NC_010449.5:40,683,288
INFO	2025-03-11 10:55:35	MarkDuplicates	Tracking 215 as yet unmatched pairs. 215 records in RAM.
INFO	2025-03-11 10:55:37	MarkDuplicates	Read    14,000,000 records.  Elapsed time: 00:00:31s.  Time for last 1,000,000:    2s.  Last read position: NC_010449.5:75,671,983
INFO	2025-03-11 10:55:37	MarkDuplicates	Tracking 31368 as yet unmatched pairs. 31368 records in RAM.
INFO	2025-03-11 10:55:39	MarkDuplicates	Read    15,000,000 records.  Elapsed time: 00:00:33s.  Time for last 1,000,000:    2s.  Last read position: NC_010450.4:71,665,581
INFO	2025-03-11 10:55:39	MarkDuplicates	Tracking 1058 as yet unmatched pairs. 1058 records in RAM.
INFO	2025-03-11 10:55:41	MarkDuplicates	Read    16,000,000 records.  Elapsed time: 00:00:35s.  Time for last 1,000,000:    2s.  Last read position: NC_010451.4:9,628,084
INFO	2025-03-11 10:55:41	MarkDuplicates	Tracking 1049 as yet unmatched pairs. 1049 records in RAM.
INFO	2025-03-11 10:55:43	MarkDuplicates	Read    17,000,000 records.  Elapsed time: 00:00:37s.  Time for last 1,000,000:    2s.  Last read position: NC_010452.4:23,749,423
INFO	2025-03-11 10:55:43	MarkDuplicates	Tracking 8427 as yet unmatched pairs. 8427 records in RAM.
INFO	2025-03-11 10:55:45	MarkDuplicates	Read    18,000,000 records.  Elapsed time: 00:00:39s.  Time for last 1,000,000:    2s.  Last read position: NC_010453.5:77,159,371
INFO	2025-03-11 10:55:45	MarkDuplicates	Tracking 379 as yet unmatched pairs. 379 records in RAM.
INFO	2025-03-11 10:55:48	MarkDuplicates	Read    19,000,000 records.  Elapsed time: 00:00:42s.  Time for last 1,000,000:    2s.  Last read position: NC_010454.4:44,134,686
INFO	2025-03-11 10:55:48	MarkDuplicates	Tracking 40 as yet unmatched pairs. 40 records in RAM.
INFO	2025-03-11 10:55:50	MarkDuplicates	Read    20,000,000 records.  Elapsed time: 00:00:44s.  Time for last 1,000,000:    2s.  Last read position: NC_010455.5:31,738,642
INFO	2025-03-11 10:55:50	MarkDuplicates	Tracking 448 as yet unmatched pairs. 448 records in RAM.
INFO	2025-03-11 10:55:52	MarkDuplicates	Read    21,000,000 records.  Elapsed time: 00:00:46s.  Time for last 1,000,000:    2s.  Last read position: NC_010455.5:197,512,366
INFO	2025-03-11 10:55:52	MarkDuplicates	Tracking 1086 as yet unmatched pairs. 1086 records in RAM.
INFO	2025-03-11 10:55:54	MarkDuplicates	Read    22,000,000 records.  Elapsed time: 00:00:48s.  Time for last 1,000,000:    2s.  Last read position: NC_010456.5:47,762,857
INFO	2025-03-11 10:55:54	MarkDuplicates	Tracking 10 as yet unmatched pairs. 10 records in RAM.
INFO	2025-03-11 10:55:57	MarkDuplicates	Read    23,000,000 records.  Elapsed time: 00:00:51s.  Time for last 1,000,000:    2s.  Last read position: NC_010456.5:124,048,467
INFO	2025-03-11 10:55:57	MarkDuplicates	Tracking 143 as yet unmatched pairs. 143 records in RAM.
INFO	2025-03-11 10:55:59	MarkDuplicates	Read    24,000,000 records.  Elapsed time: 00:00:53s.  Time for last 1,000,000:    2s.  Last read position: NC_010457.5:121,291,080
INFO	2025-03-11 10:55:59	MarkDuplicates	Tracking 34 as yet unmatched pairs. 34 records in RAM.
INFO	2025-03-11 10:56:01	MarkDuplicates	Read    25,000,000 records.  Elapsed time: 00:00:55s.  Time for last 1,000,000:    2s.  Last read position: NC_010459.5:39,788,277
INFO	2025-03-11 10:56:01	MarkDuplicates	Tracking 159 as yet unmatched pairs. 159 records in RAM.
INFO	2025-03-11 10:56:04	MarkDuplicates	Read    26,000,000 records.  Elapsed time: 00:00:58s.  Time for last 1,000,000:    2s.  Last read position: NC_010461.5:42,079,568
INFO	2025-03-11 10:56:04	MarkDuplicates	Tracking 56 as yet unmatched pairs. 56 records in RAM.
INFO	2025-03-11 10:56:06	MarkDuplicates	Read    27,000,000 records.  Elapsed time: 00:01:00s.  Time for last 1,000,000:    2s.  Last read position: NW_018084979.1:1,650,261
INFO	2025-03-11 10:56:06	MarkDuplicates	Tracking 244 as yet unmatched pairs. 244 records in RAM.
INFO	2025-03-11 10:56:08	MarkDuplicates	Read    28,000,000 records.  Elapsed time: 00:01:02s.  Time for last 1,000,000:    1s.  Last read position: NC_000845.1:1,676
INFO	2025-03-11 10:56:08	MarkDuplicates	Tracking 4575 as yet unmatched pairs. 4575 records in RAM.
INFO	2025-03-11 10:56:10	MarkDuplicates	Read    29,000,000 records.  Elapsed time: 00:01:04s.  Time for last 1,000,000:    2s.  Last read position: NC_000845.1:5,353
INFO	2025-03-11 10:56:10	MarkDuplicates	Tracking 50003 as yet unmatched pairs. 50003 records in RAM.
INFO	2025-03-11 10:56:12	MarkDuplicates	Read    30,000,000 records.  Elapsed time: 00:01:06s.  Time for last 1,000,000:    2s.  Last read position: NC_000845.1:6,727
INFO	2025-03-11 10:56:12	MarkDuplicates	Tracking 117306 as yet unmatched pairs. 117306 records in RAM.
INFO	2025-03-11 10:56:14	MarkDuplicates	Read    31,000,000 records.  Elapsed time: 00:01:08s.  Time for last 1,000,000:    2s.  Last read position: NC_000845.1:7,147
INFO	2025-03-11 10:56:14	MarkDuplicates	Tracking 120043 as yet unmatched pairs. 120043 records in RAM.
INFO	2025-03-11 10:56:16	MarkDuplicates	Read    32,000,000 records.  Elapsed time: 00:01:10s.  Time for last 1,000,000:    2s.  Last read position: NC_000845.1:7,484
INFO	2025-03-11 10:56:16	MarkDuplicates	Tracking 179147 as yet unmatched pairs. 179147 records in RAM.
INFO	2025-03-11 10:56:19	MarkDuplicates	Read    33,000,000 records.  Elapsed time: 00:01:13s.  Time for last 1,000,000:    2s.  Last read position: NC_000845.1:7,789
INFO	2025-03-11 10:56:19	MarkDuplicates	Tracking 271639 as yet unmatched pairs. 271639 records in RAM.
INFO	2025-03-11 10:56:21	MarkDuplicates	Read    34,000,000 records.  Elapsed time: 00:01:15s.  Time for last 1,000,000:    2s.  Last read position: NC_000845.1:7,977
INFO	2025-03-11 10:56:21	MarkDuplicates	Tracking 38065 as yet unmatched pairs. 38065 records in RAM.
INFO	2025-03-11 10:56:23	MarkDuplicates	Read    35,000,000 records.  Elapsed time: 00:01:17s.  Time for last 1,000,000:    2s.  Last read position: NC_000845.1:8,593
INFO	2025-03-11 10:56:23	MarkDuplicates	Tracking 190336 as yet unmatched pairs. 190336 records in RAM.
INFO	2025-03-11 10:56:25	MarkDuplicates	Read    36,000,000 records.  Elapsed time: 00:01:19s.  Time for last 1,000,000:    2s.  Last read position: NC_000845.1:9,196
INFO	2025-03-11 10:56:25	MarkDuplicates	Tracking 162789 as yet unmatched pairs. 162789 records in RAM.
INFO	2025-03-11 10:56:27	MarkDuplicates	Read    37,000,000 records.  Elapsed time: 00:01:21s.  Time for last 1,000,000:    2s.  Last read position: NC_000845.1:9,469
INFO	2025-03-11 10:56:27	MarkDuplicates	Tracking 260254 as yet unmatched pairs. 260254 records in RAM.
INFO	2025-03-11 10:56:29	MarkDuplicates	Read    38,000,000 records.  Elapsed time: 00:01:24s.  Time for last 1,000,000:    2s.  Last read position: NC_000845.1:9,902
INFO	2025-03-11 10:56:29	MarkDuplicates	Tracking 203860 as yet unmatched pairs. 203860 records in RAM.
INFO	2025-03-11 10:56:32	MarkDuplicates	Read    39,000,000 records.  Elapsed time: 00:01:26s.  Time for last 1,000,000:    2s.  Last read position: NC_000845.1:10,254
INFO	2025-03-11 10:56:32	MarkDuplicates	Tracking 180466 as yet unmatched pairs. 180466 records in RAM.
INFO	2025-03-11 10:56:34	MarkDuplicates	Read    40,000,000 records.  Elapsed time: 00:01:28s.  Time for last 1,000,000:    2s.  Last read position: NC_000845.1:11,449
INFO	2025-03-11 10:56:34	MarkDuplicates	Tracking 31412 as yet unmatched pairs. 31412 records in RAM.
INFO	2025-03-11 10:56:36	MarkDuplicates	Read    41,000,000 records.  Elapsed time: 00:01:31s.  Time for last 1,000,000:    2s.  Last read position: NC_000845.1:13,299
INFO	2025-03-11 10:56:36	MarkDuplicates	Tracking 21684 as yet unmatched pairs. 21684 records in RAM.
INFO	2025-03-11 10:56:39	MarkDuplicates	Read    42,000,000 records.  Elapsed time: 00:01:33s.  Time for last 1,000,000:    2s.  Last read position: NC_000845.1:14,937
INFO	2025-03-11 10:56:39	MarkDuplicates	Tracking 66650 as yet unmatched pairs. 66650 records in RAM.
INFO	2025-03-11 10:56:41	MarkDuplicates	Read    43,000,000 records.  Elapsed time: 00:01:35s.  Time for last 1,000,000:    2s.  Last read position: NC_000845.1:16,106
INFO	2025-03-11 10:56:41	MarkDuplicates	Tracking 64990 as yet unmatched pairs. 64990 records in RAM.
INFO	2025-03-11 10:56:42	MarkDuplicates	Read 43332370 records. 0 pairs never matched.
INFO	2025-03-11 10:56:43	MarkDuplicates	After buildSortedReadEndLists freeMemory: 5071341232; totalMemory: 12536774656; maxMemory: 32178700288
INFO	2025-03-11 10:56:43	MarkDuplicates	Will retain up to 1005584384 duplicate indices before spilling to disk.
INFO	2025-03-11 10:56:44	MarkDuplicates	Traversing read pair information and detecting duplicates.
INFO	2025-03-11 10:56:49	OpticalDuplicateFinder	Large duplicate set. size = 1428
INFO	2025-03-11 10:56:49	OpticalDuplicateFinder	compared         1,000 ReadEnds to others.  Elapsed time: 00:00:00s.  Time for last 1,000:    0s.  Last read position: 0:5,556
INFO	2025-03-11 10:56:49	OpticalDuplicateFinder	Large duplicate set. size = 1167
INFO	2025-03-11 10:56:49	OpticalDuplicateFinder	compared         1,000 ReadEnds to others.  Elapsed time: 00:00:00s.  Time for last 1,000:    0s.  Last read position: 0:-17,544
INFO	2025-03-11 10:56:49	OpticalDuplicateFinder	Large duplicate set. size = 1105
INFO	2025-03-11 10:56:49	OpticalDuplicateFinder	compared         1,000 ReadEnds to others.  Elapsed time: 00:00:00s.  Time for last 1,000:    0s.  Last read position: 0:-25,483
INFO	2025-03-11 10:56:49	OpticalDuplicateFinder	Large duplicate set. size = 1027
INFO	2025-03-11 10:56:49	OpticalDuplicateFinder	compared         1,000 ReadEnds to others.  Elapsed time: 00:00:00s.  Time for last 1,000:    0s.  Last read position: 0:21,611
INFO	2025-03-11 10:56:49	OpticalDuplicateFinder	Large duplicate set. size = 1139
INFO	2025-03-11 10:56:49	OpticalDuplicateFinder	compared         1,000 ReadEnds to others.  Elapsed time: 00:00:00s.  Time for last 1,000:    0s.  Last read position: 0:-26,616
INFO	2025-03-11 10:56:50	OpticalDuplicateFinder	Large duplicate set. size = 1223
INFO	2025-03-11 10:56:50	OpticalDuplicateFinder	compared         1,000 ReadEnds to others.  Elapsed time: 00:00:00s.  Time for last 1,000:    0s.  Last read position: 0:20,988
INFO	2025-03-11 10:56:50	OpticalDuplicateFinder	Large duplicate set. size = 1386
INFO	2025-03-11 10:56:50	OpticalDuplicateFinder	compared         1,000 ReadEnds to others.  Elapsed time: 00:00:00s.  Time for last 1,000:    0s.  Last read position: 0:-32,345
INFO	2025-03-11 10:56:50	OpticalDuplicateFinder	Large duplicate set. size = 1458
INFO	2025-03-11 10:56:50	OpticalDuplicateFinder	compared         1,000 ReadEnds to others.  Elapsed time: 00:00:00s.  Time for last 1,000:    0s.  Last read position: 0:22,024
INFO	2025-03-11 10:56:50	OpticalDuplicateFinder	Large duplicate set. size = 1650
INFO	2025-03-11 10:56:50	OpticalDuplicateFinder	compared         1,000 ReadEnds to others.  Elapsed time: 00:00:00s.  Time for last 1,000:    0s.  Last read position: 0:9,424
INFO	2025-03-11 10:56:50	OpticalDuplicateFinder	Large duplicate set. size = 1092
INFO	2025-03-11 10:56:50	OpticalDuplicateFinder	compared         1,000 ReadEnds to others.  Elapsed time: 00:00:00s.  Time for last 1,000:    0s.  Last read position: 0:-25,556
INFO	2025-03-11 10:56:50	OpticalDuplicateFinder	Large duplicate set. size = 1154
INFO	2025-03-11 10:56:50	OpticalDuplicateFinder	compared         1,000 ReadEnds to others.  Elapsed time: 00:00:00s.  Time for last 1,000:    0s.  Last read position: 0:22,954
INFO	2025-03-11 10:56:50	OpticalDuplicateFinder	Large duplicate set. size = 1116
INFO	2025-03-11 10:56:50	OpticalDuplicateFinder	compared         1,000 ReadEnds to others.  Elapsed time: 00:00:00s.  Time for last 1,000:    0s.  Last read position: 0:-17,261
INFO	2025-03-11 10:56:50	OpticalDuplicateFinder	Large duplicate set. size = 1531
INFO	2025-03-11 10:56:50	OpticalDuplicateFinder	compared         1,000 ReadEnds to others.  Elapsed time: 00:00:00s.  Time for last 1,000:    0s.  Last read position: 0:-27,522
INFO	2025-03-11 10:56:50	OpticalDuplicateFinder	Large duplicate set. size = 1710
INFO	2025-03-11 10:56:50	OpticalDuplicateFinder	compared         1,000 ReadEnds to others.  Elapsed time: 00:00:00s.  Time for last 1,000:    0s.  Last read position: 0:-28,145
INFO	2025-03-11 10:56:52	MarkDuplicates	Traversing fragment information and detecting duplicates.
INFO	2025-03-11 10:56:56	MarkDuplicates	Sorting list of duplicate records.
INFO	2025-03-11 10:56:57	MarkDuplicates	After generateDuplicateIndexes freeMemory: 12526766128; totalMemory: 20585644032; maxMemory: 32178700288
INFO	2025-03-11 10:56:57	MarkDuplicates	Marking 20807660 records as duplicates.
INFO	2025-03-11 10:56:57	MarkDuplicates	Found 1029324 optical duplicate clusters.
INFO	2025-03-11 10:56:57	MarkDuplicates	Reads are assumed to be ordered by: coordinate
INFO	2025-03-11 10:57:37	MarkDuplicates	Written    10,000,000 records.  Elapsed time: 00:00:39s.  Time for last 10,000,000:   39s.  Last read position: NC_010449.5:75,702,080
INFO	2025-03-11 10:58:15	MarkDuplicates	Written    20,000,000 records.  Elapsed time: 00:01:18s.  Time for last 10,000,000:   38s.  Last read position: NW_018085108.1:50,754
INFO	2025-03-11 10:58:38	MarkDuplicates	Writing complete. Closing input iterator.
INFO	2025-03-11 10:58:38	MarkDuplicates	Duplicate Index cleanup.
INFO	2025-03-11 10:58:38	MarkDuplicates	Getting Memory Stats.
INFO	2025-03-11 10:58:38	MarkDuplicates	Before output close freeMemory: 299785752; totalMemory: 310378496; maxMemory: 32178700288
INFO	2025-03-11 10:58:38	MarkDuplicates	Closed outputs. Getting more Memory Stats.
INFO	2025-03-11 10:58:38	MarkDuplicates	After output close freeMemory: 103493920; totalMemory: 113246208; maxMemory: 32178700288
[Tue Mar 11 10:58:38 PDT 2025] picard.sam.markduplicates.MarkDuplicates done. Elapsed time: 3.56 minutes.
Runtime.totalMemory()=113246208
100000 GFF lines processed.
200000 GFF lines processed.
300000 GFF lines processed.
400000 GFF lines processed.
500000 GFF lines processed.
600000 GFF lines processed.
700000 GFF lines processed.
800000 GFF lines processed.
900000 GFF lines processed.
1000000 GFF lines processed.
1100000 GFF lines processed.
1200000 GFF lines processed.
1300000 GFF lines processed.
1400000 GFF lines processed.
1500000 GFF lines processed.
1600000 GFF lines processed.
1700000 GFF lines processed.
1800000 GFF lines processed.
1900000 GFF lines processed.
2000000 GFF lines processed.
2009927 GFF lines processed.
100000 alignment record pairs processed.
200000 alignment record pairs processed.
300000 alignment record pairs processed.
400000 alignment record pairs processed.
500000 alignment record pairs processed.
600000 alignment record pairs processed.
700000 alignment record pairs processed.
800000 alignment record pairs processed.
900000 alignment record pairs processed.
1000000 alignment record pairs processed.
1100000 alignment record pairs processed.
1200000 alignment record pairs processed.
1300000 alignment record pairs processed.
1400000 alignment record pairs processed.
1500000 alignment record pairs processed.
1600000 alignment record pairs processed.
1700000 alignment record pairs processed.
1800000 alignment record pairs processed.
1900000 alignment record pairs processed.
2000000 alignment record pairs processed.
2100000 alignment record pairs processed.
2200000 alignment record pairs processed.
2300000 alignment record pairs processed.
2400000 alignment record pairs processed.
2500000 alignment record pairs processed.
2600000 alignment record pairs processed.
2700000 alignment record pairs processed.
2800000 alignment record pairs processed.
2900000 alignment record pairs processed.
3000000 alignment record pairs processed.
3100000 alignment record pairs processed.
3200000 alignment record pairs processed.
3300000 alignment record pairs processed.
3400000 alignment record pairs processed.
3500000 alignment record pairs processed.
3600000 alignment record pairs processed.
3700000 alignment record pairs processed.
3800000 alignment record pairs processed.
3900000 alignment record pairs processed.
4000000 alignment record pairs processed.
4100000 alignment record pairs processed.
4200000 alignment record pairs processed.
4300000 alignment record pairs processed.
4400000 alignment record pairs processed.
4500000 alignment record pairs processed.
4600000 alignment record pairs processed.
4700000 alignment record pairs processed.
4800000 alignment record pairs processed.
4900000 alignment record pairs processed.
5000000 alignment record pairs processed.
5100000 alignment record pairs processed.
5200000 alignment record pairs processed.
5300000 alignment record pairs processed.
5400000 alignment record pairs processed.
5500000 alignment record pairs processed.
5600000 alignment record pairs processed.
5700000 alignment record pairs processed.
5800000 alignment record pairs processed.
5900000 alignment record pairs processed.
6000000 alignment record pairs processed.
6100000 alignment record pairs processed.
6200000 alignment record pairs processed.
6300000 alignment record pairs processed.
6400000 alignment record pairs processed.
6500000 alignment record pairs processed.
6600000 alignment record pairs processed.
6700000 alignment record pairs processed.
6800000 alignment record pairs processed.
6900000 alignment record pairs processed.
7000000 alignment record pairs processed.
7100000 alignment record pairs processed.
7200000 alignment record pairs processed.
7300000 alignment record pairs processed.
7400000 alignment record pairs processed.
7500000 alignment record pairs processed.
7600000 alignment record pairs processed.
7700000 alignment record pairs processed.
7800000 alignment record pairs processed.
7900000 alignment record pairs processed.
8000000 alignment record pairs processed.
8100000 alignment record pairs processed.
8200000 alignment record pairs processed.
8300000 alignment record pairs processed.
8400000 alignment record pairs processed.
8500000 alignment record pairs processed.
8600000 alignment record pairs processed.
8700000 alignment record pairs processed.
8800000 alignment record pairs processed.
8900000 alignment record pairs processed.
9000000 alignment record pairs processed.
9100000 alignment record pairs processed.
9200000 alignment record pairs processed.
9300000 alignment record pairs processed.
9400000 alignment record pairs processed.
9500000 alignment record pairs processed.
9600000 alignment record pairs processed.
9700000 alignment record pairs processed.
9800000 alignment record pairs processed.
9900000 alignment record pairs processed.
10000000 alignment record pairs processed.
10100000 alignment record pairs processed.
10200000 alignment record pairs processed.
10292098 alignment record pairs processed.
