[bam_sort_core] merging from 24 files and 1 in-memory blocks...
10:54:47.285 INFO  NativeLibraryLoader - Loading libgkl_compression.so from jar:file:/opt/apps/picard-tools/2.27.1/picard.jar!/com/intel/gkl/native/libgkl_compression.so
[Tue Mar 11 10:54:47 PDT 2025] MarkDuplicates --SORTING_COLLECTION_SIZE_RATIO 0.8 --INPUT /tmp/itamburi/36400673/n26_sorted.bam --OUTPUT /tmp/itamburi/36400673/n26_dd.bam --METRICS_FILE /tmp/itamburi/36400673/n26_mrkdp_met.txt --REMOVE_DUPLICATES true --ASSUME_SORTED true --VALIDATION_STRINGENCY SILENT --COMPRESSION_LEVEL 0 --MAX_SEQUENCES_FOR_DISK_READ_ENDS_MAP 50000 --MAX_FILE_HANDLES_FOR_READ_ENDS_MAP 8000 --TAG_DUPLICATE_SET_MEMBERS false --REMOVE_SEQUENCING_DUPLICATES false --TAGGING_POLICY DontTag --CLEAR_DT true --DUPLEX_UMI false --ADD_PG_TAG_TO_READS true --DUPLICATE_SCORING_STRATEGY SUM_OF_BASE_QUALITIES --PROGRAM_RECORD_ID MarkDuplicates --PROGRAM_GROUP_NAME MarkDuplicates --READ_NAME_REGEX <optimized capture of last three ':' separated fields as numeric values> --OPTICAL_DUPLICATE_PIXEL_DISTANCE 100 --MAX_OPTICAL_DUPLICATE_SET_SIZE 300000 --VERBOSITY INFO --QUIET false --MAX_RECORDS_IN_RAM 500000 --CREATE_INDEX false --CREATE_MD5_FILE false --GA4GH_CLIENT_SECRETS client_secrets.json --help false --version false --showHidden false --USE_JDK_DEFLATER false --USE_JDK_INFLATER false
[Tue Mar 11 10:54:47 PDT 2025] Executing as itamburi@hpc3-21-07 on Linux 4.18.0-553.22.1.el8_10.x86_64 amd64; OpenJDK 64-Bit Server VM 11.0.25+9-LTS; Deflater: Intel; Inflater: Intel; Provider GCS is not available; Picard version: Version:unspecified-SNAPSHOT
INFO	2025-03-11 10:54:47	MarkDuplicates	Start of doWork freeMemory: 219774320; totalMemory: 226492416; maxMemory: 32178700288
INFO	2025-03-11 10:54:47	MarkDuplicates	Reading input file and constructing read end information.
INFO	2025-03-11 10:54:47	MarkDuplicates	Will retain up to 373086380 data points before spilling to disk.
INFO	2025-03-11 10:54:50	MarkDuplicates	Read     1,000,000 records.  Elapsed time: 00:00:02s.  Time for last 1,000,000:    2s.  Last read position: NC_010443.5:108,995,162
INFO	2025-03-11 10:54:50	MarkDuplicates	Tracking 6318 as yet unmatched pairs. 6318 records in RAM.
INFO	2025-03-11 10:54:52	MarkDuplicates	Read     2,000,000 records.  Elapsed time: 00:00:04s.  Time for last 1,000,000:    2s.  Last read position: NC_010443.5:203,447,269
INFO	2025-03-11 10:54:52	MarkDuplicates	Tracking 1953 as yet unmatched pairs. 1953 records in RAM.
INFO	2025-03-11 10:54:55	MarkDuplicates	Read     3,000,000 records.  Elapsed time: 00:00:07s.  Time for last 1,000,000:    2s.  Last read position: NC_010444.4:1,472,410
INFO	2025-03-11 10:54:55	MarkDuplicates	Tracking 212 as yet unmatched pairs. 212 records in RAM.
INFO	2025-03-11 10:54:57	MarkDuplicates	Read     4,000,000 records.  Elapsed time: 00:00:09s.  Time for last 1,000,000:    2s.  Last read position: NC_010444.4:15,031,304
INFO	2025-03-11 10:54:57	MarkDuplicates	Tracking 617 as yet unmatched pairs. 617 records in RAM.
INFO	2025-03-11 10:54:59	MarkDuplicates	Read     5,000,000 records.  Elapsed time: 00:00:11s.  Time for last 1,000,000:    2s.  Last read position: NC_010444.4:65,956,243
INFO	2025-03-11 10:54:59	MarkDuplicates	Tracking 32 as yet unmatched pairs. 32 records in RAM.
INFO	2025-03-11 10:55:01	MarkDuplicates	Read     6,000,000 records.  Elapsed time: 00:00:13s.  Time for last 1,000,000:    2s.  Last read position: NC_010444.4:89,814,165
INFO	2025-03-11 10:55:01	MarkDuplicates	Tracking 2231 as yet unmatched pairs. 2231 records in RAM.
INFO	2025-03-11 10:55:04	MarkDuplicates	Read     7,000,000 records.  Elapsed time: 00:00:16s.  Time for last 1,000,000:    2s.  Last read position: NC_010445.4:8,583,284
INFO	2025-03-11 10:55:04	MarkDuplicates	Tracking 289 as yet unmatched pairs. 289 records in RAM.
INFO	2025-03-11 10:55:06	MarkDuplicates	Read     8,000,000 records.  Elapsed time: 00:00:18s.  Time for last 1,000,000:    2s.  Last read position: NC_010445.4:40,858,311
INFO	2025-03-11 10:55:06	MarkDuplicates	Tracking 62 as yet unmatched pairs. 62 records in RAM.
INFO	2025-03-11 10:55:08	MarkDuplicates	Read     9,000,000 records.  Elapsed time: 00:00:20s.  Time for last 1,000,000:    2s.  Last read position: NC_010445.4:110,523,921
INFO	2025-03-11 10:55:08	MarkDuplicates	Tracking 12 as yet unmatched pairs. 12 records in RAM.
INFO	2025-03-11 10:55:10	MarkDuplicates	Read    10,000,000 records.  Elapsed time: 00:00:22s.  Time for last 1,000,000:    2s.  Last read position: NC_010446.5:62,572,258
INFO	2025-03-11 10:55:10	MarkDuplicates	Tracking 29 as yet unmatched pairs. 29 records in RAM.
INFO	2025-03-11 10:55:13	MarkDuplicates	Read    11,000,000 records.  Elapsed time: 00:00:25s.  Time for last 1,000,000:    2s.  Last read position: NC_010446.5:110,540,240
INFO	2025-03-11 10:55:13	MarkDuplicates	Tracking 26 as yet unmatched pairs. 26 records in RAM.
INFO	2025-03-11 10:55:15	MarkDuplicates	Read    12,000,000 records.  Elapsed time: 00:00:27s.  Time for last 1,000,000:    2s.  Last read position: NC_010447.5:19,486,233
INFO	2025-03-11 10:55:15	MarkDuplicates	Tracking 288 as yet unmatched pairs. 288 records in RAM.
INFO	2025-03-11 10:55:17	MarkDuplicates	Read    13,000,000 records.  Elapsed time: 00:00:29s.  Time for last 1,000,000:    2s.  Last read position: NC_010447.5:64,129,855
INFO	2025-03-11 10:55:17	MarkDuplicates	Tracking 20375 as yet unmatched pairs. 20375 records in RAM.
INFO	2025-03-11 10:55:19	MarkDuplicates	Read    14,000,000 records.  Elapsed time: 00:00:31s.  Time for last 1,000,000:    2s.  Last read position: NC_010448.4:17,223,275
INFO	2025-03-11 10:55:19	MarkDuplicates	Tracking 2 as yet unmatched pairs. 2 records in RAM.
INFO	2025-03-11 10:55:21	MarkDuplicates	Read    15,000,000 records.  Elapsed time: 00:00:33s.  Time for last 1,000,000:    2s.  Last read position: NC_010448.4:51,707,114
INFO	2025-03-11 10:55:21	MarkDuplicates	Tracking 9574 as yet unmatched pairs. 9574 records in RAM.
INFO	2025-03-11 10:55:24	MarkDuplicates	Read    16,000,000 records.  Elapsed time: 00:00:36s.  Time for last 1,000,000:    2s.  Last read position: NC_010448.4:59,368,473
INFO	2025-03-11 10:55:24	MarkDuplicates	Tracking 22106 as yet unmatched pairs. 22106 records in RAM.
INFO	2025-03-11 10:55:26	MarkDuplicates	Read    17,000,000 records.  Elapsed time: 00:00:38s.  Time for last 1,000,000:    2s.  Last read position: NC_010448.4:84,135,915
INFO	2025-03-11 10:55:26	MarkDuplicates	Tracking 16 as yet unmatched pairs. 16 records in RAM.
INFO	2025-03-11 10:55:28	MarkDuplicates	Read    18,000,000 records.  Elapsed time: 00:00:40s.  Time for last 1,000,000:    2s.  Last read position: NC_010448.4:168,629,583
INFO	2025-03-11 10:55:28	MarkDuplicates	Tracking 72 as yet unmatched pairs. 72 records in RAM.
INFO	2025-03-11 10:55:30	MarkDuplicates	Read    19,000,000 records.  Elapsed time: 00:00:42s.  Time for last 1,000,000:    2s.  Last read position: NC_010449.5:38,222,728
INFO	2025-03-11 10:55:30	MarkDuplicates	Tracking 40 as yet unmatched pairs. 40 records in RAM.
INFO	2025-03-11 10:55:32	MarkDuplicates	Read    20,000,000 records.  Elapsed time: 00:00:44s.  Time for last 1,000,000:    2s.  Last read position: NC_010449.5:75,662,139
INFO	2025-03-11 10:55:32	MarkDuplicates	Tracking 18765 as yet unmatched pairs. 18765 records in RAM.
INFO	2025-03-11 10:55:34	MarkDuplicates	Read    21,000,000 records.  Elapsed time: 00:00:46s.  Time for last 1,000,000:    2s.  Last read position: NC_010449.5:75,669,798
INFO	2025-03-11 10:55:34	MarkDuplicates	Tracking 48536 as yet unmatched pairs. 48536 records in RAM.
INFO	2025-03-11 10:55:36	MarkDuplicates	Read    22,000,000 records.  Elapsed time: 00:00:48s.  Time for last 1,000,000:    1s.  Last read position: NC_010449.5:75,702,129
INFO	2025-03-11 10:55:36	MarkDuplicates	Tracking 5658 as yet unmatched pairs. 5658 records in RAM.
INFO	2025-03-11 10:55:39	MarkDuplicates	Read    23,000,000 records.  Elapsed time: 00:00:51s.  Time for last 1,000,000:    2s.  Last read position: NC_010450.4:41,020,676
INFO	2025-03-11 10:55:39	MarkDuplicates	Tracking 54 as yet unmatched pairs. 54 records in RAM.
INFO	2025-03-11 10:55:41	MarkDuplicates	Read    24,000,000 records.  Elapsed time: 00:00:53s.  Time for last 1,000,000:    2s.  Last read position: NC_010451.4:4,701,308
INFO	2025-03-11 10:55:41	MarkDuplicates	Tracking 8806 as yet unmatched pairs. 8806 records in RAM.
INFO	2025-03-11 10:55:43	MarkDuplicates	Read    25,000,000 records.  Elapsed time: 00:00:55s.  Time for last 1,000,000:    2s.  Last read position: NC_010451.4:99,430,318
INFO	2025-03-11 10:55:43	MarkDuplicates	Tracking 17 as yet unmatched pairs. 17 records in RAM.
INFO	2025-03-11 10:55:45	MarkDuplicates	Read    26,000,000 records.  Elapsed time: 00:00:57s.  Time for last 1,000,000:    2s.  Last read position: NC_010452.4:23,752,985
INFO	2025-03-11 10:55:45	MarkDuplicates	Tracking 19083 as yet unmatched pairs. 19083 records in RAM.
INFO	2025-03-11 10:55:47	MarkDuplicates	Read    27,000,000 records.  Elapsed time: 00:00:59s.  Time for last 1,000,000:    2s.  Last read position: NC_010453.5:21,930,922
INFO	2025-03-11 10:55:47	MarkDuplicates	Tracking 11616 as yet unmatched pairs. 11616 records in RAM.
INFO	2025-03-11 10:55:50	MarkDuplicates	Read    28,000,000 records.  Elapsed time: 00:01:02s.  Time for last 1,000,000:    2s.  Last read position: NC_010454.4:20,063,464
INFO	2025-03-11 10:55:50	MarkDuplicates	Tracking 162 as yet unmatched pairs. 162 records in RAM.
INFO	2025-03-11 10:55:52	MarkDuplicates	Read    29,000,000 records.  Elapsed time: 00:01:04s.  Time for last 1,000,000:    2s.  Last read position: NC_010454.4:51,954,705
INFO	2025-03-11 10:55:52	MarkDuplicates	Tracking 2258 as yet unmatched pairs. 2258 records in RAM.
INFO	2025-03-11 10:55:54	MarkDuplicates	Read    30,000,000 records.  Elapsed time: 00:01:06s.  Time for last 1,000,000:    2s.  Last read position: NC_010455.5:29,730,587
INFO	2025-03-11 10:55:54	MarkDuplicates	Tracking 15841 as yet unmatched pairs. 15841 records in RAM.
INFO	2025-03-11 10:55:56	MarkDuplicates	Read    31,000,000 records.  Elapsed time: 00:01:08s.  Time for last 1,000,000:    2s.  Last read position: NC_010455.5:71,908,492
INFO	2025-03-11 10:55:56	MarkDuplicates	Tracking 106 as yet unmatched pairs. 106 records in RAM.
INFO	2025-03-11 10:55:58	MarkDuplicates	Read    32,000,000 records.  Elapsed time: 00:01:10s.  Time for last 1,000,000:    2s.  Last read position: NC_010455.5:207,983,442
INFO	2025-03-11 10:55:58	MarkDuplicates	Tracking 62 as yet unmatched pairs. 62 records in RAM.
INFO	2025-03-11 10:56:01	MarkDuplicates	Read    33,000,000 records.  Elapsed time: 00:01:13s.  Time for last 1,000,000:    2s.  Last read position: NC_010456.5:32,210,007
INFO	2025-03-11 10:56:01	MarkDuplicates	Tracking 16119 as yet unmatched pairs. 16119 records in RAM.
INFO	2025-03-11 10:56:03	MarkDuplicates	Read    34,000,000 records.  Elapsed time: 00:01:15s.  Time for last 1,000,000:    2s.  Last read position: NC_010456.5:60,414,582
INFO	2025-03-11 10:56:03	MarkDuplicates	Tracking 15118 as yet unmatched pairs. 15118 records in RAM.
INFO	2025-03-11 10:56:05	MarkDuplicates	Read    35,000,000 records.  Elapsed time: 00:01:17s.  Time for last 1,000,000:    2s.  Last read position: NC_010456.5:111,647,073
INFO	2025-03-11 10:56:05	MarkDuplicates	Tracking 62 as yet unmatched pairs. 62 records in RAM.
INFO	2025-03-11 10:56:07	MarkDuplicates	Read    36,000,000 records.  Elapsed time: 00:01:19s.  Time for last 1,000,000:    2s.  Last read position: NC_010457.5:66,698,909
INFO	2025-03-11 10:56:07	MarkDuplicates	Tracking 45 as yet unmatched pairs. 45 records in RAM.
INFO	2025-03-11 10:56:10	MarkDuplicates	Read    37,000,000 records.  Elapsed time: 00:01:22s.  Time for last 1,000,000:    2s.  Last read position: NC_010457.5:126,762,161
INFO	2025-03-11 10:56:10	MarkDuplicates	Tracking 8 as yet unmatched pairs. 8 records in RAM.
INFO	2025-03-11 10:56:12	MarkDuplicates	Read    38,000,000 records.  Elapsed time: 00:01:24s.  Time for last 1,000,000:    2s.  Last read position: NC_010459.5:13,704,120
INFO	2025-03-11 10:56:12	MarkDuplicates	Tracking 98 as yet unmatched pairs. 98 records in RAM.
INFO	2025-03-11 10:56:14	MarkDuplicates	Read    39,000,000 records.  Elapsed time: 00:01:26s.  Time for last 1,000,000:    2s.  Last read position: NC_010459.5:62,570,011
INFO	2025-03-11 10:56:14	MarkDuplicates	Tracking 17 as yet unmatched pairs. 17 records in RAM.
INFO	2025-03-11 10:56:17	MarkDuplicates	Read    40,000,000 records.  Elapsed time: 00:01:29s.  Time for last 1,000,000:    2s.  Last read position: NC_010461.5:27,029,550
INFO	2025-03-11 10:56:17	MarkDuplicates	Tracking 79 as yet unmatched pairs. 79 records in RAM.
INFO	2025-03-11 10:56:19	MarkDuplicates	Read    41,000,000 records.  Elapsed time: 00:01:31s.  Time for last 1,000,000:    2s.  Last read position: NW_018084912.1:7,595
INFO	2025-03-11 10:56:19	MarkDuplicates	Tracking 1 as yet unmatched pairs. 1 records in RAM.
INFO	2025-03-11 10:56:21	MarkDuplicates	Read    42,000,000 records.  Elapsed time: 00:01:33s.  Time for last 1,000,000:    2s.  Last read position: NW_018085108.1:51,555
INFO	2025-03-11 10:56:21	MarkDuplicates	Tracking 1123 as yet unmatched pairs. 1123 records in RAM.
INFO	2025-03-11 10:56:23	MarkDuplicates	Read    43,000,000 records.  Elapsed time: 00:01:35s.  Time for last 1,000,000:    2s.  Last read position: NC_000845.1:5,837
INFO	2025-03-11 10:56:23	MarkDuplicates	Tracking 31864 as yet unmatched pairs. 31864 records in RAM.
INFO	2025-03-11 10:56:25	MarkDuplicates	Read    44,000,000 records.  Elapsed time: 00:01:37s.  Time for last 1,000,000:    2s.  Last read position: NC_000845.1:7,047
INFO	2025-03-11 10:56:25	MarkDuplicates	Tracking 98794 as yet unmatched pairs. 98794 records in RAM.
INFO	2025-03-11 10:56:28	MarkDuplicates	Read    45,000,000 records.  Elapsed time: 00:01:40s.  Time for last 1,000,000:    2s.  Last read position: NC_000845.1:7,493
INFO	2025-03-11 10:56:28	MarkDuplicates	Tracking 115307 as yet unmatched pairs. 115307 records in RAM.
INFO	2025-03-11 10:56:30	MarkDuplicates	Read    46,000,000 records.  Elapsed time: 00:01:42s.  Time for last 1,000,000:    2s.  Last read position: NC_000845.1:7,854
INFO	2025-03-11 10:56:30	MarkDuplicates	Tracking 218193 as yet unmatched pairs. 218193 records in RAM.
INFO	2025-03-11 10:56:32	MarkDuplicates	Read    47,000,000 records.  Elapsed time: 00:01:44s.  Time for last 1,000,000:    2s.  Last read position: NC_000845.1:8,598
INFO	2025-03-11 10:56:32	MarkDuplicates	Tracking 116880 as yet unmatched pairs. 116880 records in RAM.
INFO	2025-03-11 10:56:34	MarkDuplicates	Read    48,000,000 records.  Elapsed time: 00:01:46s.  Time for last 1,000,000:    2s.  Last read position: NC_000845.1:9,359
INFO	2025-03-11 10:56:34	MarkDuplicates	Tracking 113301 as yet unmatched pairs. 113301 records in RAM.
INFO	2025-03-11 10:56:37	MarkDuplicates	Read    49,000,000 records.  Elapsed time: 00:01:49s.  Time for last 1,000,000:    2s.  Last read position: NC_000845.1:9,897
INFO	2025-03-11 10:56:37	MarkDuplicates	Tracking 166506 as yet unmatched pairs. 166506 records in RAM.
INFO	2025-03-11 10:56:39	MarkDuplicates	Read    50,000,000 records.  Elapsed time: 00:01:51s.  Time for last 1,000,000:    2s.  Last read position: NC_000845.1:10,384
INFO	2025-03-11 10:56:39	MarkDuplicates	Tracking 84318 as yet unmatched pairs. 84318 records in RAM.
INFO	2025-03-11 10:56:41	MarkDuplicates	Read    51,000,000 records.  Elapsed time: 00:01:53s.  Time for last 1,000,000:    2s.  Last read position: NC_000845.1:13,290
INFO	2025-03-11 10:56:41	MarkDuplicates	Tracking 13287 as yet unmatched pairs. 13287 records in RAM.
INFO	2025-03-11 10:56:43	MarkDuplicates	Read    52,000,000 records.  Elapsed time: 00:01:55s.  Time for last 1,000,000:    2s.  Last read position: NC_000845.1:15,872
INFO	2025-03-11 10:56:43	MarkDuplicates	Tracking 38819 as yet unmatched pairs. 38819 records in RAM.
INFO	2025-03-11 10:56:44	MarkDuplicates	Read 52363200 records. 0 pairs never matched.
INFO	2025-03-11 10:56:45	MarkDuplicates	After buildSortedReadEndLists freeMemory: 5701010144; totalMemory: 14109638656; maxMemory: 32178700288
INFO	2025-03-11 10:56:45	MarkDuplicates	Will retain up to 1005584384 duplicate indices before spilling to disk.
INFO	2025-03-11 10:56:47	MarkDuplicates	Traversing read pair information and detecting duplicates.
INFO	2025-03-11 10:56:51	OpticalDuplicateFinder	Large duplicate set. size = 1207
INFO	2025-03-11 10:56:51	OpticalDuplicateFinder	compared         1,000 ReadEnds to others.  Elapsed time: 00:00:00s.  Time for last 1,000:    0s.  Last read position: 0:-31,147
INFO	2025-03-11 10:56:51	OpticalDuplicateFinder	Large duplicate set. size = 1393
INFO	2025-03-11 10:56:51	OpticalDuplicateFinder	compared         1,000 ReadEnds to others.  Elapsed time: 00:00:00s.  Time for last 1,000:    0s.  Last read position: 0:13,600
INFO	2025-03-11 10:56:52	OpticalDuplicateFinder	Large duplicate set. size = 1107
INFO	2025-03-11 10:56:52	OpticalDuplicateFinder	compared         1,000 ReadEnds to others.  Elapsed time: 00:00:00s.  Time for last 1,000:    0s.  Last read position: 0:24,815
INFO	2025-03-11 10:56:52	OpticalDuplicateFinder	Large duplicate set. size = 1038
INFO	2025-03-11 10:56:52	OpticalDuplicateFinder	compared         1,000 ReadEnds to others.  Elapsed time: 00:00:00s.  Time for last 1,000:    0s.  Last read position: 0:-30,346
INFO	2025-03-11 10:56:53	OpticalDuplicateFinder	Large duplicate set. size = 1063
INFO	2025-03-11 10:56:53	OpticalDuplicateFinder	compared         1,000 ReadEnds to others.  Elapsed time: 00:00:00s.  Time for last 1,000:    0s.  Last read position: 0:17,791
INFO	2025-03-11 10:56:54	MarkDuplicates	Traversing fragment information and detecting duplicates.
INFO	2025-03-11 10:56:58	MarkDuplicates	Sorting list of duplicate records.
INFO	2025-03-11 10:56:59	MarkDuplicates	After generateDuplicateIndexes freeMemory: 14099635856; totalMemory: 22158508032; maxMemory: 32178700288
INFO	2025-03-11 10:56:59	MarkDuplicates	Marking 18720502 records as duplicates.
INFO	2025-03-11 10:56:59	MarkDuplicates	Found 1356945 optical duplicate clusters.
INFO	2025-03-11 10:56:59	MarkDuplicates	Reads are assumed to be ordered by: coordinate
INFO	2025-03-11 10:57:37	MarkDuplicates	Written    10,000,000 records.  Elapsed time: 00:00:37s.  Time for last 10,000,000:   37s.  Last read position: NC_010447.5:62,964,269
INFO	2025-03-11 10:58:16	MarkDuplicates	Written    20,000,000 records.  Elapsed time: 00:01:16s.  Time for last 10,000,000:   38s.  Last read position: NC_010453.5:16,573,300
INFO	2025-03-11 10:58:54	MarkDuplicates	Written    30,000,000 records.  Elapsed time: 00:01:54s.  Time for last 10,000,000:   38s.  Last read position: NC_010461.5:46,219,325
INFO	2025-03-11 10:59:15	MarkDuplicates	Writing complete. Closing input iterator.
INFO	2025-03-11 10:59:15	MarkDuplicates	Duplicate Index cleanup.
INFO	2025-03-11 10:59:15	MarkDuplicates	Getting Memory Stats.
INFO	2025-03-11 10:59:16	MarkDuplicates	Before output close freeMemory: 299825560; totalMemory: 310378496; maxMemory: 32178700288
INFO	2025-03-11 10:59:16	MarkDuplicates	Closed outputs. Getting more Memory Stats.
INFO	2025-03-11 10:59:16	MarkDuplicates	After output close freeMemory: 103533848; totalMemory: 113246208; maxMemory: 32178700288
[Tue Mar 11 10:59:16 PDT 2025] picard.sam.markduplicates.MarkDuplicates done. Elapsed time: 4.48 minutes.
Runtime.totalMemory()=113246208
100000 GFF lines processed.
200000 GFF lines processed.
300000 GFF lines processed.
400000 GFF lines processed.
500000 GFF lines processed.
600000 GFF lines processed.
700000 GFF lines processed.
800000 GFF lines processed.
900000 GFF lines processed.
1000000 GFF lines processed.
1100000 GFF lines processed.
1200000 GFF lines processed.
1300000 GFF lines processed.
1400000 GFF lines processed.
1500000 GFF lines processed.
1600000 GFF lines processed.
1700000 GFF lines processed.
1800000 GFF lines processed.
1900000 GFF lines processed.
2000000 GFF lines processed.
2009927 GFF lines processed.
100000 alignment record pairs processed.
200000 alignment record pairs processed.
300000 alignment record pairs processed.
400000 alignment record pairs processed.
500000 alignment record pairs processed.
600000 alignment record pairs processed.
700000 alignment record pairs processed.
800000 alignment record pairs processed.
900000 alignment record pairs processed.
1000000 alignment record pairs processed.
1100000 alignment record pairs processed.
1200000 alignment record pairs processed.
1300000 alignment record pairs processed.
1400000 alignment record pairs processed.
1500000 alignment record pairs processed.
1600000 alignment record pairs processed.
1700000 alignment record pairs processed.
1800000 alignment record pairs processed.
1900000 alignment record pairs processed.
2000000 alignment record pairs processed.
2100000 alignment record pairs processed.
2200000 alignment record pairs processed.
2300000 alignment record pairs processed.
2400000 alignment record pairs processed.
2500000 alignment record pairs processed.
2600000 alignment record pairs processed.
2700000 alignment record pairs processed.
2800000 alignment record pairs processed.
2900000 alignment record pairs processed.
3000000 alignment record pairs processed.
3100000 alignment record pairs processed.
3200000 alignment record pairs processed.
3300000 alignment record pairs processed.
3400000 alignment record pairs processed.
3500000 alignment record pairs processed.
3600000 alignment record pairs processed.
3700000 alignment record pairs processed.
3800000 alignment record pairs processed.
3900000 alignment record pairs processed.
4000000 alignment record pairs processed.
4100000 alignment record pairs processed.
4200000 alignment record pairs processed.
4300000 alignment record pairs processed.
4400000 alignment record pairs processed.
4500000 alignment record pairs processed.
4600000 alignment record pairs processed.
4700000 alignment record pairs processed.
4800000 alignment record pairs processed.
4900000 alignment record pairs processed.
5000000 alignment record pairs processed.
5100000 alignment record pairs processed.
5200000 alignment record pairs processed.
5300000 alignment record pairs processed.
5400000 alignment record pairs processed.
5500000 alignment record pairs processed.
5600000 alignment record pairs processed.
5700000 alignment record pairs processed.
5800000 alignment record pairs processed.
5900000 alignment record pairs processed.
6000000 alignment record pairs processed.
6100000 alignment record pairs processed.
6200000 alignment record pairs processed.
6300000 alignment record pairs processed.
6400000 alignment record pairs processed.
6500000 alignment record pairs processed.
6600000 alignment record pairs processed.
6700000 alignment record pairs processed.
6800000 alignment record pairs processed.
6900000 alignment record pairs processed.
7000000 alignment record pairs processed.
7100000 alignment record pairs processed.
7200000 alignment record pairs processed.
7300000 alignment record pairs processed.
7400000 alignment record pairs processed.
7500000 alignment record pairs processed.
7600000 alignment record pairs processed.
7700000 alignment record pairs processed.
7800000 alignment record pairs processed.
7900000 alignment record pairs processed.
8000000 alignment record pairs processed.
8100000 alignment record pairs processed.
8200000 alignment record pairs processed.
8300000 alignment record pairs processed.
8400000 alignment record pairs processed.
8500000 alignment record pairs processed.
8600000 alignment record pairs processed.
8700000 alignment record pairs processed.
8800000 alignment record pairs processed.
8900000 alignment record pairs processed.
9000000 alignment record pairs processed.
9100000 alignment record pairs processed.
9200000 alignment record pairs processed.
9300000 alignment record pairs processed.
9400000 alignment record pairs processed.
9500000 alignment record pairs processed.
9600000 alignment record pairs processed.
9700000 alignment record pairs processed.
9800000 alignment record pairs processed.
9900000 alignment record pairs processed.
10000000 alignment record pairs processed.
10100000 alignment record pairs processed.
10200000 alignment record pairs processed.
10300000 alignment record pairs processed.
10400000 alignment record pairs processed.
10500000 alignment record pairs processed.
10600000 alignment record pairs processed.
10700000 alignment record pairs processed.
10800000 alignment record pairs processed.
10900000 alignment record pairs processed.
11000000 alignment record pairs processed.
11100000 alignment record pairs processed.
11200000 alignment record pairs processed.
11300000 alignment record pairs processed.
11400000 alignment record pairs processed.
11500000 alignment record pairs processed.
11600000 alignment record pairs processed.
11700000 alignment record pairs processed.
11800000 alignment record pairs processed.
11900000 alignment record pairs processed.
12000000 alignment record pairs processed.
12100000 alignment record pairs processed.
12200000 alignment record pairs processed.
12300000 alignment record pairs processed.
12400000 alignment record pairs processed.
12500000 alignment record pairs processed.
12600000 alignment record pairs processed.
12700000 alignment record pairs processed.
12800000 alignment record pairs processed.
12900000 alignment record pairs processed.
13000000 alignment record pairs processed.
13100000 alignment record pairs processed.
13200000 alignment record pairs processed.
13300000 alignment record pairs processed.
13400000 alignment record pairs processed.
13500000 alignment record pairs processed.
13600000 alignment record pairs processed.
13700000 alignment record pairs processed.
13800000 alignment record pairs processed.
13900000 alignment record pairs processed.
14000000 alignment record pairs processed.
14100000 alignment record pairs processed.
14200000 alignment record pairs processed.
14300000 alignment record pairs processed.
14400000 alignment record pairs processed.
14500000 alignment record pairs processed.
14600000 alignment record pairs processed.
14700000 alignment record pairs processed.
14800000 alignment record pairs processed.
14900000 alignment record pairs processed.
15000000 alignment record pairs processed.
15100000 alignment record pairs processed.
15200000 alignment record pairs processed.
15300000 alignment record pairs processed.
15400000 alignment record pairs processed.
15500000 alignment record pairs processed.
15600000 alignment record pairs processed.
15700000 alignment record pairs processed.
15702228 alignment record pairs processed.
