[bam_sort_core] merging from 19 files and 1 in-memory blocks...
10:53:58.972 INFO  NativeLibraryLoader - Loading libgkl_compression.so from jar:file:/opt/apps/picard-tools/2.27.1/picard.jar!/com/intel/gkl/native/libgkl_compression.so
[Tue Mar 11 10:53:58 PDT 2025] MarkDuplicates --SORTING_COLLECTION_SIZE_RATIO 0.8 --INPUT /tmp/itamburi/36400726/n81_sorted.bam --OUTPUT /tmp/itamburi/36400726/n81_dd.bam --METRICS_FILE /tmp/itamburi/36400726/n81_mrkdp_met.txt --REMOVE_DUPLICATES true --ASSUME_SORTED true --VALIDATION_STRINGENCY SILENT --COMPRESSION_LEVEL 0 --MAX_SEQUENCES_FOR_DISK_READ_ENDS_MAP 50000 --MAX_FILE_HANDLES_FOR_READ_ENDS_MAP 8000 --TAG_DUPLICATE_SET_MEMBERS false --REMOVE_SEQUENCING_DUPLICATES false --TAGGING_POLICY DontTag --CLEAR_DT true --DUPLEX_UMI false --ADD_PG_TAG_TO_READS true --DUPLICATE_SCORING_STRATEGY SUM_OF_BASE_QUALITIES --PROGRAM_RECORD_ID MarkDuplicates --PROGRAM_GROUP_NAME MarkDuplicates --READ_NAME_REGEX <optimized capture of last three ':' separated fields as numeric values> --OPTICAL_DUPLICATE_PIXEL_DISTANCE 100 --MAX_OPTICAL_DUPLICATE_SET_SIZE 300000 --VERBOSITY INFO --QUIET false --MAX_RECORDS_IN_RAM 500000 --CREATE_INDEX false --CREATE_MD5_FILE false --GA4GH_CLIENT_SECRETS client_secrets.json --help false --version false --showHidden false --USE_JDK_DEFLATER false --USE_JDK_INFLATER false
[Tue Mar 11 10:53:58 PDT 2025] Executing as itamburi@hpc3-21-27 on Linux 4.18.0-553.22.1.el8_10.x86_64 amd64; OpenJDK 64-Bit Server VM 11.0.25+9-LTS; Deflater: Intel; Inflater: Intel; Provider GCS is not available; Picard version: Version:unspecified-SNAPSHOT
INFO	2025-03-11 10:53:59	MarkDuplicates	Start of doWork freeMemory: 219774320; totalMemory: 226492416; maxMemory: 32178700288
INFO	2025-03-11 10:53:59	MarkDuplicates	Reading input file and constructing read end information.
INFO	2025-03-11 10:53:59	MarkDuplicates	Will retain up to 373086380 data points before spilling to disk.
INFO	2025-03-11 10:54:02	MarkDuplicates	Read     1,000,000 records.  Elapsed time: 00:00:02s.  Time for last 1,000,000:    2s.  Last read position: NC_010443.5:136,281,967
INFO	2025-03-11 10:54:02	MarkDuplicates	Tracking 1655 as yet unmatched pairs. 1655 records in RAM.
INFO	2025-03-11 10:54:04	MarkDuplicates	Read     2,000,000 records.  Elapsed time: 00:00:04s.  Time for last 1,000,000:    2s.  Last read position: NC_010444.4:474,687
INFO	2025-03-11 10:54:04	MarkDuplicates	Tracking 51 as yet unmatched pairs. 51 records in RAM.
INFO	2025-03-11 10:54:06	MarkDuplicates	Read     3,000,000 records.  Elapsed time: 00:00:07s.  Time for last 1,000,000:    2s.  Last read position: NC_010444.4:15,263,324
INFO	2025-03-11 10:54:06	MarkDuplicates	Tracking 2693 as yet unmatched pairs. 2693 records in RAM.
INFO	2025-03-11 10:54:09	MarkDuplicates	Read     4,000,000 records.  Elapsed time: 00:00:09s.  Time for last 1,000,000:    2s.  Last read position: NC_010444.4:76,558,584
INFO	2025-03-11 10:54:09	MarkDuplicates	Tracking 54 as yet unmatched pairs. 54 records in RAM.
INFO	2025-03-11 10:54:11	MarkDuplicates	Read     5,000,000 records.  Elapsed time: 00:00:11s.  Time for last 1,000,000:    2s.  Last read position: NC_010445.4:8,707,655
INFO	2025-03-11 10:54:11	MarkDuplicates	Tracking 23 as yet unmatched pairs. 23 records in RAM.
INFO	2025-03-11 10:54:13	MarkDuplicates	Read     6,000,000 records.  Elapsed time: 00:00:13s.  Time for last 1,000,000:    2s.  Last read position: NC_010445.4:80,868,636
INFO	2025-03-11 10:54:13	MarkDuplicates	Tracking 18 as yet unmatched pairs. 18 records in RAM.
INFO	2025-03-11 10:54:15	MarkDuplicates	Read     7,000,000 records.  Elapsed time: 00:00:15s.  Time for last 1,000,000:    2s.  Last read position: NC_010446.5:79,405,068
INFO	2025-03-11 10:54:15	MarkDuplicates	Tracking 4 as yet unmatched pairs. 4 records in RAM.
INFO	2025-03-11 10:54:17	MarkDuplicates	Read     8,000,000 records.  Elapsed time: 00:00:18s.  Time for last 1,000,000:    2s.  Last read position: NC_010447.5:7,016,455
INFO	2025-03-11 10:54:17	MarkDuplicates	Tracking 402 as yet unmatched pairs. 402 records in RAM.
INFO	2025-03-11 10:54:19	MarkDuplicates	Read     9,000,000 records.  Elapsed time: 00:00:20s.  Time for last 1,000,000:    2s.  Last read position: NC_010447.5:64,130,324
INFO	2025-03-11 10:54:19	MarkDuplicates	Tracking 6718 as yet unmatched pairs. 6718 records in RAM.
INFO	2025-03-11 10:54:22	MarkDuplicates	Read    10,000,000 records.  Elapsed time: 00:00:22s.  Time for last 1,000,000:    2s.  Last read position: NC_010448.4:47,652,567
INFO	2025-03-11 10:54:22	MarkDuplicates	Tracking 178 as yet unmatched pairs. 178 records in RAM.
INFO	2025-03-11 10:54:24	MarkDuplicates	Read    11,000,000 records.  Elapsed time: 00:00:24s.  Time for last 1,000,000:    2s.  Last read position: NC_010448.4:59,369,336
INFO	2025-03-11 10:54:24	MarkDuplicates	Tracking 27682 as yet unmatched pairs. 27682 records in RAM.
INFO	2025-03-11 10:54:26	MarkDuplicates	Read    12,000,000 records.  Elapsed time: 00:00:26s.  Time for last 1,000,000:    2s.  Last read position: NC_010448.4:134,437,262
INFO	2025-03-11 10:54:26	MarkDuplicates	Tracking 62 as yet unmatched pairs. 62 records in RAM.
INFO	2025-03-11 10:54:28	MarkDuplicates	Read    13,000,000 records.  Elapsed time: 00:00:29s.  Time for last 1,000,000:    2s.  Last read position: NC_010449.5:31,338,572
INFO	2025-03-11 10:54:28	MarkDuplicates	Tracking 147 as yet unmatched pairs. 147 records in RAM.
INFO	2025-03-11 10:54:30	MarkDuplicates	Read    14,000,000 records.  Elapsed time: 00:00:31s.  Time for last 1,000,000:    2s.  Last read position: NC_010449.5:75,672,108
INFO	2025-03-11 10:54:30	MarkDuplicates	Tracking 18234 as yet unmatched pairs. 18234 records in RAM.
INFO	2025-03-11 10:54:32	MarkDuplicates	Read    15,000,000 records.  Elapsed time: 00:00:33s.  Time for last 1,000,000:    2s.  Last read position: NC_010450.4:83,305,458
INFO	2025-03-11 10:54:32	MarkDuplicates	Tracking 52 as yet unmatched pairs. 52 records in RAM.
INFO	2025-03-11 10:54:35	MarkDuplicates	Read    16,000,000 records.  Elapsed time: 00:00:35s.  Time for last 1,000,000:    2s.  Last read position: NC_010451.4:45,937,612
INFO	2025-03-11 10:54:35	MarkDuplicates	Tracking 223 as yet unmatched pairs. 223 records in RAM.
INFO	2025-03-11 10:54:37	MarkDuplicates	Read    17,000,000 records.  Elapsed time: 00:00:37s.  Time for last 1,000,000:    2s.  Last read position: NC_010452.4:27,725,916
INFO	2025-03-11 10:54:37	MarkDuplicates	Tracking 28 as yet unmatched pairs. 28 records in RAM.
INFO	2025-03-11 10:54:39	MarkDuplicates	Read    18,000,000 records.  Elapsed time: 00:00:39s.  Time for last 1,000,000:    2s.  Last read position: NC_010454.4:1,322,609
INFO	2025-03-11 10:54:39	MarkDuplicates	Tracking 1210 as yet unmatched pairs. 1210 records in RAM.
INFO	2025-03-11 10:54:41	MarkDuplicates	Read    19,000,000 records.  Elapsed time: 00:00:42s.  Time for last 1,000,000:    2s.  Last read position: NC_010454.4:48,411,168
INFO	2025-03-11 10:54:41	MarkDuplicates	Tracking 12 as yet unmatched pairs. 12 records in RAM.
INFO	2025-03-11 10:54:43	MarkDuplicates	Read    20,000,000 records.  Elapsed time: 00:00:44s.  Time for last 1,000,000:    2s.  Last read position: NC_010455.5:34,592,482
INFO	2025-03-11 10:54:43	MarkDuplicates	Tracking 2288 as yet unmatched pairs. 2288 records in RAM.
INFO	2025-03-11 10:54:46	MarkDuplicates	Read    21,000,000 records.  Elapsed time: 00:00:46s.  Time for last 1,000,000:    2s.  Last read position: NC_010456.5:4,433,435
INFO	2025-03-11 10:54:46	MarkDuplicates	Tracking 1 as yet unmatched pairs. 1 records in RAM.
INFO	2025-03-11 10:54:48	MarkDuplicates	Read    22,000,000 records.  Elapsed time: 00:00:48s.  Time for last 1,000,000:    2s.  Last read position: NC_010456.5:55,820,987
INFO	2025-03-11 10:54:48	MarkDuplicates	Tracking 18 as yet unmatched pairs. 18 records in RAM.
INFO	2025-03-11 10:54:50	MarkDuplicates	Read    23,000,000 records.  Elapsed time: 00:00:50s.  Time for last 1,000,000:    2s.  Last read position: NC_010457.5:32,175,642
INFO	2025-03-11 10:54:50	MarkDuplicates	Tracking 20 as yet unmatched pairs. 20 records in RAM.
INFO	2025-03-11 10:54:52	MarkDuplicates	Read    24,000,000 records.  Elapsed time: 00:00:53s.  Time for last 1,000,000:    2s.  Last read position: NC_010458.4:21,507,885
INFO	2025-03-11 10:54:52	MarkDuplicates	Tracking 26 as yet unmatched pairs. 26 records in RAM.
INFO	2025-03-11 10:54:55	MarkDuplicates	Read    25,000,000 records.  Elapsed time: 00:00:55s.  Time for last 1,000,000:    2s.  Last read position: NC_010459.5:61,567,628
INFO	2025-03-11 10:54:55	MarkDuplicates	Tracking 178 as yet unmatched pairs. 178 records in RAM.
INFO	2025-03-11 10:54:57	MarkDuplicates	Read    26,000,000 records.  Elapsed time: 00:00:57s.  Time for last 1,000,000:    2s.  Last read position: NC_010461.5:84,974,727
INFO	2025-03-11 10:54:57	MarkDuplicates	Tracking 0 as yet unmatched pairs. 0 records in RAM.
INFO	2025-03-11 10:54:59	MarkDuplicates	Read    27,000,000 records.  Elapsed time: 00:01:00s.  Time for last 1,000,000:    2s.  Last read position: NW_018085108.1:6,407
INFO	2025-03-11 10:54:59	MarkDuplicates	Tracking 186 as yet unmatched pairs. 186 records in RAM.
INFO	2025-03-11 10:55:01	MarkDuplicates	Read    28,000,000 records.  Elapsed time: 00:01:02s.  Time for last 1,000,000:    2s.  Last read position: NC_000845.1:4,573
INFO	2025-03-11 10:55:01	MarkDuplicates	Tracking 80405 as yet unmatched pairs. 80405 records in RAM.
INFO	2025-03-11 10:55:03	MarkDuplicates	Read    29,000,000 records.  Elapsed time: 00:01:04s.  Time for last 1,000,000:    2s.  Last read position: NC_000845.1:6,614
INFO	2025-03-11 10:55:03	MarkDuplicates	Tracking 138356 as yet unmatched pairs. 138356 records in RAM.
INFO	2025-03-11 10:55:06	MarkDuplicates	Read    30,000,000 records.  Elapsed time: 00:01:06s.  Time for last 1,000,000:    2s.  Last read position: NC_000845.1:7,049
INFO	2025-03-11 10:55:06	MarkDuplicates	Tracking 160426 as yet unmatched pairs. 160426 records in RAM.
INFO	2025-03-11 10:55:08	MarkDuplicates	Read    31,000,000 records.  Elapsed time: 00:01:08s.  Time for last 1,000,000:    2s.  Last read position: NC_000845.1:7,412
INFO	2025-03-11 10:55:08	MarkDuplicates	Tracking 201167 as yet unmatched pairs. 201167 records in RAM.
INFO	2025-03-11 10:55:10	MarkDuplicates	Read    32,000,000 records.  Elapsed time: 00:01:10s.  Time for last 1,000,000:    2s.  Last read position: NC_000845.1:7,713
INFO	2025-03-11 10:55:10	MarkDuplicates	Tracking 156024 as yet unmatched pairs. 156024 records in RAM.
INFO	2025-03-11 10:55:12	MarkDuplicates	Read    33,000,000 records.  Elapsed time: 00:01:12s.  Time for last 1,000,000:    2s.  Last read position: NC_000845.1:7,951
INFO	2025-03-11 10:55:12	MarkDuplicates	Tracking 122456 as yet unmatched pairs. 122456 records in RAM.
INFO	2025-03-11 10:55:14	MarkDuplicates	Read    34,000,000 records.  Elapsed time: 00:01:15s.  Time for last 1,000,000:    2s.  Last read position: NC_000845.1:8,572
INFO	2025-03-11 10:55:14	MarkDuplicates	Tracking 234317 as yet unmatched pairs. 234317 records in RAM.
INFO	2025-03-11 10:55:17	MarkDuplicates	Read    35,000,000 records.  Elapsed time: 00:01:17s.  Time for last 1,000,000:    2s.  Last read position: NC_000845.1:9,223
INFO	2025-03-11 10:55:17	MarkDuplicates	Tracking 160569 as yet unmatched pairs. 160569 records in RAM.
INFO	2025-03-11 10:55:19	MarkDuplicates	Read    36,000,000 records.  Elapsed time: 00:01:19s.  Time for last 1,000,000:    2s.  Last read position: NC_000845.1:9,513
INFO	2025-03-11 10:55:19	MarkDuplicates	Tracking 241429 as yet unmatched pairs. 241429 records in RAM.
INFO	2025-03-11 10:55:21	MarkDuplicates	Read    37,000,000 records.  Elapsed time: 00:01:22s.  Time for last 1,000,000:    2s.  Last read position: NC_000845.1:10,009
INFO	2025-03-11 10:55:21	MarkDuplicates	Tracking 187055 as yet unmatched pairs. 187055 records in RAM.
INFO	2025-03-11 10:55:23	MarkDuplicates	Read    38,000,000 records.  Elapsed time: 00:01:24s.  Time for last 1,000,000:    2s.  Last read position: NC_000845.1:10,396
INFO	2025-03-11 10:55:23	MarkDuplicates	Tracking 85149 as yet unmatched pairs. 85149 records in RAM.
INFO	2025-03-11 10:55:26	MarkDuplicates	Read    39,000,000 records.  Elapsed time: 00:01:26s.  Time for last 1,000,000:    2s.  Last read position: NC_000845.1:12,250
INFO	2025-03-11 10:55:26	MarkDuplicates	Tracking 46739 as yet unmatched pairs. 46739 records in RAM.
INFO	2025-03-11 10:55:28	MarkDuplicates	Read    40,000,000 records.  Elapsed time: 00:01:28s.  Time for last 1,000,000:    2s.  Last read position: NC_000845.1:14,538
INFO	2025-03-11 10:55:28	MarkDuplicates	Tracking 53685 as yet unmatched pairs. 53685 records in RAM.
INFO	2025-03-11 10:55:30	MarkDuplicates	Read    41,000,000 records.  Elapsed time: 00:01:30s.  Time for last 1,000,000:    2s.  Last read position: NC_000845.1:15,917
INFO	2025-03-11 10:55:30	MarkDuplicates	Tracking 71337 as yet unmatched pairs. 71337 records in RAM.
INFO	2025-03-11 10:55:31	MarkDuplicates	Read 41504398 records. 0 pairs never matched.
INFO	2025-03-11 10:55:32	MarkDuplicates	After buildSortedReadEndLists freeMemory: 4977287504; totalMemory: 12289310720; maxMemory: 32178700288
INFO	2025-03-11 10:55:32	MarkDuplicates	Will retain up to 1005584384 duplicate indices before spilling to disk.
INFO	2025-03-11 10:55:34	MarkDuplicates	Traversing read pair information and detecting duplicates.
INFO	2025-03-11 10:55:38	OpticalDuplicateFinder	Large duplicate set. size = 1127
INFO	2025-03-11 10:55:38	OpticalDuplicateFinder	compared         1,000 ReadEnds to others.  Elapsed time: 00:00:00s.  Time for last 1,000:    0s.  Last read position: 0:-30,767
INFO	2025-03-11 10:55:38	OpticalDuplicateFinder	Large duplicate set. size = 1028
INFO	2025-03-11 10:55:38	OpticalDuplicateFinder	compared         1,000 ReadEnds to others.  Elapsed time: 00:00:00s.  Time for last 1,000:    0s.  Last read position: 0:30,836
INFO	2025-03-11 10:55:39	OpticalDuplicateFinder	Large duplicate set. size = 1289
INFO	2025-03-11 10:55:39	OpticalDuplicateFinder	compared         1,000 ReadEnds to others.  Elapsed time: 00:00:00s.  Time for last 1,000:    0s.  Last read position: 0:24,791
INFO	2025-03-11 10:55:39	OpticalDuplicateFinder	Large duplicate set. size = 1012
INFO	2025-03-11 10:55:39	OpticalDuplicateFinder	compared         1,000 ReadEnds to others.  Elapsed time: 00:00:00s.  Time for last 1,000:    0s.  Last read position: 0:-16,881
INFO	2025-03-11 10:55:39	OpticalDuplicateFinder	Large duplicate set. size = 1153
INFO	2025-03-11 10:55:39	OpticalDuplicateFinder	compared         1,000 ReadEnds to others.  Elapsed time: 00:00:00s.  Time for last 1,000:    0s.  Last read position: 0:21,829
INFO	2025-03-11 10:55:39	OpticalDuplicateFinder	Large duplicate set. size = 1095
INFO	2025-03-11 10:55:39	OpticalDuplicateFinder	compared         1,000 ReadEnds to others.  Elapsed time: 00:00:00s.  Time for last 1,000:    0s.  Last read position: 0:15,946
INFO	2025-03-11 10:55:39	OpticalDuplicateFinder	Large duplicate set. size = 1204
INFO	2025-03-11 10:55:40	OpticalDuplicateFinder	compared         1,000 ReadEnds to others.  Elapsed time: 00:00:00s.  Time for last 1,000:    0s.  Last read position: 0:-17,795
INFO	2025-03-11 10:55:40	OpticalDuplicateFinder	Large duplicate set. size = 1036
INFO	2025-03-11 10:55:40	OpticalDuplicateFinder	compared         1,000 ReadEnds to others.  Elapsed time: 00:00:00s.  Time for last 1,000:    0s.  Last read position: 0:31,840
INFO	2025-03-11 10:55:41	MarkDuplicates	Traversing fragment information and detecting duplicates.
INFO	2025-03-11 10:55:43	MarkDuplicates	Sorting list of duplicate records.
INFO	2025-03-11 10:55:44	MarkDuplicates	After generateDuplicateIndexes freeMemory: 12279315400; totalMemory: 20338180096; maxMemory: 32178700288
INFO	2025-03-11 10:55:44	MarkDuplicates	Marking 20141674 records as duplicates.
INFO	2025-03-11 10:55:44	MarkDuplicates	Found 1216045 optical duplicate clusters.
INFO	2025-03-11 10:55:44	MarkDuplicates	Reads are assumed to be ordered by: coordinate
INFO	2025-03-11 10:56:25	MarkDuplicates	Written    10,000,000 records.  Elapsed time: 00:00:40s.  Time for last 10,000,000:   40s.  Last read position: NC_010449.5:115,361,141
INFO	2025-03-11 10:57:10	MarkDuplicates	Written    20,000,000 records.  Elapsed time: 00:01:26s.  Time for last 10,000,000:   45s.  Last read position: NC_000845.1:8,437
INFO	2025-03-11 10:57:22	MarkDuplicates	Writing complete. Closing input iterator.
INFO	2025-03-11 10:57:22	MarkDuplicates	Duplicate Index cleanup.
INFO	2025-03-11 10:57:22	MarkDuplicates	Getting Memory Stats.
INFO	2025-03-11 10:57:22	MarkDuplicates	Before output close freeMemory: 299799896; totalMemory: 310378496; maxMemory: 32178700288
INFO	2025-03-11 10:57:22	MarkDuplicates	Closed outputs. Getting more Memory Stats.
INFO	2025-03-11 10:57:22	MarkDuplicates	After output close freeMemory: 103508400; totalMemory: 113246208; maxMemory: 32178700288
[Tue Mar 11 10:57:22 PDT 2025] picard.sam.markduplicates.MarkDuplicates done. Elapsed time: 3.39 minutes.
Runtime.totalMemory()=113246208
100000 GFF lines processed.
200000 GFF lines processed.
300000 GFF lines processed.
400000 GFF lines processed.
500000 GFF lines processed.
600000 GFF lines processed.
700000 GFF lines processed.
800000 GFF lines processed.
900000 GFF lines processed.
1000000 GFF lines processed.
1100000 GFF lines processed.
1200000 GFF lines processed.
1300000 GFF lines processed.
1400000 GFF lines processed.
1500000 GFF lines processed.
1600000 GFF lines processed.
1700000 GFF lines processed.
1800000 GFF lines processed.
1900000 GFF lines processed.
2000000 GFF lines processed.
2009927 GFF lines processed.
100000 alignment record pairs processed.
200000 alignment record pairs processed.
300000 alignment record pairs processed.
400000 alignment record pairs processed.
500000 alignment record pairs processed.
600000 alignment record pairs processed.
700000 alignment record pairs processed.
800000 alignment record pairs processed.
900000 alignment record pairs processed.
1000000 alignment record pairs processed.
1100000 alignment record pairs processed.
1200000 alignment record pairs processed.
1300000 alignment record pairs processed.
1400000 alignment record pairs processed.
1500000 alignment record pairs processed.
1600000 alignment record pairs processed.
1700000 alignment record pairs processed.
1800000 alignment record pairs processed.
1900000 alignment record pairs processed.
2000000 alignment record pairs processed.
2100000 alignment record pairs processed.
2200000 alignment record pairs processed.
2300000 alignment record pairs processed.
2400000 alignment record pairs processed.
2500000 alignment record pairs processed.
2600000 alignment record pairs processed.
2700000 alignment record pairs processed.
2800000 alignment record pairs processed.
2900000 alignment record pairs processed.
3000000 alignment record pairs processed.
3100000 alignment record pairs processed.
3200000 alignment record pairs processed.
3300000 alignment record pairs processed.
3400000 alignment record pairs processed.
3500000 alignment record pairs processed.
3600000 alignment record pairs processed.
3700000 alignment record pairs processed.
3800000 alignment record pairs processed.
3900000 alignment record pairs processed.
4000000 alignment record pairs processed.
4100000 alignment record pairs processed.
4200000 alignment record pairs processed.
4300000 alignment record pairs processed.
4400000 alignment record pairs processed.
4500000 alignment record pairs processed.
4600000 alignment record pairs processed.
4700000 alignment record pairs processed.
4800000 alignment record pairs processed.
4900000 alignment record pairs processed.
5000000 alignment record pairs processed.
5100000 alignment record pairs processed.
5200000 alignment record pairs processed.
5300000 alignment record pairs processed.
5400000 alignment record pairs processed.
5500000 alignment record pairs processed.
5600000 alignment record pairs processed.
5700000 alignment record pairs processed.
5800000 alignment record pairs processed.
5900000 alignment record pairs processed.
6000000 alignment record pairs processed.
6100000 alignment record pairs processed.
6200000 alignment record pairs processed.
6300000 alignment record pairs processed.
6400000 alignment record pairs processed.
6500000 alignment record pairs processed.
6600000 alignment record pairs processed.
6700000 alignment record pairs processed.
6800000 alignment record pairs processed.
6900000 alignment record pairs processed.
7000000 alignment record pairs processed.
7100000 alignment record pairs processed.
7200000 alignment record pairs processed.
7300000 alignment record pairs processed.
7400000 alignment record pairs processed.
7500000 alignment record pairs processed.
7600000 alignment record pairs processed.
7700000 alignment record pairs processed.
7800000 alignment record pairs processed.
7900000 alignment record pairs processed.
8000000 alignment record pairs processed.
8100000 alignment record pairs processed.
8200000 alignment record pairs processed.
8300000 alignment record pairs processed.
8400000 alignment record pairs processed.
8500000 alignment record pairs processed.
8600000 alignment record pairs processed.
8700000 alignment record pairs processed.
8800000 alignment record pairs processed.
8900000 alignment record pairs processed.
9000000 alignment record pairs processed.
9100000 alignment record pairs processed.
9200000 alignment record pairs processed.
9300000 alignment record pairs processed.
9400000 alignment record pairs processed.
9500000 alignment record pairs processed.
9600000 alignment record pairs processed.
9700000 alignment record pairs processed.
9800000 alignment record pairs processed.
9900000 alignment record pairs processed.
9914876 alignment record pairs processed.
