[bam_sort_core] merging from 20 files and 1 in-memory blocks...
10:54:08.940 INFO  NativeLibraryLoader - Loading libgkl_compression.so from jar:file:/opt/apps/picard-tools/2.27.1/picard.jar!/com/intel/gkl/native/libgkl_compression.so
[Tue Mar 11 10:54:08 PDT 2025] MarkDuplicates --SORTING_COLLECTION_SIZE_RATIO 0.8 --INPUT /tmp/itamburi/36400719/n78_sorted.bam --OUTPUT /tmp/itamburi/36400719/n78_dd.bam --METRICS_FILE /tmp/itamburi/36400719/n78_mrkdp_met.txt --REMOVE_DUPLICATES true --ASSUME_SORTED true --VALIDATION_STRINGENCY SILENT --COMPRESSION_LEVEL 0 --MAX_SEQUENCES_FOR_DISK_READ_ENDS_MAP 50000 --MAX_FILE_HANDLES_FOR_READ_ENDS_MAP 8000 --TAG_DUPLICATE_SET_MEMBERS false --REMOVE_SEQUENCING_DUPLICATES false --TAGGING_POLICY DontTag --CLEAR_DT true --DUPLEX_UMI false --ADD_PG_TAG_TO_READS true --DUPLICATE_SCORING_STRATEGY SUM_OF_BASE_QUALITIES --PROGRAM_RECORD_ID MarkDuplicates --PROGRAM_GROUP_NAME MarkDuplicates --READ_NAME_REGEX <optimized capture of last three ':' separated fields as numeric values> --OPTICAL_DUPLICATE_PIXEL_DISTANCE 100 --MAX_OPTICAL_DUPLICATE_SET_SIZE 300000 --VERBOSITY INFO --QUIET false --MAX_RECORDS_IN_RAM 500000 --CREATE_INDEX false --CREATE_MD5_FILE false --GA4GH_CLIENT_SECRETS client_secrets.json --help false --version false --showHidden false --USE_JDK_DEFLATER false --USE_JDK_INFLATER false
[Tue Mar 11 10:54:08 PDT 2025] Executing as itamburi@hpc3-22-03 on Linux 4.18.0-553.22.1.el8_10.x86_64 amd64; OpenJDK 64-Bit Server VM 11.0.25+9-LTS; Deflater: Intel; Inflater: Intel; Provider GCS is not available; Picard version: Version:unspecified-SNAPSHOT
INFO	2025-03-11 10:54:08	MarkDuplicates	Start of doWork freeMemory: 202981904; totalMemory: 209715200; maxMemory: 32178700288
INFO	2025-03-11 10:54:08	MarkDuplicates	Reading input file and constructing read end information.
INFO	2025-03-11 10:54:08	MarkDuplicates	Will retain up to 373086380 data points before spilling to disk.
INFO	2025-03-11 10:54:12	MarkDuplicates	Read     1,000,000 records.  Elapsed time: 00:00:02s.  Time for last 1,000,000:    2s.  Last read position: NC_010443.5:136,286,400
INFO	2025-03-11 10:54:12	MarkDuplicates	Tracking 295 as yet unmatched pairs. 295 records in RAM.
INFO	2025-03-11 10:54:14	MarkDuplicates	Read     2,000,000 records.  Elapsed time: 00:00:04s.  Time for last 1,000,000:    2s.  Last read position: NC_010444.4:1,635,784
INFO	2025-03-11 10:54:14	MarkDuplicates	Tracking 226 as yet unmatched pairs. 226 records in RAM.
INFO	2025-03-11 10:54:16	MarkDuplicates	Read     3,000,000 records.  Elapsed time: 00:00:07s.  Time for last 1,000,000:    2s.  Last read position: NC_010444.4:27,206,729
INFO	2025-03-11 10:54:16	MarkDuplicates	Tracking 215 as yet unmatched pairs. 215 records in RAM.
INFO	2025-03-11 10:54:18	MarkDuplicates	Read     4,000,000 records.  Elapsed time: 00:00:09s.  Time for last 1,000,000:    2s.  Last read position: NC_010444.4:88,506,413
INFO	2025-03-11 10:54:18	MarkDuplicates	Tracking 576 as yet unmatched pairs. 576 records in RAM.
INFO	2025-03-11 10:54:21	MarkDuplicates	Read     5,000,000 records.  Elapsed time: 00:00:11s.  Time for last 1,000,000:    2s.  Last read position: NC_010445.4:31,269,455
INFO	2025-03-11 10:54:21	MarkDuplicates	Tracking 92 as yet unmatched pairs. 92 records in RAM.
INFO	2025-03-11 10:54:23	MarkDuplicates	Read     6,000,000 records.  Elapsed time: 00:00:13s.  Time for last 1,000,000:    2s.  Last read position: NC_010445.4:120,159,211
INFO	2025-03-11 10:54:23	MarkDuplicates	Tracking 14 as yet unmatched pairs. 14 records in RAM.
INFO	2025-03-11 10:54:25	MarkDuplicates	Read     7,000,000 records.  Elapsed time: 00:00:15s.  Time for last 1,000,000:    2s.  Last read position: NC_010446.5:98,565,294
INFO	2025-03-11 10:54:25	MarkDuplicates	Tracking 85 as yet unmatched pairs. 85 records in RAM.
INFO	2025-03-11 10:54:27	MarkDuplicates	Read     8,000,000 records.  Elapsed time: 00:00:18s.  Time for last 1,000,000:    2s.  Last read position: NC_010447.5:21,433,219
INFO	2025-03-11 10:54:27	MarkDuplicates	Tracking 1427 as yet unmatched pairs. 1427 records in RAM.
INFO	2025-03-11 10:54:29	MarkDuplicates	Read     9,000,000 records.  Elapsed time: 00:00:20s.  Time for last 1,000,000:    2s.  Last read position: NC_010448.4:1,917,438
INFO	2025-03-11 10:54:29	MarkDuplicates	Tracking 30 as yet unmatched pairs. 30 records in RAM.
INFO	2025-03-11 10:54:32	MarkDuplicates	Read    10,000,000 records.  Elapsed time: 00:00:22s.  Time for last 1,000,000:    2s.  Last read position: NC_010448.4:54,579,187
INFO	2025-03-11 10:54:32	MarkDuplicates	Tracking 1846 as yet unmatched pairs. 1846 records in RAM.
INFO	2025-03-11 10:54:34	MarkDuplicates	Read    11,000,000 records.  Elapsed time: 00:00:24s.  Time for last 1,000,000:    2s.  Last read position: NC_010448.4:71,222,450
INFO	2025-03-11 10:54:34	MarkDuplicates	Tracking 34 as yet unmatched pairs. 34 records in RAM.
INFO	2025-03-11 10:54:36	MarkDuplicates	Read    12,000,000 records.  Elapsed time: 00:00:26s.  Time for last 1,000,000:    2s.  Last read position: NC_010449.5:1,665,001
INFO	2025-03-11 10:54:36	MarkDuplicates	Tracking 42 as yet unmatched pairs. 42 records in RAM.
INFO	2025-03-11 10:54:38	MarkDuplicates	Read    13,000,000 records.  Elapsed time: 00:00:29s.  Time for last 1,000,000:    2s.  Last read position: NC_010449.5:61,183,496
INFO	2025-03-11 10:54:38	MarkDuplicates	Tracking 13 as yet unmatched pairs. 13 records in RAM.
INFO	2025-03-11 10:54:40	MarkDuplicates	Read    14,000,000 records.  Elapsed time: 00:00:31s.  Time for last 1,000,000:    1s.  Last read position: NC_010449.5:75,703,778
INFO	2025-03-11 10:54:40	MarkDuplicates	Tracking 850 as yet unmatched pairs. 850 records in RAM.
INFO	2025-03-11 10:54:42	MarkDuplicates	Read    15,000,000 records.  Elapsed time: 00:00:33s.  Time for last 1,000,000:    2s.  Last read position: NC_010450.4:135,808,111
INFO	2025-03-11 10:54:42	MarkDuplicates	Tracking 394 as yet unmatched pairs. 394 records in RAM.
INFO	2025-03-11 10:54:44	MarkDuplicates	Read    16,000,000 records.  Elapsed time: 00:00:35s.  Time for last 1,000,000:    2s.  Last read position: NC_010451.4:73,684,892
INFO	2025-03-11 10:54:44	MarkDuplicates	Tracking 34 as yet unmatched pairs. 34 records in RAM.
INFO	2025-03-11 10:54:47	MarkDuplicates	Read    17,000,000 records.  Elapsed time: 00:00:37s.  Time for last 1,000,000:    2s.  Last read position: NC_010452.4:53,955,577
INFO	2025-03-11 10:54:47	MarkDuplicates	Tracking 1521 as yet unmatched pairs. 1521 records in RAM.
INFO	2025-03-11 10:54:49	MarkDuplicates	Read    18,000,000 records.  Elapsed time: 00:00:39s.  Time for last 1,000,000:    2s.  Last read position: NC_010454.4:14,681,243
INFO	2025-03-11 10:54:49	MarkDuplicates	Tracking 67 as yet unmatched pairs. 67 records in RAM.
INFO	2025-03-11 10:54:51	MarkDuplicates	Read    19,000,000 records.  Elapsed time: 00:00:41s.  Time for last 1,000,000:    2s.  Last read position: NC_010454.4:59,171,808
INFO	2025-03-11 10:54:51	MarkDuplicates	Tracking 1668 as yet unmatched pairs. 1668 records in RAM.
INFO	2025-03-11 10:54:53	MarkDuplicates	Read    20,000,000 records.  Elapsed time: 00:00:44s.  Time for last 1,000,000:    2s.  Last read position: NC_010455.5:81,790,159
INFO	2025-03-11 10:54:53	MarkDuplicates	Tracking 98 as yet unmatched pairs. 98 records in RAM.
INFO	2025-03-11 10:54:56	MarkDuplicates	Read    21,000,000 records.  Elapsed time: 00:00:46s.  Time for last 1,000,000:    2s.  Last read position: NC_010456.5:31,742,053
INFO	2025-03-11 10:54:56	MarkDuplicates	Tracking 920 as yet unmatched pairs. 920 records in RAM.
INFO	2025-03-11 10:54:58	MarkDuplicates	Read    22,000,000 records.  Elapsed time: 00:00:48s.  Time for last 1,000,000:    2s.  Last read position: NC_010456.5:60,415,457
INFO	2025-03-11 10:54:58	MarkDuplicates	Tracking 18914 as yet unmatched pairs. 18914 records in RAM.
INFO	2025-03-11 10:55:00	MarkDuplicates	Read    23,000,000 records.  Elapsed time: 00:00:50s.  Time for last 1,000,000:    2s.  Last read position: NC_010457.5:47,628,837
INFO	2025-03-11 10:55:00	MarkDuplicates	Tracking 2 as yet unmatched pairs. 2 records in RAM.
INFO	2025-03-11 10:55:02	MarkDuplicates	Read    24,000,000 records.  Elapsed time: 00:00:53s.  Time for last 1,000,000:    2s.  Last read position: NC_010458.4:43,702,749
INFO	2025-03-11 10:55:02	MarkDuplicates	Tracking 28 as yet unmatched pairs. 28 records in RAM.
INFO	2025-03-11 10:55:05	MarkDuplicates	Read    25,000,000 records.  Elapsed time: 00:00:55s.  Time for last 1,000,000:    2s.  Last read position: NC_010460.4:5,992,152
INFO	2025-03-11 10:55:05	MarkDuplicates	Tracking 11 as yet unmatched pairs. 11 records in RAM.
INFO	2025-03-11 10:55:07	MarkDuplicates	Read    26,000,000 records.  Elapsed time: 00:00:57s.  Time for last 1,000,000:    2s.  Last read position: NC_010461.5:124,928,802
INFO	2025-03-11 10:55:07	MarkDuplicates	Tracking 2067 as yet unmatched pairs. 2067 records in RAM.
INFO	2025-03-11 10:55:09	MarkDuplicates	Read    27,000,000 records.  Elapsed time: 00:00:59s.  Time for last 1,000,000:    2s.  Last read position: NW_018085108.1:1,410
INFO	2025-03-11 10:55:09	MarkDuplicates	Tracking 6807 as yet unmatched pairs. 6807 records in RAM.
INFO	2025-03-11 10:55:11	MarkDuplicates	Read    28,000,000 records.  Elapsed time: 00:01:01s.  Time for last 1,000,000:    2s.  Last read position: NC_000845.1:4,084
INFO	2025-03-11 10:55:11	MarkDuplicates	Tracking 42680 as yet unmatched pairs. 42680 records in RAM.
INFO	2025-03-11 10:55:13	MarkDuplicates	Read    29,000,000 records.  Elapsed time: 00:01:04s.  Time for last 1,000,000:    2s.  Last read position: NC_000845.1:5,514
INFO	2025-03-11 10:55:13	MarkDuplicates	Tracking 34601 as yet unmatched pairs. 34601 records in RAM.
INFO	2025-03-11 10:55:15	MarkDuplicates	Read    30,000,000 records.  Elapsed time: 00:01:06s.  Time for last 1,000,000:    2s.  Last read position: NC_000845.1:6,755
INFO	2025-03-11 10:55:15	MarkDuplicates	Tracking 99791 as yet unmatched pairs. 99791 records in RAM.
INFO	2025-03-11 10:55:17	MarkDuplicates	Read    31,000,000 records.  Elapsed time: 00:01:08s.  Time for last 1,000,000:    2s.  Last read position: NC_000845.1:7,186
INFO	2025-03-11 10:55:17	MarkDuplicates	Tracking 170735 as yet unmatched pairs. 170735 records in RAM.
INFO	2025-03-11 10:55:20	MarkDuplicates	Read    32,000,000 records.  Elapsed time: 00:01:10s.  Time for last 1,000,000:    2s.  Last read position: NC_000845.1:7,484
INFO	2025-03-11 10:55:20	MarkDuplicates	Tracking 186655 as yet unmatched pairs. 186655 records in RAM.
INFO	2025-03-11 10:55:22	MarkDuplicates	Read    33,000,000 records.  Elapsed time: 00:01:12s.  Time for last 1,000,000:    2s.  Last read position: NC_000845.1:7,751
INFO	2025-03-11 10:55:22	MarkDuplicates	Tracking 253140 as yet unmatched pairs. 253140 records in RAM.
INFO	2025-03-11 10:55:24	MarkDuplicates	Read    34,000,000 records.  Elapsed time: 00:01:14s.  Time for last 1,000,000:    2s.  Last read position: NC_000845.1:7,950
INFO	2025-03-11 10:55:24	MarkDuplicates	Tracking 213030 as yet unmatched pairs. 213030 records in RAM.
INFO	2025-03-11 10:55:26	MarkDuplicates	Read    35,000,000 records.  Elapsed time: 00:01:17s.  Time for last 1,000,000:    2s.  Last read position: NC_000845.1:8,506
INFO	2025-03-11 10:55:26	MarkDuplicates	Tracking 203382 as yet unmatched pairs. 203382 records in RAM.
INFO	2025-03-11 10:55:29	MarkDuplicates	Read    36,000,000 records.  Elapsed time: 00:01:19s.  Time for last 1,000,000:    2s.  Last read position: NC_000845.1:9,027
INFO	2025-03-11 10:55:29	MarkDuplicates	Tracking 77179 as yet unmatched pairs. 77179 records in RAM.
INFO	2025-03-11 10:55:31	MarkDuplicates	Read    37,000,000 records.  Elapsed time: 00:01:21s.  Time for last 1,000,000:    2s.  Last read position: NC_000845.1:9,365
INFO	2025-03-11 10:55:31	MarkDuplicates	Tracking 198499 as yet unmatched pairs. 198499 records in RAM.
INFO	2025-03-11 10:55:33	MarkDuplicates	Read    38,000,000 records.  Elapsed time: 00:01:24s.  Time for last 1,000,000:    2s.  Last read position: NC_000845.1:9,596
INFO	2025-03-11 10:55:33	MarkDuplicates	Tracking 256046 as yet unmatched pairs. 256046 records in RAM.
INFO	2025-03-11 10:55:35	MarkDuplicates	Read    39,000,000 records.  Elapsed time: 00:01:26s.  Time for last 1,000,000:    2s.  Last read position: NC_000845.1:10,026
INFO	2025-03-11 10:55:35	MarkDuplicates	Tracking 152934 as yet unmatched pairs. 152934 records in RAM.
INFO	2025-03-11 10:55:38	MarkDuplicates	Read    40,000,000 records.  Elapsed time: 00:01:28s.  Time for last 1,000,000:    2s.  Last read position: NC_000845.1:10,351
INFO	2025-03-11 10:55:38	MarkDuplicates	Tracking 233081 as yet unmatched pairs. 233081 records in RAM.
INFO	2025-03-11 10:55:40	MarkDuplicates	Read    41,000,000 records.  Elapsed time: 00:01:30s.  Time for last 1,000,000:    2s.  Last read position: NC_000845.1:11,873
INFO	2025-03-11 10:55:40	MarkDuplicates	Tracking 50757 as yet unmatched pairs. 50757 records in RAM.
INFO	2025-03-11 10:55:42	MarkDuplicates	Read    42,000,000 records.  Elapsed time: 00:01:33s.  Time for last 1,000,000:    2s.  Last read position: NC_000845.1:13,962
INFO	2025-03-11 10:55:42	MarkDuplicates	Tracking 29373 as yet unmatched pairs. 29373 records in RAM.
INFO	2025-03-11 10:55:44	MarkDuplicates	Read    43,000,000 records.  Elapsed time: 00:01:35s.  Time for last 1,000,000:    2s.  Last read position: NC_000845.1:15,430
INFO	2025-03-11 10:55:44	MarkDuplicates	Tracking 54995 as yet unmatched pairs. 54995 records in RAM.
INFO	2025-03-11 10:55:47	MarkDuplicates	Read    44,000,000 records.  Elapsed time: 00:01:37s.  Time for last 1,000,000:    2s.  Last read position: NC_000845.1:16,248
INFO	2025-03-11 10:55:47	MarkDuplicates	Tracking 92553 as yet unmatched pairs. 92553 records in RAM.
INFO	2025-03-11 10:55:47	MarkDuplicates	Read 44133754 records. 0 pairs never matched.
INFO	2025-03-11 10:55:48	MarkDuplicates	After buildSortedReadEndLists freeMemory: 5123663112; totalMemory: 12666798080; maxMemory: 32178700288
INFO	2025-03-11 10:55:48	MarkDuplicates	Will retain up to 1005584384 duplicate indices before spilling to disk.
INFO	2025-03-11 10:55:49	MarkDuplicates	Traversing read pair information and detecting duplicates.
INFO	2025-03-11 10:55:54	OpticalDuplicateFinder	Large duplicate set. size = 1034
INFO	2025-03-11 10:55:54	OpticalDuplicateFinder	compared         1,000 ReadEnds to others.  Elapsed time: 00:00:00s.  Time for last 1,000:    0s.  Last read position: 0:12,499
INFO	2025-03-11 10:55:54	OpticalDuplicateFinder	Large duplicate set. size = 1050
INFO	2025-03-11 10:55:54	OpticalDuplicateFinder	compared         1,000 ReadEnds to others.  Elapsed time: 00:00:00s.  Time for last 1,000:    0s.  Last read position: 0:-14,105
INFO	2025-03-11 10:55:54	OpticalDuplicateFinder	Large duplicate set. size = 1576
INFO	2025-03-11 10:55:54	OpticalDuplicateFinder	compared         1,000 ReadEnds to others.  Elapsed time: 00:00:00s.  Time for last 1,000:    0s.  Last read position: 0:31,791
INFO	2025-03-11 10:55:54	OpticalDuplicateFinder	Large duplicate set. size = 1404
INFO	2025-03-11 10:55:54	OpticalDuplicateFinder	compared         1,000 ReadEnds to others.  Elapsed time: 00:00:00s.  Time for last 1,000:    0s.  Last read position: 0:17,799
INFO	2025-03-11 10:55:55	OpticalDuplicateFinder	Large duplicate set. size = 1313
INFO	2025-03-11 10:55:55	OpticalDuplicateFinder	compared         1,000 ReadEnds to others.  Elapsed time: 00:00:00s.  Time for last 1,000:    0s.  Last read position: 0:21,870
INFO	2025-03-11 10:55:55	OpticalDuplicateFinder	Large duplicate set. size = 1083
INFO	2025-03-11 10:55:55	OpticalDuplicateFinder	compared         1,000 ReadEnds to others.  Elapsed time: 00:00:00s.  Time for last 1,000:    0s.  Last read position: 0:12,240
INFO	2025-03-11 10:55:55	OpticalDuplicateFinder	Large duplicate set. size = 1273
INFO	2025-03-11 10:55:55	OpticalDuplicateFinder	compared         1,000 ReadEnds to others.  Elapsed time: 00:00:00s.  Time for last 1,000:    0s.  Last read position: 0:-31,860
INFO	2025-03-11 10:55:55	OpticalDuplicateFinder	Large duplicate set. size = 1021
INFO	2025-03-11 10:55:55	OpticalDuplicateFinder	compared         1,000 ReadEnds to others.  Elapsed time: 00:00:00s.  Time for last 1,000:    0s.  Last read position: 0:11,819
INFO	2025-03-11 10:55:55	OpticalDuplicateFinder	Large duplicate set. size = 1057
INFO	2025-03-11 10:55:55	OpticalDuplicateFinder	compared         1,000 ReadEnds to others.  Elapsed time: 00:00:00s.  Time for last 1,000:    0s.  Last read position: 0:-30,654
INFO	2025-03-11 10:55:55	OpticalDuplicateFinder	Large duplicate set. size = 1077
INFO	2025-03-11 10:55:55	OpticalDuplicateFinder	compared         1,000 ReadEnds to others.  Elapsed time: 00:00:00s.  Time for last 1,000:    0s.  Last read position: 0:-30,395
INFO	2025-03-11 10:55:55	OpticalDuplicateFinder	Large duplicate set. size = 1345
INFO	2025-03-11 10:55:55	OpticalDuplicateFinder	compared         1,000 ReadEnds to others.  Elapsed time: 00:00:00s.  Time for last 1,000:    0s.  Last read position: 0:4,455
INFO	2025-03-11 10:55:55	OpticalDuplicateFinder	Large duplicate set. size = 1498
INFO	2025-03-11 10:55:56	OpticalDuplicateFinder	compared         1,000 ReadEnds to others.  Elapsed time: 00:00:00s.  Time for last 1,000:    0s.  Last read position: 0:21,959
INFO	2025-03-11 10:55:56	OpticalDuplicateFinder	Large duplicate set. size = 1618
INFO	2025-03-11 10:55:56	OpticalDuplicateFinder	compared         1,000 ReadEnds to others.  Elapsed time: 00:00:00s.  Time for last 1,000:    0s.  Last read position: 0:11,698
INFO	2025-03-11 10:55:56	OpticalDuplicateFinder	Large duplicate set. size = 1856
INFO	2025-03-11 10:55:56	OpticalDuplicateFinder	compared         1,000 ReadEnds to others.  Elapsed time: 00:00:00s.  Time for last 1,000:    0s.  Last read position: 0:-29,974
INFO	2025-03-11 10:55:56	OpticalDuplicateFinder	Large duplicate set. size = 1011
INFO	2025-03-11 10:55:56	OpticalDuplicateFinder	compared         1,000 ReadEnds to others.  Elapsed time: 00:00:00s.  Time for last 1,000:    0s.  Last read position: 0:18,317
INFO	2025-03-11 10:55:56	OpticalDuplicateFinder	Large duplicate set. size = 1092
INFO	2025-03-11 10:55:56	OpticalDuplicateFinder	compared         1,000 ReadEnds to others.  Elapsed time: 00:00:00s.  Time for last 1,000:    0s.  Last read position: 0:22,420
INFO	2025-03-11 10:55:56	OpticalDuplicateFinder	Large duplicate set. size = 1034
INFO	2025-03-11 10:55:56	OpticalDuplicateFinder	compared         1,000 ReadEnds to others.  Elapsed time: 00:00:00s.  Time for last 1,000:    0s.  Last read position: 0:32,414
INFO	2025-03-11 10:55:56	OpticalDuplicateFinder	Large duplicate set. size = 1117
INFO	2025-03-11 10:55:56	OpticalDuplicateFinder	compared         1,000 ReadEnds to others.  Elapsed time: 00:00:00s.  Time for last 1,000:    0s.  Last read position: 0:24,524
INFO	2025-03-11 10:55:56	OpticalDuplicateFinder	Large duplicate set. size = 1246
INFO	2025-03-11 10:55:56	OpticalDuplicateFinder	compared         1,000 ReadEnds to others.  Elapsed time: 00:00:00s.  Time for last 1,000:    0s.  Last read position: 0:15,801
INFO	2025-03-11 10:55:56	OpticalDuplicateFinder	Large duplicate set. size = 1286
INFO	2025-03-11 10:55:56	OpticalDuplicateFinder	compared         1,000 ReadEnds to others.  Elapsed time: 00:00:00s.  Time for last 1,000:    0s.  Last read position: 0:6,616
INFO	2025-03-11 10:55:56	OpticalDuplicateFinder	Large duplicate set. size = 1076
INFO	2025-03-11 10:55:56	OpticalDuplicateFinder	compared         1,000 ReadEnds to others.  Elapsed time: 00:00:00s.  Time for last 1,000:    0s.  Last read position: 0:-31,504
INFO	2025-03-11 10:55:56	OpticalDuplicateFinder	Large duplicate set. size = 1143
INFO	2025-03-11 10:55:56	OpticalDuplicateFinder	compared         1,000 ReadEnds to others.  Elapsed time: 00:00:00s.  Time for last 1,000:    0s.  Last read position: 0:30,083
INFO	2025-03-11 10:55:56	OpticalDuplicateFinder	Large duplicate set. size = 2187
INFO	2025-03-11 10:55:56	OpticalDuplicateFinder	compared         1,000 ReadEnds to others.  Elapsed time: 00:00:00s.  Time for last 1,000:    0s.  Last read position: 0:-26,098
INFO	2025-03-11 10:55:56	OpticalDuplicateFinder	compared         2,000 ReadEnds to others.  Elapsed time: 00:00:00s.  Time for last 1,000:    0s.  Last read position: 0:28,133
INFO	2025-03-11 10:55:56	OpticalDuplicateFinder	Large duplicate set. size = 2358
INFO	2025-03-11 10:55:56	OpticalDuplicateFinder	compared         1,000 ReadEnds to others.  Elapsed time: 00:00:00s.  Time for last 1,000:    0s.  Last read position: 0:-16,347
INFO	2025-03-11 10:55:56	OpticalDuplicateFinder	compared         2,000 ReadEnds to others.  Elapsed time: 00:00:00s.  Time for last 1,000:    0s.  Last read position: 0:5,604
INFO	2025-03-11 10:55:57	OpticalDuplicateFinder	Large duplicate set. size = 1038
INFO	2025-03-11 10:55:57	OpticalDuplicateFinder	compared         1,000 ReadEnds to others.  Elapsed time: 00:00:00s.  Time for last 1,000:    0s.  Last read position: 0:9,052
INFO	2025-03-11 10:55:57	OpticalDuplicateFinder	Large duplicate set. size = 1160
INFO	2025-03-11 10:55:57	OpticalDuplicateFinder	compared         1,000 ReadEnds to others.  Elapsed time: 00:00:00s.  Time for last 1,000:    0s.  Last read position: 0:-15,675
INFO	2025-03-11 10:55:57	OpticalDuplicateFinder	Large duplicate set. size = 1168
INFO	2025-03-11 10:55:57	OpticalDuplicateFinder	compared         1,000 ReadEnds to others.  Elapsed time: 00:00:00s.  Time for last 1,000:    0s.  Last read position: 0:4,998
INFO	2025-03-11 10:55:57	OpticalDuplicateFinder	Large duplicate set. size = 1819
INFO	2025-03-11 10:55:57	OpticalDuplicateFinder	compared         1,000 ReadEnds to others.  Elapsed time: 00:00:00s.  Time for last 1,000:    0s.  Last read position: 0:-17,318
INFO	2025-03-11 10:55:57	OpticalDuplicateFinder	Large duplicate set. size = 1568
INFO	2025-03-11 10:55:57	OpticalDuplicateFinder	compared         1,000 ReadEnds to others.  Elapsed time: 00:00:00s.  Time for last 1,000:    0s.  Last read position: 0:11,099
INFO	2025-03-11 10:55:57	OpticalDuplicateFinder	Large duplicate set. size = 1358
INFO	2025-03-11 10:55:57	OpticalDuplicateFinder	compared         1,000 ReadEnds to others.  Elapsed time: 00:00:00s.  Time for last 1,000:    0s.  Last read position: 0:-17,836
INFO	2025-03-11 10:55:57	OpticalDuplicateFinder	Large duplicate set. size = 1468
INFO	2025-03-11 10:55:57	OpticalDuplicateFinder	compared         1,000 ReadEnds to others.  Elapsed time: 00:00:00s.  Time for last 1,000:    0s.  Last read position: 0:-28,550
INFO	2025-03-11 10:55:57	OpticalDuplicateFinder	Large duplicate set. size = 1046
INFO	2025-03-11 10:55:57	OpticalDuplicateFinder	compared         1,000 ReadEnds to others.  Elapsed time: 00:00:00s.  Time for last 1,000:    0s.  Last read position: 0:14,223
INFO	2025-03-11 10:55:58	OpticalDuplicateFinder	Large duplicate set. size = 1021
INFO	2025-03-11 10:55:58	OpticalDuplicateFinder	compared         1,000 ReadEnds to others.  Elapsed time: 00:00:00s.  Time for last 1,000:    0s.  Last read position: 0:-29,052
INFO	2025-03-11 10:55:59	MarkDuplicates	Traversing fragment information and detecting duplicates.
INFO	2025-03-11 10:56:00	MarkDuplicates	Sorting list of duplicate records.
INFO	2025-03-11 10:56:02	MarkDuplicates	After generateDuplicateIndexes freeMemory: 12656778128; totalMemory: 20715667456; maxMemory: 32178700288
INFO	2025-03-11 10:56:02	MarkDuplicates	Marking 22296888 records as duplicates.
INFO	2025-03-11 10:56:02	MarkDuplicates	Found 1090740 optical duplicate clusters.
INFO	2025-03-11 10:56:02	MarkDuplicates	Reads are assumed to be ordered by: coordinate
INFO	2025-03-11 10:56:42	MarkDuplicates	Written    10,000,000 records.  Elapsed time: 00:00:40s.  Time for last 10,000,000:   40s.  Last read position: NC_010450.4:1,023,504
INFO	2025-03-11 10:57:23	MarkDuplicates	Written    20,000,000 records.  Elapsed time: 00:01:20s.  Time for last 10,000,000:   40s.  Last read position: NC_000845.1:6,680
INFO	2025-03-11 10:57:43	MarkDuplicates	Writing complete. Closing input iterator.
INFO	2025-03-11 10:57:43	MarkDuplicates	Duplicate Index cleanup.
INFO	2025-03-11 10:57:43	MarkDuplicates	Getting Memory Stats.
INFO	2025-03-11 10:57:43	MarkDuplicates	Before output close freeMemory: 324940648; totalMemory: 335544320; maxMemory: 32178700288
INFO	2025-03-11 10:57:43	MarkDuplicates	Closed outputs. Getting more Memory Stats.
INFO	2025-03-11 10:57:43	MarkDuplicates	After output close freeMemory: 132508544; totalMemory: 142606336; maxMemory: 32178700288
[Tue Mar 11 10:57:43 PDT 2025] picard.sam.markduplicates.MarkDuplicates done. Elapsed time: 3.57 minutes.
Runtime.totalMemory()=142606336
100000 GFF lines processed.
200000 GFF lines processed.
300000 GFF lines processed.
400000 GFF lines processed.
500000 GFF lines processed.
600000 GFF lines processed.
700000 GFF lines processed.
800000 GFF lines processed.
900000 GFF lines processed.
1000000 GFF lines processed.
1100000 GFF lines processed.
1200000 GFF lines processed.
1300000 GFF lines processed.
1400000 GFF lines processed.
1500000 GFF lines processed.
1600000 GFF lines processed.
1700000 GFF lines processed.
1800000 GFF lines processed.
1900000 GFF lines processed.
2000000 GFF lines processed.
2009927 GFF lines processed.
100000 alignment record pairs processed.
200000 alignment record pairs processed.
300000 alignment record pairs processed.
400000 alignment record pairs processed.
500000 alignment record pairs processed.
600000 alignment record pairs processed.
700000 alignment record pairs processed.
800000 alignment record pairs processed.
900000 alignment record pairs processed.
1000000 alignment record pairs processed.
1100000 alignment record pairs processed.
1200000 alignment record pairs processed.
1300000 alignment record pairs processed.
1400000 alignment record pairs processed.
1500000 alignment record pairs processed.
1600000 alignment record pairs processed.
1700000 alignment record pairs processed.
1800000 alignment record pairs processed.
1900000 alignment record pairs processed.
2000000 alignment record pairs processed.
2100000 alignment record pairs processed.
2200000 alignment record pairs processed.
2300000 alignment record pairs processed.
2400000 alignment record pairs processed.
2500000 alignment record pairs processed.
2600000 alignment record pairs processed.
2700000 alignment record pairs processed.
2800000 alignment record pairs processed.
2900000 alignment record pairs processed.
3000000 alignment record pairs processed.
3100000 alignment record pairs processed.
3200000 alignment record pairs processed.
3300000 alignment record pairs processed.
3400000 alignment record pairs processed.
3500000 alignment record pairs processed.
3600000 alignment record pairs processed.
3700000 alignment record pairs processed.
3800000 alignment record pairs processed.
3900000 alignment record pairs processed.
4000000 alignment record pairs processed.
4100000 alignment record pairs processed.
4200000 alignment record pairs processed.
4300000 alignment record pairs processed.
4400000 alignment record pairs processed.
4500000 alignment record pairs processed.
4600000 alignment record pairs processed.
4700000 alignment record pairs processed.
4800000 alignment record pairs processed.
4900000 alignment record pairs processed.
5000000 alignment record pairs processed.
5100000 alignment record pairs processed.
5200000 alignment record pairs processed.
5300000 alignment record pairs processed.
5400000 alignment record pairs processed.
5500000 alignment record pairs processed.
5600000 alignment record pairs processed.
5700000 alignment record pairs processed.
5800000 alignment record pairs processed.
5900000 alignment record pairs processed.
6000000 alignment record pairs processed.
6100000 alignment record pairs processed.
6200000 alignment record pairs processed.
6300000 alignment record pairs processed.
6400000 alignment record pairs processed.
6500000 alignment record pairs processed.
6600000 alignment record pairs processed.
6700000 alignment record pairs processed.
6800000 alignment record pairs processed.
6900000 alignment record pairs processed.
7000000 alignment record pairs processed.
7100000 alignment record pairs processed.
7200000 alignment record pairs processed.
7300000 alignment record pairs processed.
7400000 alignment record pairs processed.
7500000 alignment record pairs processed.
7600000 alignment record pairs processed.
7700000 alignment record pairs processed.
7800000 alignment record pairs processed.
7900000 alignment record pairs processed.
8000000 alignment record pairs processed.
8100000 alignment record pairs processed.
8200000 alignment record pairs processed.
8300000 alignment record pairs processed.
8400000 alignment record pairs processed.
8500000 alignment record pairs processed.
8600000 alignment record pairs processed.
8700000 alignment record pairs processed.
8800000 alignment record pairs processed.
8900000 alignment record pairs processed.
9000000 alignment record pairs processed.
9100000 alignment record pairs processed.
9200000 alignment record pairs processed.
9300000 alignment record pairs processed.
9400000 alignment record pairs processed.
9500000 alignment record pairs processed.
9600000 alignment record pairs processed.
9700000 alignment record pairs processed.
9800000 alignment record pairs processed.
9900000 alignment record pairs processed.
9907209 alignment record pairs processed.
