[bam_sort_core] merging from 20 files and 1 in-memory blocks...
10:55:13.850 INFO  NativeLibraryLoader - Loading libgkl_compression.so from jar:file:/opt/apps/picard-tools/2.27.1/picard.jar!/com/intel/gkl/native/libgkl_compression.so
[Tue Mar 11 10:55:13 PDT 2025] MarkDuplicates --SORTING_COLLECTION_SIZE_RATIO 0.8 --INPUT /tmp/itamburi/36400723/n80_sorted.bam --OUTPUT /tmp/itamburi/36400723/n80_dd.bam --METRICS_FILE /tmp/itamburi/36400723/n80_mrkdp_met.txt --REMOVE_DUPLICATES true --ASSUME_SORTED true --VALIDATION_STRINGENCY SILENT --COMPRESSION_LEVEL 0 --MAX_SEQUENCES_FOR_DISK_READ_ENDS_MAP 50000 --MAX_FILE_HANDLES_FOR_READ_ENDS_MAP 8000 --TAG_DUPLICATE_SET_MEMBERS false --REMOVE_SEQUENCING_DUPLICATES false --TAGGING_POLICY DontTag --CLEAR_DT true --DUPLEX_UMI false --ADD_PG_TAG_TO_READS true --DUPLICATE_SCORING_STRATEGY SUM_OF_BASE_QUALITIES --PROGRAM_RECORD_ID MarkDuplicates --PROGRAM_GROUP_NAME MarkDuplicates --READ_NAME_REGEX <optimized capture of last three ':' separated fields as numeric values> --OPTICAL_DUPLICATE_PIXEL_DISTANCE 100 --MAX_OPTICAL_DUPLICATE_SET_SIZE 300000 --VERBOSITY INFO --QUIET false --MAX_RECORDS_IN_RAM 500000 --CREATE_INDEX false --CREATE_MD5_FILE false --GA4GH_CLIENT_SECRETS client_secrets.json --help false --version false --showHidden false --USE_JDK_DEFLATER false --USE_JDK_INFLATER false
[Tue Mar 11 10:55:13 PDT 2025] Executing as itamburi@hpc3-21-31 on Linux 4.18.0-553.22.1.el8_10.x86_64 amd64; OpenJDK 64-Bit Server VM 11.0.25+9-LTS; Deflater: Intel; Inflater: Intel; Provider GCS is not available; Picard version: Version:unspecified-SNAPSHOT
INFO	2025-03-11 10:55:13	MarkDuplicates	Start of doWork freeMemory: 219774320; totalMemory: 226492416; maxMemory: 32178700288
INFO	2025-03-11 10:55:13	MarkDuplicates	Reading input file and constructing read end information.
INFO	2025-03-11 10:55:13	MarkDuplicates	Will retain up to 373086380 data points before spilling to disk.
INFO	2025-03-11 10:55:17	MarkDuplicates	Read     1,000,000 records.  Elapsed time: 00:00:02s.  Time for last 1,000,000:    2s.  Last read position: NC_010443.5:127,670,667
INFO	2025-03-11 10:55:17	MarkDuplicates	Tracking 4 as yet unmatched pairs. 4 records in RAM.
INFO	2025-03-11 10:55:19	MarkDuplicates	Read     2,000,000 records.  Elapsed time: 00:00:04s.  Time for last 1,000,000:    2s.  Last read position: NC_010443.5:269,276,018
INFO	2025-03-11 10:55:19	MarkDuplicates	Tracking 13 as yet unmatched pairs. 13 records in RAM.
INFO	2025-03-11 10:55:21	MarkDuplicates	Read     3,000,000 records.  Elapsed time: 00:00:06s.  Time for last 1,000,000:    2s.  Last read position: NC_010444.4:9,214,292
INFO	2025-03-11 10:55:21	MarkDuplicates	Tracking 203 as yet unmatched pairs. 203 records in RAM.
INFO	2025-03-11 10:55:23	MarkDuplicates	Read     4,000,000 records.  Elapsed time: 00:00:09s.  Time for last 1,000,000:    2s.  Last read position: NC_010444.4:68,656,414
INFO	2025-03-11 10:55:23	MarkDuplicates	Tracking 26 as yet unmatched pairs. 26 records in RAM.
INFO	2025-03-11 10:55:26	MarkDuplicates	Read     5,000,000 records.  Elapsed time: 00:00:11s.  Time for last 1,000,000:    2s.  Last read position: NC_010444.4:137,048,298
INFO	2025-03-11 10:55:26	MarkDuplicates	Tracking 38 as yet unmatched pairs. 38 records in RAM.
INFO	2025-03-11 10:55:28	MarkDuplicates	Read     6,000,000 records.  Elapsed time: 00:00:13s.  Time for last 1,000,000:    2s.  Last read position: NC_010445.4:33,807,702
INFO	2025-03-11 10:55:28	MarkDuplicates	Tracking 72 as yet unmatched pairs. 72 records in RAM.
INFO	2025-03-11 10:55:30	MarkDuplicates	Read     7,000,000 records.  Elapsed time: 00:00:15s.  Time for last 1,000,000:    2s.  Last read position: NC_010445.4:110,438,406
INFO	2025-03-11 10:55:30	MarkDuplicates	Tracking 118 as yet unmatched pairs. 118 records in RAM.
INFO	2025-03-11 10:55:32	MarkDuplicates	Read     8,000,000 records.  Elapsed time: 00:00:18s.  Time for last 1,000,000:    2s.  Last read position: NC_010446.5:89,263,279
INFO	2025-03-11 10:55:32	MarkDuplicates	Tracking 157 as yet unmatched pairs. 157 records in RAM.
INFO	2025-03-11 10:55:34	MarkDuplicates	Read     9,000,000 records.  Elapsed time: 00:00:20s.  Time for last 1,000,000:    2s.  Last read position: NC_010447.5:7,017,962
INFO	2025-03-11 10:55:34	MarkDuplicates	Tracking 522 as yet unmatched pairs. 522 records in RAM.
INFO	2025-03-11 10:55:36	MarkDuplicates	Read    10,000,000 records.  Elapsed time: 00:00:22s.  Time for last 1,000,000:    2s.  Last read position: NC_010447.5:63,745,498
INFO	2025-03-11 10:55:36	MarkDuplicates	Tracking 55 as yet unmatched pairs. 55 records in RAM.
INFO	2025-03-11 10:55:39	MarkDuplicates	Read    11,000,000 records.  Elapsed time: 00:00:24s.  Time for last 1,000,000:    2s.  Last read position: NC_010448.4:27,602,098
INFO	2025-03-11 10:55:39	MarkDuplicates	Tracking 1737 as yet unmatched pairs. 1737 records in RAM.
INFO	2025-03-11 10:55:41	MarkDuplicates	Read    12,000,000 records.  Elapsed time: 00:00:26s.  Time for last 1,000,000:    2s.  Last read position: NC_010448.4:54,817,445
INFO	2025-03-11 10:55:41	MarkDuplicates	Tracking 68 as yet unmatched pairs. 68 records in RAM.
INFO	2025-03-11 10:55:43	MarkDuplicates	Read    13,000,000 records.  Elapsed time: 00:00:29s.  Time for last 1,000,000:    2s.  Last read position: NC_010448.4:67,116,080
INFO	2025-03-11 10:55:43	MarkDuplicates	Tracking 783 as yet unmatched pairs. 783 records in RAM.
INFO	2025-03-11 10:55:45	MarkDuplicates	Read    14,000,000 records.  Elapsed time: 00:00:31s.  Time for last 1,000,000:    2s.  Last read position: NC_010448.4:158,425,858
INFO	2025-03-11 10:55:45	MarkDuplicates	Tracking 24 as yet unmatched pairs. 24 records in RAM.
INFO	2025-03-11 10:55:47	MarkDuplicates	Read    15,000,000 records.  Elapsed time: 00:00:33s.  Time for last 1,000,000:    2s.  Last read position: NC_010449.5:32,789,266
INFO	2025-03-11 10:55:47	MarkDuplicates	Tracking 40 as yet unmatched pairs. 40 records in RAM.
INFO	2025-03-11 10:55:50	MarkDuplicates	Read    16,000,000 records.  Elapsed time: 00:00:35s.  Time for last 1,000,000:    2s.  Last read position: NC_010449.5:75,670,686
INFO	2025-03-11 10:55:50	MarkDuplicates	Tracking 34521 as yet unmatched pairs. 34521 records in RAM.
INFO	2025-03-11 10:55:52	MarkDuplicates	Read    17,000,000 records.  Elapsed time: 00:00:37s.  Time for last 1,000,000:    1s.  Last read position: NC_010450.4:1,018,779
INFO	2025-03-11 10:55:52	MarkDuplicates	Tracking 94 as yet unmatched pairs. 94 records in RAM.
INFO	2025-03-11 10:55:54	MarkDuplicates	Read    18,000,000 records.  Elapsed time: 00:00:39s.  Time for last 1,000,000:    2s.  Last read position: NC_010451.4:4,701,235
INFO	2025-03-11 10:55:54	MarkDuplicates	Tracking 34163 as yet unmatched pairs. 34163 records in RAM.
INFO	2025-03-11 10:55:56	MarkDuplicates	Read    19,000,000 records.  Elapsed time: 00:00:41s.  Time for last 1,000,000:    2s.  Last read position: NC_010451.4:119,860,361
INFO	2025-03-11 10:55:56	MarkDuplicates	Tracking 101 as yet unmatched pairs. 101 records in RAM.
INFO	2025-03-11 10:55:58	MarkDuplicates	Read    20,000,000 records.  Elapsed time: 00:00:44s.  Time for last 1,000,000:    2s.  Last read position: NC_010452.4:53,957,404
INFO	2025-03-11 10:55:58	MarkDuplicates	Tracking 2642 as yet unmatched pairs. 2642 records in RAM.
INFO	2025-03-11 10:56:00	MarkDuplicates	Read    21,000,000 records.  Elapsed time: 00:00:46s.  Time for last 1,000,000:    2s.  Last read position: NC_010454.4:6,071,535
INFO	2025-03-11 10:56:00	MarkDuplicates	Tracking 31 as yet unmatched pairs. 31 records in RAM.
INFO	2025-03-11 10:56:03	MarkDuplicates	Read    22,000,000 records.  Elapsed time: 00:00:48s.  Time for last 1,000,000:    2s.  Last read position: NC_010454.4:50,491,483
INFO	2025-03-11 10:56:03	MarkDuplicates	Tracking 124 as yet unmatched pairs. 124 records in RAM.
INFO	2025-03-11 10:56:05	MarkDuplicates	Read    23,000,000 records.  Elapsed time: 00:00:50s.  Time for last 1,000,000:    2s.  Last read position: NC_010455.5:32,089,112
INFO	2025-03-11 10:56:05	MarkDuplicates	Tracking 35 as yet unmatched pairs. 35 records in RAM.
INFO	2025-03-11 10:56:07	MarkDuplicates	Read    24,000,000 records.  Elapsed time: 00:00:53s.  Time for last 1,000,000:    2s.  Last read position: NC_010455.5:157,417,081
INFO	2025-03-11 10:56:07	MarkDuplicates	Tracking 1189 as yet unmatched pairs. 1189 records in RAM.
INFO	2025-03-11 10:56:10	MarkDuplicates	Read    25,000,000 records.  Elapsed time: 00:00:55s.  Time for last 1,000,000:    2s.  Last read position: NC_010456.5:33,626,331
INFO	2025-03-11 10:56:10	MarkDuplicates	Tracking 666 as yet unmatched pairs. 666 records in RAM.
INFO	2025-03-11 10:56:12	MarkDuplicates	Read    26,000,000 records.  Elapsed time: 00:00:57s.  Time for last 1,000,000:    2s.  Last read position: NC_010456.5:87,719,661
INFO	2025-03-11 10:56:12	MarkDuplicates	Tracking 263 as yet unmatched pairs. 263 records in RAM.
INFO	2025-03-11 10:56:14	MarkDuplicates	Read    27,000,000 records.  Elapsed time: 00:01:00s.  Time for last 1,000,000:    2s.  Last read position: NC_010457.5:71,452,664
INFO	2025-03-11 10:56:14	MarkDuplicates	Tracking 20 as yet unmatched pairs. 20 records in RAM.
INFO	2025-03-11 10:56:16	MarkDuplicates	Read    28,000,000 records.  Elapsed time: 00:01:02s.  Time for last 1,000,000:    2s.  Last read position: NC_010458.4:43,703,528
INFO	2025-03-11 10:56:16	MarkDuplicates	Tracking 78 as yet unmatched pairs. 78 records in RAM.
INFO	2025-03-11 10:56:19	MarkDuplicates	Read    29,000,000 records.  Elapsed time: 00:01:04s.  Time for last 1,000,000:    2s.  Last read position: NC_010459.5:59,175,629
INFO	2025-03-11 10:56:19	MarkDuplicates	Tracking 0 as yet unmatched pairs. 0 records in RAM.
INFO	2025-03-11 10:56:21	MarkDuplicates	Read    30,000,000 records.  Elapsed time: 00:01:06s.  Time for last 1,000,000:    2s.  Last read position: NC_010461.5:57,274,311
INFO	2025-03-11 10:56:21	MarkDuplicates	Tracking 6 as yet unmatched pairs. 6 records in RAM.
INFO	2025-03-11 10:56:23	MarkDuplicates	Read    31,000,000 records.  Elapsed time: 00:01:09s.  Time for last 1,000,000:    2s.  Last read position: NW_018084979.1:2,239,323
INFO	2025-03-11 10:56:23	MarkDuplicates	Tracking 141 as yet unmatched pairs. 141 records in RAM.
INFO	2025-03-11 10:56:25	MarkDuplicates	Read    32,000,000 records.  Elapsed time: 00:01:11s.  Time for last 1,000,000:    2s.  Last read position: NC_000845.1:3,606
INFO	2025-03-11 10:56:25	MarkDuplicates	Tracking 3708 as yet unmatched pairs. 3708 records in RAM.
INFO	2025-03-11 10:56:27	MarkDuplicates	Read    33,000,000 records.  Elapsed time: 00:01:13s.  Time for last 1,000,000:    2s.  Last read position: NC_000845.1:5,898
INFO	2025-03-11 10:56:27	MarkDuplicates	Tracking 40646 as yet unmatched pairs. 40646 records in RAM.
INFO	2025-03-11 10:56:30	MarkDuplicates	Read    34,000,000 records.  Elapsed time: 00:01:15s.  Time for last 1,000,000:    2s.  Last read position: NC_000845.1:7,105
INFO	2025-03-11 10:56:30	MarkDuplicates	Tracking 87095 as yet unmatched pairs. 87095 records in RAM.
INFO	2025-03-11 10:56:32	MarkDuplicates	Read    35,000,000 records.  Elapsed time: 00:01:17s.  Time for last 1,000,000:    2s.  Last read position: NC_000845.1:7,551
INFO	2025-03-11 10:56:32	MarkDuplicates	Tracking 180795 as yet unmatched pairs. 180795 records in RAM.
INFO	2025-03-11 10:56:34	MarkDuplicates	Read    36,000,000 records.  Elapsed time: 00:01:19s.  Time for last 1,000,000:    2s.  Last read position: NC_000845.1:7,854
INFO	2025-03-11 10:56:34	MarkDuplicates	Tracking 300773 as yet unmatched pairs. 300773 records in RAM.
INFO	2025-03-11 10:56:36	MarkDuplicates	Read    37,000,000 records.  Elapsed time: 00:01:22s.  Time for last 1,000,000:    2s.  Last read position: NC_000845.1:8,513
INFO	2025-03-11 10:56:36	MarkDuplicates	Tracking 138260 as yet unmatched pairs. 138260 records in RAM.
INFO	2025-03-11 10:56:38	MarkDuplicates	Read    38,000,000 records.  Elapsed time: 00:01:24s.  Time for last 1,000,000:    2s.  Last read position: NC_000845.1:9,223
INFO	2025-03-11 10:56:38	MarkDuplicates	Tracking 107622 as yet unmatched pairs. 107622 records in RAM.
INFO	2025-03-11 10:56:41	MarkDuplicates	Read    39,000,000 records.  Elapsed time: 00:01:26s.  Time for last 1,000,000:    2s.  Last read position: NC_000845.1:9,559
INFO	2025-03-11 10:56:41	MarkDuplicates	Tracking 214482 as yet unmatched pairs. 214482 records in RAM.
INFO	2025-03-11 10:56:43	MarkDuplicates	Read    40,000,000 records.  Elapsed time: 00:01:28s.  Time for last 1,000,000:    2s.  Last read position: NC_000845.1:10,142
INFO	2025-03-11 10:56:43	MarkDuplicates	Tracking 116473 as yet unmatched pairs. 116473 records in RAM.
INFO	2025-03-11 10:56:45	MarkDuplicates	Read    41,000,000 records.  Elapsed time: 00:01:31s.  Time for last 1,000,000:    2s.  Last read position: NC_000845.1:11,367
INFO	2025-03-11 10:56:45	MarkDuplicates	Tracking 20598 as yet unmatched pairs. 20598 records in RAM.
INFO	2025-03-11 10:56:47	MarkDuplicates	Read    42,000,000 records.  Elapsed time: 00:01:33s.  Time for last 1,000,000:    2s.  Last read position: NC_000845.1:14,238
INFO	2025-03-11 10:56:47	MarkDuplicates	Tracking 24125 as yet unmatched pairs. 24125 records in RAM.
INFO	2025-03-11 10:56:50	MarkDuplicates	Read    43,000,000 records.  Elapsed time: 00:01:35s.  Time for last 1,000,000:    2s.  Last read position: NC_000845.1:16,068
INFO	2025-03-11 10:56:50	MarkDuplicates	Tracking 52653 as yet unmatched pairs. 52653 records in RAM.
INFO	2025-03-11 10:56:50	MarkDuplicates	Read 43296108 records. 0 pairs never matched.
INFO	2025-03-11 10:56:51	MarkDuplicates	After buildSortedReadEndLists freeMemory: 5083864464; totalMemory: 12549357568; maxMemory: 32178700288
INFO	2025-03-11 10:56:51	MarkDuplicates	Will retain up to 1005584384 duplicate indices before spilling to disk.
INFO	2025-03-11 10:56:53	MarkDuplicates	Traversing read pair information and detecting duplicates.
INFO	2025-03-11 10:56:58	OpticalDuplicateFinder	Large duplicate set. size = 1024
INFO	2025-03-11 10:56:58	OpticalDuplicateFinder	compared         1,000 ReadEnds to others.  Elapsed time: 00:00:00s.  Time for last 1,000:    0s.  Last read position: 0:11,423
INFO	2025-03-11 10:56:59	OpticalDuplicateFinder	Large duplicate set. size = 1361
INFO	2025-03-11 10:56:59	OpticalDuplicateFinder	compared         1,000 ReadEnds to others.  Elapsed time: 00:00:00s.  Time for last 1,000:    0s.  Last read position: 0:10,071
INFO	2025-03-11 10:56:59	OpticalDuplicateFinder	Large duplicate set. size = 1153
INFO	2025-03-11 10:56:59	OpticalDuplicateFinder	compared         1,000 ReadEnds to others.  Elapsed time: 00:00:00s.  Time for last 1,000:    0s.  Last read position: 0:3,153
INFO	2025-03-11 10:56:59	OpticalDuplicateFinder	Large duplicate set. size = 1442
INFO	2025-03-11 10:56:59	OpticalDuplicateFinder	compared         1,000 ReadEnds to others.  Elapsed time: 00:00:00s.  Time for last 1,000:    0s.  Last read position: 0:30,189
INFO	2025-03-11 10:57:00	OpticalDuplicateFinder	Large duplicate set. size = 1206
INFO	2025-03-11 10:57:00	OpticalDuplicateFinder	compared         1,000 ReadEnds to others.  Elapsed time: 00:00:00s.  Time for last 1,000:    0s.  Last read position: 0:17,856
INFO	2025-03-11 10:57:00	OpticalDuplicateFinder	Large duplicate set. size = 1106
INFO	2025-03-11 10:57:00	OpticalDuplicateFinder	compared         1,000 ReadEnds to others.  Elapsed time: 00:00:00s.  Time for last 1,000:    0s.  Last read position: 0:-22,262
INFO	2025-03-11 10:57:00	OpticalDuplicateFinder	Large duplicate set. size = 1017
INFO	2025-03-11 10:57:00	OpticalDuplicateFinder	compared         1,000 ReadEnds to others.  Elapsed time: 00:00:00s.  Time for last 1,000:    0s.  Last read position: 0:-26,931
INFO	2025-03-11 10:57:01	MarkDuplicates	Traversing fragment information and detecting duplicates.
INFO	2025-03-11 10:57:04	MarkDuplicates	Sorting list of duplicate records.
INFO	2025-03-11 10:57:06	MarkDuplicates	After generateDuplicateIndexes freeMemory: 12539369896; totalMemory: 20598226944; maxMemory: 32178700288
INFO	2025-03-11 10:57:06	MarkDuplicates	Marking 19331444 records as duplicates.
INFO	2025-03-11 10:57:06	MarkDuplicates	Found 1017268 optical duplicate clusters.
INFO	2025-03-11 10:57:06	MarkDuplicates	Reads are assumed to be ordered by: coordinate
INFO	2025-03-11 10:57:46	MarkDuplicates	Written    10,000,000 records.  Elapsed time: 00:00:40s.  Time for last 10,000,000:   40s.  Last read position: NC_010449.5:22,958,010
INFO	2025-03-11 10:58:26	MarkDuplicates	Written    20,000,000 records.  Elapsed time: 00:01:20s.  Time for last 10,000,000:   40s.  Last read position: NC_010460.4:10,297,687
INFO	2025-03-11 10:58:51	MarkDuplicates	Writing complete. Closing input iterator.
INFO	2025-03-11 10:58:51	MarkDuplicates	Duplicate Index cleanup.
INFO	2025-03-11 10:58:51	MarkDuplicates	Getting Memory Stats.
INFO	2025-03-11 10:58:51	MarkDuplicates	Before output close freeMemory: 312390032; totalMemory: 322961408; maxMemory: 32178700288
INFO	2025-03-11 10:58:51	MarkDuplicates	Closed outputs. Getting more Memory Stats.
INFO	2025-03-11 10:58:51	MarkDuplicates	After output close freeMemory: 103515568; totalMemory: 113246208; maxMemory: 32178700288
[Tue Mar 11 10:58:51 PDT 2025] picard.sam.markduplicates.MarkDuplicates done. Elapsed time: 3.63 minutes.
Runtime.totalMemory()=113246208
100000 GFF lines processed.
200000 GFF lines processed.
300000 GFF lines processed.
400000 GFF lines processed.
500000 GFF lines processed.
600000 GFF lines processed.
700000 GFF lines processed.
800000 GFF lines processed.
900000 GFF lines processed.
1000000 GFF lines processed.
1100000 GFF lines processed.
1200000 GFF lines processed.
1300000 GFF lines processed.
1400000 GFF lines processed.
1500000 GFF lines processed.
1600000 GFF lines processed.
1700000 GFF lines processed.
1800000 GFF lines processed.
1900000 GFF lines processed.
2000000 GFF lines processed.
2009927 GFF lines processed.
100000 alignment record pairs processed.
200000 alignment record pairs processed.
300000 alignment record pairs processed.
400000 alignment record pairs processed.
500000 alignment record pairs processed.
600000 alignment record pairs processed.
700000 alignment record pairs processed.
800000 alignment record pairs processed.
900000 alignment record pairs processed.
1000000 alignment record pairs processed.
1100000 alignment record pairs processed.
1200000 alignment record pairs processed.
1300000 alignment record pairs processed.
1400000 alignment record pairs processed.
1500000 alignment record pairs processed.
1600000 alignment record pairs processed.
1700000 alignment record pairs processed.
1800000 alignment record pairs processed.
1900000 alignment record pairs processed.
2000000 alignment record pairs processed.
2100000 alignment record pairs processed.
2200000 alignment record pairs processed.
2300000 alignment record pairs processed.
2400000 alignment record pairs processed.
2500000 alignment record pairs processed.
2600000 alignment record pairs processed.
2700000 alignment record pairs processed.
2800000 alignment record pairs processed.
2900000 alignment record pairs processed.
3000000 alignment record pairs processed.
3100000 alignment record pairs processed.
3200000 alignment record pairs processed.
3300000 alignment record pairs processed.
3400000 alignment record pairs processed.
3500000 alignment record pairs processed.
3600000 alignment record pairs processed.
3700000 alignment record pairs processed.
3800000 alignment record pairs processed.
3900000 alignment record pairs processed.
4000000 alignment record pairs processed.
4100000 alignment record pairs processed.
4200000 alignment record pairs processed.
4300000 alignment record pairs processed.
4400000 alignment record pairs processed.
4500000 alignment record pairs processed.
4600000 alignment record pairs processed.
4700000 alignment record pairs processed.
4800000 alignment record pairs processed.
4900000 alignment record pairs processed.
5000000 alignment record pairs processed.
5100000 alignment record pairs processed.
5200000 alignment record pairs processed.
5300000 alignment record pairs processed.
5400000 alignment record pairs processed.
5500000 alignment record pairs processed.
5600000 alignment record pairs processed.
5700000 alignment record pairs processed.
5800000 alignment record pairs processed.
5900000 alignment record pairs processed.
6000000 alignment record pairs processed.
6100000 alignment record pairs processed.
6200000 alignment record pairs processed.
6300000 alignment record pairs processed.
6400000 alignment record pairs processed.
6500000 alignment record pairs processed.
6600000 alignment record pairs processed.
6700000 alignment record pairs processed.
6800000 alignment record pairs processed.
6900000 alignment record pairs processed.
7000000 alignment record pairs processed.
7100000 alignment record pairs processed.
7200000 alignment record pairs processed.
7300000 alignment record pairs processed.
7400000 alignment record pairs processed.
7500000 alignment record pairs processed.
7600000 alignment record pairs processed.
7700000 alignment record pairs processed.
7800000 alignment record pairs processed.
7900000 alignment record pairs processed.
8000000 alignment record pairs processed.
8100000 alignment record pairs processed.
8200000 alignment record pairs processed.
8300000 alignment record pairs processed.
8400000 alignment record pairs processed.
8500000 alignment record pairs processed.
8600000 alignment record pairs processed.
8700000 alignment record pairs processed.
8800000 alignment record pairs processed.
8900000 alignment record pairs processed.
9000000 alignment record pairs processed.
9100000 alignment record pairs processed.
9200000 alignment record pairs processed.
9300000 alignment record pairs processed.
9400000 alignment record pairs processed.
9500000 alignment record pairs processed.
9600000 alignment record pairs processed.
9700000 alignment record pairs processed.
9800000 alignment record pairs processed.
9900000 alignment record pairs processed.
10000000 alignment record pairs processed.
10100000 alignment record pairs processed.
10200000 alignment record pairs processed.
10300000 alignment record pairs processed.
10400000 alignment record pairs processed.
10500000 alignment record pairs processed.
10600000 alignment record pairs processed.
10700000 alignment record pairs processed.
10800000 alignment record pairs processed.
10900000 alignment record pairs processed.
11000000 alignment record pairs processed.
11030485 alignment record pairs processed.
