[bam_sort_core] merging from 19 files and 1 in-memory blocks...
10:50:00.573 INFO  NativeLibraryLoader - Loading libgkl_compression.so from jar:file:/opt/apps/picard-tools/2.27.1/picard.jar!/com/intel/gkl/native/libgkl_compression.so
[Tue Mar 11 10:50:00 PDT 2025] MarkDuplicates --SORTING_COLLECTION_SIZE_RATIO 0.8 --INPUT /tmp/itamburi/36400698/n27_sorted.bam --OUTPUT /tmp/itamburi/36400698/n27_dd.bam --METRICS_FILE /tmp/itamburi/36400698/n27_mrkdp_met.txt --REMOVE_DUPLICATES true --ASSUME_SORTED true --VALIDATION_STRINGENCY SILENT --COMPRESSION_LEVEL 0 --MAX_SEQUENCES_FOR_DISK_READ_ENDS_MAP 50000 --MAX_FILE_HANDLES_FOR_READ_ENDS_MAP 8000 --TAG_DUPLICATE_SET_MEMBERS false --REMOVE_SEQUENCING_DUPLICATES false --TAGGING_POLICY DontTag --CLEAR_DT true --DUPLEX_UMI false --ADD_PG_TAG_TO_READS true --DUPLICATE_SCORING_STRATEGY SUM_OF_BASE_QUALITIES --PROGRAM_RECORD_ID MarkDuplicates --PROGRAM_GROUP_NAME MarkDuplicates --READ_NAME_REGEX <optimized capture of last three ':' separated fields as numeric values> --OPTICAL_DUPLICATE_PIXEL_DISTANCE 100 --MAX_OPTICAL_DUPLICATE_SET_SIZE 300000 --VERBOSITY INFO --QUIET false --MAX_RECORDS_IN_RAM 500000 --CREATE_INDEX false --CREATE_MD5_FILE false --GA4GH_CLIENT_SECRETS client_secrets.json --help false --version false --showHidden false --USE_JDK_DEFLATER false --USE_JDK_INFLATER false
[Tue Mar 11 10:50:00 PDT 2025] Executing as itamburi@hpc3-23-06 on Linux 4.18.0-553.22.1.el8_10.x86_64 amd64; OpenJDK 64-Bit Server VM 11.0.25+9-LTS; Deflater: Intel; Inflater: Intel; Provider GCS is not available; Picard version: Version:unspecified-SNAPSHOT
INFO	2025-03-11 10:50:00	MarkDuplicates	Start of doWork freeMemory: 202981936; totalMemory: 209715200; maxMemory: 32178700288
INFO	2025-03-11 10:50:00	MarkDuplicates	Reading input file and constructing read end information.
INFO	2025-03-11 10:50:00	MarkDuplicates	Will retain up to 373086380 data points before spilling to disk.
INFO	2025-03-11 10:50:02	MarkDuplicates	Read     1,000,000 records.  Elapsed time: 00:00:01s.  Time for last 1,000,000:    1s.  Last read position: NC_010443.5:126,865,877
INFO	2025-03-11 10:50:02	MarkDuplicates	Tracking 4436 as yet unmatched pairs. 4436 records in RAM.
INFO	2025-03-11 10:50:04	MarkDuplicates	Read     2,000,000 records.  Elapsed time: 00:00:03s.  Time for last 1,000,000:    1s.  Last read position: NC_010443.5:268,401,668
INFO	2025-03-11 10:50:04	MarkDuplicates	Tracking 227 as yet unmatched pairs. 227 records in RAM.
INFO	2025-03-11 10:50:06	MarkDuplicates	Read     3,000,000 records.  Elapsed time: 00:00:05s.  Time for last 1,000,000:    1s.  Last read position: NC_010444.4:7,803,507
INFO	2025-03-11 10:50:06	MarkDuplicates	Tracking 13 as yet unmatched pairs. 13 records in RAM.
INFO	2025-03-11 10:50:07	MarkDuplicates	Read     4,000,000 records.  Elapsed time: 00:00:06s.  Time for last 1,000,000:    1s.  Last read position: NC_010444.4:64,802,711
INFO	2025-03-11 10:50:07	MarkDuplicates	Tracking 86 as yet unmatched pairs. 86 records in RAM.
INFO	2025-03-11 10:50:09	MarkDuplicates	Read     5,000,000 records.  Elapsed time: 00:00:08s.  Time for last 1,000,000:    1s.  Last read position: NC_010444.4:117,866,134
INFO	2025-03-11 10:50:09	MarkDuplicates	Tracking 196 as yet unmatched pairs. 196 records in RAM.
INFO	2025-03-11 10:50:11	MarkDuplicates	Read     6,000,000 records.  Elapsed time: 00:00:10s.  Time for last 1,000,000:    1s.  Last read position: NC_010445.4:18,259,985
INFO	2025-03-11 10:50:11	MarkDuplicates	Tracking 1803 as yet unmatched pairs. 1803 records in RAM.
INFO	2025-03-11 10:50:12	MarkDuplicates	Read     7,000,000 records.  Elapsed time: 00:00:11s.  Time for last 1,000,000:    1s.  Last read position: NC_010445.4:86,585,887
INFO	2025-03-11 10:50:12	MarkDuplicates	Tracking 734 as yet unmatched pairs. 734 records in RAM.
INFO	2025-03-11 10:50:14	MarkDuplicates	Read     8,000,000 records.  Elapsed time: 00:00:13s.  Time for last 1,000,000:    1s.  Last read position: NC_010446.5:53,953,651
INFO	2025-03-11 10:50:14	MarkDuplicates	Tracking 7543 as yet unmatched pairs. 7543 records in RAM.
INFO	2025-03-11 10:50:16	MarkDuplicates	Read     9,000,000 records.  Elapsed time: 00:00:15s.  Time for last 1,000,000:    1s.  Last read position: NC_010446.5:124,365,068
INFO	2025-03-11 10:50:16	MarkDuplicates	Tracking 1469 as yet unmatched pairs. 1469 records in RAM.
INFO	2025-03-11 10:50:17	MarkDuplicates	Read    10,000,000 records.  Elapsed time: 00:00:16s.  Time for last 1,000,000:    1s.  Last read position: NC_010447.5:23,110,684
INFO	2025-03-11 10:50:17	MarkDuplicates	Tracking 176 as yet unmatched pairs. 176 records in RAM.
INFO	2025-03-11 10:50:19	MarkDuplicates	Read    11,000,000 records.  Elapsed time: 00:00:18s.  Time for last 1,000,000:    1s.  Last read position: NC_010447.5:85,284,725
INFO	2025-03-11 10:50:19	MarkDuplicates	Tracking 4887 as yet unmatched pairs. 4887 records in RAM.
INFO	2025-03-11 10:50:20	MarkDuplicates	Read    12,000,000 records.  Elapsed time: 00:00:19s.  Time for last 1,000,000:    1s.  Last read position: NC_010448.4:51,308,209
INFO	2025-03-11 10:50:20	MarkDuplicates	Tracking 147 as yet unmatched pairs. 147 records in RAM.
INFO	2025-03-11 10:50:22	MarkDuplicates	Read    13,000,000 records.  Elapsed time: 00:00:21s.  Time for last 1,000,000:    1s.  Last read position: NC_010448.4:59,369,353
INFO	2025-03-11 10:50:22	MarkDuplicates	Tracking 37853 as yet unmatched pairs. 37853 records in RAM.
INFO	2025-03-11 10:50:24	MarkDuplicates	Read    14,000,000 records.  Elapsed time: 00:00:23s.  Time for last 1,000,000:    1s.  Last read position: NC_010448.4:103,391,730
INFO	2025-03-11 10:50:24	MarkDuplicates	Tracking 98 as yet unmatched pairs. 98 records in RAM.
INFO	2025-03-11 10:50:25	MarkDuplicates	Read    15,000,000 records.  Elapsed time: 00:00:25s.  Time for last 1,000,000:    1s.  Last read position: NC_010449.5:23,779,462
INFO	2025-03-11 10:50:25	MarkDuplicates	Tracking 28 as yet unmatched pairs. 28 records in RAM.
INFO	2025-03-11 10:50:27	MarkDuplicates	Read    16,000,000 records.  Elapsed time: 00:00:26s.  Time for last 1,000,000:    1s.  Last read position: NC_010449.5:75,658,057
INFO	2025-03-11 10:50:27	MarkDuplicates	Tracking 7615 as yet unmatched pairs. 7615 records in RAM.
INFO	2025-03-11 10:50:29	MarkDuplicates	Read    17,000,000 records.  Elapsed time: 00:00:28s.  Time for last 1,000,000:    1s.  Last read position: NC_010449.5:75,670,615
INFO	2025-03-11 10:50:29	MarkDuplicates	Tracking 47895 as yet unmatched pairs. 47895 records in RAM.
INFO	2025-03-11 10:50:30	MarkDuplicates	Read    18,000,000 records.  Elapsed time: 00:00:29s.  Time for last 1,000,000:    1s.  Last read position: NC_010450.4:903,713
INFO	2025-03-11 10:50:30	MarkDuplicates	Tracking 21 as yet unmatched pairs. 21 records in RAM.
INFO	2025-03-11 10:50:32	MarkDuplicates	Read    19,000,000 records.  Elapsed time: 00:00:31s.  Time for last 1,000,000:    1s.  Last read position: NC_010451.4:4,701,301
INFO	2025-03-11 10:50:32	MarkDuplicates	Tracking 16282 as yet unmatched pairs. 16282 records in RAM.
INFO	2025-03-11 10:50:34	MarkDuplicates	Read    20,000,000 records.  Elapsed time: 00:00:33s.  Time for last 1,000,000:    1s.  Last read position: NC_010451.4:114,066,474
INFO	2025-03-11 10:50:34	MarkDuplicates	Tracking 84 as yet unmatched pairs. 84 records in RAM.
INFO	2025-03-11 10:50:35	MarkDuplicates	Read    21,000,000 records.  Elapsed time: 00:00:34s.  Time for last 1,000,000:    1s.  Last read position: NC_010452.4:53,954,955
INFO	2025-03-11 10:50:35	MarkDuplicates	Tracking 567 as yet unmatched pairs. 567 records in RAM.
INFO	2025-03-11 10:50:37	MarkDuplicates	Read    22,000,000 records.  Elapsed time: 00:00:36s.  Time for last 1,000,000:    1s.  Last read position: NC_010454.4:5,633,964
INFO	2025-03-11 10:50:37	MarkDuplicates	Tracking 212 as yet unmatched pairs. 212 records in RAM.
INFO	2025-03-11 10:50:38	MarkDuplicates	Read    23,000,000 records.  Elapsed time: 00:00:38s.  Time for last 1,000,000:    1s.  Last read position: NC_010454.4:51,603,501
INFO	2025-03-11 10:50:38	MarkDuplicates	Tracking 23 as yet unmatched pairs. 23 records in RAM.
INFO	2025-03-11 10:50:40	MarkDuplicates	Read    24,000,000 records.  Elapsed time: 00:00:39s.  Time for last 1,000,000:    1s.  Last read position: NC_010455.5:31,298,538
INFO	2025-03-11 10:50:40	MarkDuplicates	Tracking 1943 as yet unmatched pairs. 1943 records in RAM.
INFO	2025-03-11 10:50:42	MarkDuplicates	Read    25,000,000 records.  Elapsed time: 00:00:41s.  Time for last 1,000,000:    1s.  Last read position: NC_010455.5:138,169,654
INFO	2025-03-11 10:50:42	MarkDuplicates	Tracking 38 as yet unmatched pairs. 38 records in RAM.
INFO	2025-03-11 10:50:43	MarkDuplicates	Read    26,000,000 records.  Elapsed time: 00:00:43s.  Time for last 1,000,000:    1s.  Last read position: NC_010456.5:32,206,248
INFO	2025-03-11 10:50:43	MarkDuplicates	Tracking 32299 as yet unmatched pairs. 32299 records in RAM.
INFO	2025-03-11 10:50:45	MarkDuplicates	Read    27,000,000 records.  Elapsed time: 00:00:44s.  Time for last 1,000,000:    1s.  Last read position: NC_010456.5:60,415,154
INFO	2025-03-11 10:50:45	MarkDuplicates	Tracking 15458 as yet unmatched pairs. 15458 records in RAM.
INFO	2025-03-11 10:50:47	MarkDuplicates	Read    28,000,000 records.  Elapsed time: 00:00:46s.  Time for last 1,000,000:    1s.  Last read position: NC_010456.5:140,894,945
INFO	2025-03-11 10:50:47	MarkDuplicates	Tracking 28 as yet unmatched pairs. 28 records in RAM.
INFO	2025-03-11 10:50:49	MarkDuplicates	Read    29,000,000 records.  Elapsed time: 00:00:48s.  Time for last 1,000,000:    1s.  Last read position: NC_010457.5:110,915,721
INFO	2025-03-11 10:50:49	MarkDuplicates	Tracking 16 as yet unmatched pairs. 16 records in RAM.
INFO	2025-03-11 10:50:50	MarkDuplicates	Read    30,000,000 records.  Elapsed time: 00:00:49s.  Time for last 1,000,000:    1s.  Last read position: NC_010459.5:10,752,260
INFO	2025-03-11 10:50:50	MarkDuplicates	Tracking 448 as yet unmatched pairs. 448 records in RAM.
INFO	2025-03-11 10:50:52	MarkDuplicates	Read    31,000,000 records.  Elapsed time: 00:00:51s.  Time for last 1,000,000:    1s.  Last read position: NC_010460.4:9,138,966
INFO	2025-03-11 10:50:52	MarkDuplicates	Tracking 1305 as yet unmatched pairs. 1305 records in RAM.
INFO	2025-03-11 10:50:54	MarkDuplicates	Read    32,000,000 records.  Elapsed time: 00:00:53s.  Time for last 1,000,000:    1s.  Last read position: NC_010461.5:106,149,392
INFO	2025-03-11 10:50:54	MarkDuplicates	Tracking 2 as yet unmatched pairs. 2 records in RAM.
INFO	2025-03-11 10:50:55	MarkDuplicates	Read    33,000,000 records.  Elapsed time: 00:00:54s.  Time for last 1,000,000:    1s.  Last read position: NW_018085108.1:1,389
INFO	2025-03-11 10:50:55	MarkDuplicates	Tracking 5075 as yet unmatched pairs. 5075 records in RAM.
INFO	2025-03-11 10:50:57	MarkDuplicates	Read    34,000,000 records.  Elapsed time: 00:00:56s.  Time for last 1,000,000:    1s.  Last read position: NC_000845.1:4,638
INFO	2025-03-11 10:50:57	MarkDuplicates	Tracking 46172 as yet unmatched pairs. 46172 records in RAM.
INFO	2025-03-11 10:50:58	MarkDuplicates	Read    35,000,000 records.  Elapsed time: 00:00:57s.  Time for last 1,000,000:    1s.  Last read position: NC_000845.1:6,908
INFO	2025-03-11 10:50:58	MarkDuplicates	Tracking 99332 as yet unmatched pairs. 99332 records in RAM.
INFO	2025-03-11 10:51:00	MarkDuplicates	Read    36,000,000 records.  Elapsed time: 00:00:59s.  Time for last 1,000,000:    1s.  Last read position: NC_000845.1:7,474
INFO	2025-03-11 10:51:00	MarkDuplicates	Tracking 121968 as yet unmatched pairs. 121968 records in RAM.
INFO	2025-03-11 10:51:02	MarkDuplicates	Read    37,000,000 records.  Elapsed time: 00:01:01s.  Time for last 1,000,000:    1s.  Last read position: NC_000845.1:7,930
INFO	2025-03-11 10:51:02	MarkDuplicates	Tracking 151657 as yet unmatched pairs. 151657 records in RAM.
INFO	2025-03-11 10:51:03	MarkDuplicates	Read    38,000,000 records.  Elapsed time: 00:01:02s.  Time for last 1,000,000:    1s.  Last read position: NC_000845.1:8,771
INFO	2025-03-11 10:51:03	MarkDuplicates	Tracking 14481 as yet unmatched pairs. 14481 records in RAM.
INFO	2025-03-11 10:51:05	MarkDuplicates	Read    39,000,000 records.  Elapsed time: 00:01:04s.  Time for last 1,000,000:    1s.  Last read position: NC_000845.1:9,497
INFO	2025-03-11 10:51:05	MarkDuplicates	Tracking 183706 as yet unmatched pairs. 183706 records in RAM.
INFO	2025-03-11 10:51:06	MarkDuplicates	Read    40,000,000 records.  Elapsed time: 00:01:05s.  Time for last 1,000,000:    1s.  Last read position: NC_000845.1:10,182
INFO	2025-03-11 10:51:06	MarkDuplicates	Tracking 111448 as yet unmatched pairs. 111448 records in RAM.
INFO	2025-03-11 10:51:08	MarkDuplicates	Read    41,000,000 records.  Elapsed time: 00:01:07s.  Time for last 1,000,000:    1s.  Last read position: NC_000845.1:12,289
INFO	2025-03-11 10:51:08	MarkDuplicates	Tracking 33162 as yet unmatched pairs. 33162 records in RAM.
INFO	2025-03-11 10:51:10	MarkDuplicates	Read    42,000,000 records.  Elapsed time: 00:01:09s.  Time for last 1,000,000:    1s.  Last read position: NC_000845.1:15,552
INFO	2025-03-11 10:51:10	MarkDuplicates	Tracking 37011 as yet unmatched pairs. 37011 records in RAM.
INFO	2025-03-11 10:51:10	MarkDuplicates	Read 42495892 records. 0 pairs never matched.
INFO	2025-03-11 10:51:11	MarkDuplicates	After buildSortedReadEndLists freeMemory: 5015747336; totalMemory: 12415139840; maxMemory: 32178700288
INFO	2025-03-11 10:51:11	MarkDuplicates	Will retain up to 1005584384 duplicate indices before spilling to disk.
INFO	2025-03-11 10:51:13	MarkDuplicates	Traversing read pair information and detecting duplicates.
INFO	2025-03-11 10:51:16	OpticalDuplicateFinder	Large duplicate set. size = 1028
INFO	2025-03-11 10:51:16	OpticalDuplicateFinder	compared         1,000 ReadEnds to others.  Elapsed time: 00:00:00s.  Time for last 1,000:    0s.  Last read position: 0:32,511
INFO	2025-03-11 10:51:16	OpticalDuplicateFinder	Large duplicate set. size = 1163
INFO	2025-03-11 10:51:16	OpticalDuplicateFinder	compared         1,000 ReadEnds to others.  Elapsed time: 00:00:00s.  Time for last 1,000:    0s.  Last read position: 0:-22,529
INFO	2025-03-11 10:51:16	OpticalDuplicateFinder	Large duplicate set. size = 1205
INFO	2025-03-11 10:51:16	OpticalDuplicateFinder	compared         1,000 ReadEnds to others.  Elapsed time: 00:00:00s.  Time for last 1,000:    0s.  Last read position: 0:31,063
INFO	2025-03-11 10:51:16	OpticalDuplicateFinder	Large duplicate set. size = 1248
INFO	2025-03-11 10:51:16	OpticalDuplicateFinder	compared         1,000 ReadEnds to others.  Elapsed time: 00:00:00s.  Time for last 1,000:    0s.  Last read position: 0:-17,196
INFO	2025-03-11 10:51:16	OpticalDuplicateFinder	Large duplicate set. size = 1162
INFO	2025-03-11 10:51:16	OpticalDuplicateFinder	compared         1,000 ReadEnds to others.  Elapsed time: 00:00:00s.  Time for last 1,000:    0s.  Last read position: 0:-23,419
INFO	2025-03-11 10:51:16	OpticalDuplicateFinder	Large duplicate set. size = 1383
INFO	2025-03-11 10:51:16	OpticalDuplicateFinder	compared         1,000 ReadEnds to others.  Elapsed time: 00:00:00s.  Time for last 1,000:    0s.  Last read position: 0:24,726
INFO	2025-03-11 10:51:17	MarkDuplicates	Traversing fragment information and detecting duplicates.
INFO	2025-03-11 10:51:19	MarkDuplicates	Sorting list of duplicate records.
INFO	2025-03-11 10:51:20	MarkDuplicates	After generateDuplicateIndexes freeMemory: 12405153232; totalMemory: 20464009216; maxMemory: 32178700288
INFO	2025-03-11 10:51:20	MarkDuplicates	Marking 13815986 records as duplicates.
INFO	2025-03-11 10:51:20	MarkDuplicates	Found 1157060 optical duplicate clusters.
INFO	2025-03-11 10:51:20	MarkDuplicates	Reads are assumed to be ordered by: coordinate
INFO	2025-03-11 10:51:45	MarkDuplicates	Written    10,000,000 records.  Elapsed time: 00:00:25s.  Time for last 10,000,000:   25s.  Last read position: NC_010448.4:54,299,339
INFO	2025-03-11 10:52:10	MarkDuplicates	Written    20,000,000 records.  Elapsed time: 00:00:50s.  Time for last 10,000,000:   25s.  Last read position: NC_010455.5:197,193,723
INFO	2025-03-11 10:52:37	MarkDuplicates	Writing complete. Closing input iterator.
INFO	2025-03-11 10:52:37	MarkDuplicates	Duplicate Index cleanup.
INFO	2025-03-11 10:52:37	MarkDuplicates	Getting Memory Stats.
INFO	2025-03-11 10:52:37	MarkDuplicates	Before output close freeMemory: 257867096; totalMemory: 268435456; maxMemory: 32178700288
INFO	2025-03-11 10:52:37	MarkDuplicates	Closed outputs. Getting more Memory Stats.
INFO	2025-03-11 10:52:37	MarkDuplicates	After output close freeMemory: 103518784; totalMemory: 113246208; maxMemory: 32178700288
[Tue Mar 11 10:52:37 PDT 2025] picard.sam.markduplicates.MarkDuplicates done. Elapsed time: 2.62 minutes.
Runtime.totalMemory()=113246208
100000 GFF lines processed.
200000 GFF lines processed.
300000 GFF lines processed.
400000 GFF lines processed.
500000 GFF lines processed.
600000 GFF lines processed.
700000 GFF lines processed.
800000 GFF lines processed.
900000 GFF lines processed.
1000000 GFF lines processed.
1100000 GFF lines processed.
1200000 GFF lines processed.
1300000 GFF lines processed.
1400000 GFF lines processed.
1500000 GFF lines processed.
1600000 GFF lines processed.
1700000 GFF lines processed.
1800000 GFF lines processed.
1900000 GFF lines processed.
2000000 GFF lines processed.
2009927 GFF lines processed.
100000 alignment record pairs processed.
200000 alignment record pairs processed.
300000 alignment record pairs processed.
400000 alignment record pairs processed.
500000 alignment record pairs processed.
600000 alignment record pairs processed.
700000 alignment record pairs processed.
800000 alignment record pairs processed.
900000 alignment record pairs processed.
1000000 alignment record pairs processed.
1100000 alignment record pairs processed.
1200000 alignment record pairs processed.
1300000 alignment record pairs processed.
1400000 alignment record pairs processed.
1500000 alignment record pairs processed.
1600000 alignment record pairs processed.
1700000 alignment record pairs processed.
1800000 alignment record pairs processed.
1900000 alignment record pairs processed.
2000000 alignment record pairs processed.
2100000 alignment record pairs processed.
2200000 alignment record pairs processed.
2300000 alignment record pairs processed.
2400000 alignment record pairs processed.
2500000 alignment record pairs processed.
2600000 alignment record pairs processed.
2700000 alignment record pairs processed.
2800000 alignment record pairs processed.
2900000 alignment record pairs processed.
3000000 alignment record pairs processed.
3100000 alignment record pairs processed.
3200000 alignment record pairs processed.
3300000 alignment record pairs processed.
3400000 alignment record pairs processed.
3500000 alignment record pairs processed.
3600000 alignment record pairs processed.
3700000 alignment record pairs processed.
3800000 alignment record pairs processed.
3900000 alignment record pairs processed.
4000000 alignment record pairs processed.
4100000 alignment record pairs processed.
4200000 alignment record pairs processed.
4300000 alignment record pairs processed.
4400000 alignment record pairs processed.
4500000 alignment record pairs processed.
4600000 alignment record pairs processed.
4700000 alignment record pairs processed.
4800000 alignment record pairs processed.
4900000 alignment record pairs processed.
5000000 alignment record pairs processed.
5100000 alignment record pairs processed.
5200000 alignment record pairs processed.
5300000 alignment record pairs processed.
5400000 alignment record pairs processed.
5500000 alignment record pairs processed.
5600000 alignment record pairs processed.
5700000 alignment record pairs processed.
5800000 alignment record pairs processed.
5900000 alignment record pairs processed.
6000000 alignment record pairs processed.
6100000 alignment record pairs processed.
6200000 alignment record pairs processed.
6300000 alignment record pairs processed.
6400000 alignment record pairs processed.
6500000 alignment record pairs processed.
6600000 alignment record pairs processed.
6700000 alignment record pairs processed.
6800000 alignment record pairs processed.
6900000 alignment record pairs processed.
7000000 alignment record pairs processed.
7100000 alignment record pairs processed.
7200000 alignment record pairs processed.
7300000 alignment record pairs processed.
7400000 alignment record pairs processed.
7500000 alignment record pairs processed.
7600000 alignment record pairs processed.
7700000 alignment record pairs processed.
7800000 alignment record pairs processed.
7900000 alignment record pairs processed.
8000000 alignment record pairs processed.
8100000 alignment record pairs processed.
8200000 alignment record pairs processed.
8300000 alignment record pairs processed.
8400000 alignment record pairs processed.
8500000 alignment record pairs processed.
8600000 alignment record pairs processed.
8700000 alignment record pairs processed.
8800000 alignment record pairs processed.
8900000 alignment record pairs processed.
9000000 alignment record pairs processed.
9100000 alignment record pairs processed.
9200000 alignment record pairs processed.
9300000 alignment record pairs processed.
9400000 alignment record pairs processed.
9500000 alignment record pairs processed.
9600000 alignment record pairs processed.
9700000 alignment record pairs processed.
9800000 alignment record pairs processed.
9900000 alignment record pairs processed.
10000000 alignment record pairs processed.
10100000 alignment record pairs processed.
10200000 alignment record pairs processed.
10300000 alignment record pairs processed.
10400000 alignment record pairs processed.
10500000 alignment record pairs processed.
10600000 alignment record pairs processed.
10700000 alignment record pairs processed.
10800000 alignment record pairs processed.
10900000 alignment record pairs processed.
11000000 alignment record pairs processed.
11100000 alignment record pairs processed.
11200000 alignment record pairs processed.
11300000 alignment record pairs processed.
11400000 alignment record pairs processed.
11500000 alignment record pairs processed.
11600000 alignment record pairs processed.
11700000 alignment record pairs processed.
11800000 alignment record pairs processed.
11900000 alignment record pairs processed.
12000000 alignment record pairs processed.
12100000 alignment record pairs processed.
12200000 alignment record pairs processed.
12300000 alignment record pairs processed.
12400000 alignment record pairs processed.
12500000 alignment record pairs processed.
12600000 alignment record pairs processed.
12700000 alignment record pairs processed.
12800000 alignment record pairs processed.
12900000 alignment record pairs processed.
13000000 alignment record pairs processed.
13100000 alignment record pairs processed.
13200000 alignment record pairs processed.
13300000 alignment record pairs processed.
13400000 alignment record pairs processed.
13482125 alignment record pairs processed.
