                                 Started job on |	Mar 11 10:32:49
                             Started mapping on |	Mar 11 10:33:09
                                    Finished on |	Mar 11 10:39:16
       Mapping speed, Million of reads per hour |	218.81

                          Number of input reads |	22306143
                      Average input read length |	300
                                    UNIQUE READS:
                   Uniquely mapped reads number |	20124350
                        Uniquely mapped reads % |	90.22%
                          Average mapped length |	296.20
                       Number of splices: Total |	17249293
            Number of splices: Annotated (sjdb) |	16951468
                       Number of splices: GT/AG |	17095168
                       Number of splices: GC/AG |	100831
                       Number of splices: AT/AC |	11374
               Number of splices: Non-canonical |	41920
                      Mismatch rate per base, % |	0.38%
                         Deletion rate per base |	0.02%
                        Deletion average length |	2.20
                        Insertion rate per base |	0.02%
                       Insertion average length |	1.49
                             MULTI-MAPPING READS:
        Number of reads mapped to multiple loci |	635676
             % of reads mapped to multiple loci |	2.85%
        Number of reads mapped to too many loci |	18347
             % of reads mapped to too many loci |	0.08%
                                  UNMAPPED READS:
  Number of reads unmapped: too many mismatches |	0
       % of reads unmapped: too many mismatches |	0.00%
            Number of reads unmapped: too short |	1520484
                 % of reads unmapped: too short |	6.82%
                Number of reads unmapped: other |	7286
                     % of reads unmapped: other |	0.03%
                                  CHIMERIC READS:
                       Number of chimeric reads |	0
                            % of chimeric reads |	0.00%
