STAR version=2.7.10a_alpha_220314
STAR compilation time,server,dir=2024-12-16T09:50:18-08:00 admixdev-8-10-p:/export/repositories/biotools-admix/BUILD/star_2.7.10a-2.7.10a/STAR-2.7.10a_alpha_220314/source
STAR git: On branch master ; commit 80eb409fba4d518a3322eab3adbe527f1a406b6f ; diff files: 
##### Command Line:
STAR --genomeDir /dfs6/pub/itamburi/ee283/week10/genomeidx --readFilesIn /dfs6/pub/itamburi/ee283/week10/datalinks/n22_1 /dfs6/pub/itamburi/ee283/week10/datalinks/n22_2 --outSAMtype BAM Unsorted --readFilesCommand zcat --outFileNamePrefix n22_ --outTmpDir /tmp/itamburi/36400641/1 --runThreadN 10
##### Initial USER parameters from Command Line:
outFileNamePrefix                 n22_
outTmpDir                         /tmp/itamburi/36400641/1
###### All USER parameters from Command Line:
genomeDir                     /dfs6/pub/itamburi/ee283/week10/genomeidx     ~RE-DEFINED
readFilesIn                   /dfs6/pub/itamburi/ee283/week10/datalinks/n22_1   /dfs6/pub/itamburi/ee283/week10/datalinks/n22_2        ~RE-DEFINED
outSAMtype                    BAM   Unsorted        ~RE-DEFINED
readFilesCommand              zcat        ~RE-DEFINED
outFileNamePrefix             n22_     ~RE-DEFINED
outTmpDir                     /tmp/itamburi/36400641/1     ~RE-DEFINED
runThreadN                    10     ~RE-DEFINED
##### Finished reading parameters from all sources

##### Final user re-defined parameters-----------------:
runThreadN                        10
genomeDir                         /dfs6/pub/itamburi/ee283/week10/genomeidx
readFilesIn                       /dfs6/pub/itamburi/ee283/week10/datalinks/n22_1   /dfs6/pub/itamburi/ee283/week10/datalinks/n22_2   
readFilesCommand                  zcat   
outFileNamePrefix                 n22_
outTmpDir                         /tmp/itamburi/36400641/1
outSAMtype                        BAM   Unsorted   

-------------------------------
##### Final effective command line:
STAR   --runThreadN 10   --genomeDir /dfs6/pub/itamburi/ee283/week10/genomeidx   --readFilesIn /dfs6/pub/itamburi/ee283/week10/datalinks/n22_1   /dfs6/pub/itamburi/ee283/week10/datalinks/n22_2      --readFilesCommand zcat      --outFileNamePrefix n22_   --outTmpDir /tmp/itamburi/36400641/1   --outSAMtype BAM   Unsorted   
----------------------------------------

Number of fastq files for each mate = 1

   Input read files for mate 1 :
-rw-rw-r-- 1 itamburi itamburi 1671752650 Apr 10  2024 /dfs6/pub/itamburi/ee283/week10/datalinks/n22_1

   readsCommandsFile:
exec > "/tmp/itamburi/36400641/1/tmp.fifo.read1"
echo FILE 0
zcat      "/dfs6/pub/itamburi/ee283/week10/datalinks/n22_1"


   Input read files for mate 2 :
-rw-rw-r-- 1 itamburi itamburi 1670995572 Apr 10  2024 /dfs6/pub/itamburi/ee283/week10/datalinks/n22_2

   readsCommandsFile:
exec > "/tmp/itamburi/36400641/1/tmp.fifo.read2"
echo FILE 0
zcat      "/dfs6/pub/itamburi/ee283/week10/datalinks/n22_2"

ParametersSolo: --soloCellFilterType CellRanger2.2 filtering parameters:  3000 0.99 10
Finished loading and checking parameters
Reading genome generation parameters:
### STAR   --runMode genomeGenerate      --runThreadN 5   --genomeDir /dfs6/pub/itamburi/ee283/week10/genomeidx   --genomeFastaFiles /dfs6/pub/itamburi/ee283/week10/susscrofa_ncbi/GCF_000003025.6/GCF_000003025.6_Sscrofa11.1_genomic.fna      --sjdbGTFfile /dfs6/pub/itamburi/ee283/week10/susscrofa_ncbi/GCF_000003025.6/genomic.gff
### GstrandBit=32
versionGenome                 2.7.4a     ~RE-DEFINED
genomeType                    Full     ~RE-DEFINED
genomeFastaFiles              /dfs6/pub/itamburi/ee283/week10/susscrofa_ncbi/GCF_000003025.6/GCF_000003025.6_Sscrofa11.1_genomic.fna        ~RE-DEFINED
genomeSAindexNbases           14     ~RE-DEFINED
genomeChrBinNbits             18     ~RE-DEFINED
genomeSAsparseD               1     ~RE-DEFINED
genomeTransformType           None     ~RE-DEFINED
genomeTransformVCF            -     ~RE-DEFINED
sjdbOverhang                  100     ~RE-DEFINED
sjdbFileChrStartEnd           -        ~RE-DEFINED
sjdbGTFfile                   /dfs6/pub/itamburi/ee283/week10/susscrofa_ncbi/GCF_000003025.6/genomic.gff     ~RE-DEFINED
sjdbGTFchrPrefix              -     ~RE-DEFINED
sjdbGTFfeatureExon            exon     ~RE-DEFINED
sjdbGTFtagExonParentTranscripttranscript_id     ~RE-DEFINED
sjdbGTFtagExonParentGene      gene_id     ~RE-DEFINED
sjdbInsertSave                Basic     ~RE-DEFINED
genomeFileSizes               2670125336   20798351759        ~RE-DEFINED
Genome version is compatible with current STAR
Number of real (reference) chromosomes= 613
1	NC_010443.5	274330532	0
2	NC_010444.4	151935994	274464768
3	NC_010445.4	132848913	426508288
4	NC_010446.5	130910915	559415296
5	NC_010447.5	104526007	690487296
6	NC_010448.4	170843587	795082752
7	NC_010449.5	121844099	966000640
8	NC_010450.4	138966237	1087897600
9	NC_010451.4	139512083	1227096064
10	NC_010452.4	69359453	1366818816
11	NC_010453.5	79169978	1436286976
12	NC_010454.4	61602749	1515716608
13	NC_010455.5	208334590	1577320448
14	NC_010456.5	141755446	1785724928
15	NC_010457.5	140412725	1927544832
16	NC_010458.4	79944280	2068054016
17	NC_010459.5	63494081	2148007936
18	NC_010460.4	55982971	2211708928
19	NC_010461.5	125939595	2267807744
20	NC_010462.3	43547828	2393899008
21	NW_018084777.1	438769	2437677056
22	NW_018084778.1	492890	2438201344
23	NW_018084779.1	56573	2438725632
24	NW_018084780.1	162579	2438987776
25	NW_018084781.1	167521	2439249920
26	NW_018084782.1	73062	2439512064
27	NW_018084783.1	81402	2439774208
28	NW_018084784.1	62281	2440036352
29	NW_018084785.1	44425	2440298496
30	NW_018084786.1	35090	2440560640
31	NW_018084787.1	39236	2440822784
32	NW_018084788.1	169331	2441084928
33	NW_018084789.1	38262	2441347072
34	NW_018084790.1	33498	2441609216
35	NW_018084791.1	27922	2441871360
36	NW_018084792.1	73391	2442133504
37	NW_018084793.1	36784	2442395648
38	NW_018084794.1	24675	2442657792
39	NW_018084795.1	43773	2442919936
40	NW_018084796.1	39267	2443182080
41	NW_018084797.1	37252	2443444224
42	NW_018084798.1	89749	2443706368
43	NW_018084799.1	93881	2443968512
44	NW_018084800.1	26351	2444230656
45	NW_018084801.1	49126	2444492800
46	NW_018084802.1	25711	2444754944
47	NW_018084803.1	21439	2445017088
48	NW_018084804.1	333895	2445279232
49	NW_018084805.1	27663	2445803520
50	NW_018084806.1	32062	2446065664
51	NW_018084807.1	34570	2446327808
52	NW_018084808.1	133611	2446589952
53	NW_018084809.1	55662	2446852096
54	NW_018084810.1	36105	2447114240
55	NW_018084811.1	40414	2447376384
56	NW_018084812.1	50081	2447638528
57	NW_018084813.1	17027	2447900672
58	NW_018084814.1	63393	2448162816
59	NW_018084815.1	22885	2448424960
60	NW_018084816.1	61061	2448687104
61	NW_018084817.1	42170	2448949248
62	NW_018084818.1	145869	2449211392
63	NW_018084819.1	24616	2449473536
64	NW_018084820.1	47643	2449735680
65	NW_018084821.1	26654	2449997824
66	NW_018084822.1	54345	2450259968
67	NW_018084823.1	45734	2450522112
68	NW_018084824.1	23737	2450784256
69	NW_018084825.1	22269	2451046400
70	NW_018084826.1	170852	2451308544
71	NW_018084827.1	26145	2451570688
72	NW_018084828.1	111136	2451832832
73	NW_018084829.1	99018	2452094976
74	NW_018084830.1	29734	2452357120
75	NW_018084831.1	24338	2452619264
76	NW_018084832.1	101917	2452881408
77	NW_018084833.1	2088057	2453143552
78	NW_018084834.1	42492	2455240704
79	NW_018084835.1	404434	2455502848
80	NW_018084836.1	24571	2456027136
81	NW_018084837.1	34572	2456289280
82	NW_018084838.1	31792	2456551424
83	NW_018084839.1	42190	2456813568
84	NW_018084840.1	72435	2457075712
85	NW_018084841.1	22208	2457337856
86	NW_018084842.1	37414	2457600000
87	NW_018084843.1	46845	2457862144
88	NW_018084844.1	27355	2458124288
89	NW_018084845.1	51665	2458386432
90	NW_018084846.1	96200	2458648576
91	NW_018084847.1	61746	2458910720
92	NW_018084848.1	71707	2459172864
93	NW_018084849.1	28245	2459435008
94	NW_018084850.1	162163	2459697152
95	NW_018084851.1	65518	2459959296
96	NW_018084852.1	130110	2460221440
97	NW_018084853.1	31897	2460483584
98	NW_018084854.1	34675	2460745728
99	NW_018084855.1	44863	2461007872
100	NW_018084856.1	182797	2461270016
101	NW_018084857.1	60359	2461532160
102	NW_018084858.1	19274	2461794304
103	NW_018084859.1	94815	2462056448
104	NW_018084860.1	24819	2462318592
105	NW_018084861.1	95440	2462580736
106	NW_018084862.1	72037	2462842880
107	NW_018084863.1	46053	2463105024
108	NW_018084864.1	24729	2463367168
109	NW_018084865.1	15547	2463629312
110	NW_018084866.1	441855	2463891456
111	NW_018084867.1	83258	2464415744
112	NW_018084868.1	25373	2464677888
113	NW_018084869.1	40390	2464940032
114	NW_018084870.1	304882	2465202176
115	NW_018084871.1	28220	2465726464
116	NW_018084872.1	65658	2465988608
117	NW_018084873.1	46301	2466250752
118	NW_018084874.1	899810	2466512896
119	NW_018084875.1	15919	2467561472
120	NW_018084876.1	24670	2467823616
121	NW_018084877.1	40048	2468085760
122	NW_018084878.1	57178	2468347904
123	NW_018084879.1	49406	2468610048
124	NW_018084880.1	39765	2468872192
125	NW_018084881.1	23675	2469134336
126	NW_018084882.1	55089	2469396480
127	NW_018084883.1	22393	2469658624
128	NW_018084884.1	89753	2469920768
129	NW_018084885.1	121216	2470182912
130	NW_018084886.1	35800	2470445056
131	NW_018084887.1	75082	2470707200
132	NW_018084888.1	25912	2470969344
133	NW_018084889.1	59096	2471231488
134	NW_018084890.1	23994	2471493632
135	NW_018084891.1	105554	2471755776
136	NW_018084892.1	23493	2472017920
137	NW_018084893.1	59742	2472280064
138	NW_018084894.1	18189	2472542208
139	NW_018084895.1	100697	2472804352
140	NW_018084896.1	67596	2473066496
141	NW_018084897.1	47889	2473328640
142	NW_018084898.1	34704	2473590784
143	NW_018084899.1	44774	2473852928
144	NW_018084900.1	64041	2474115072
145	NW_018084901.1	1159966	2474377216
146	NW_018084902.1	15496	2475687936
147	NW_018084903.1	35839	2475950080
148	NW_018084904.1	38669	2476212224
149	NW_018084905.1	41701	2476474368
150	NW_018084906.1	79602	2476736512
151	NW_018084907.1	25467	2476998656
152	NW_018084908.1	457951	2477260800
153	NW_018084909.1	30249	2477785088
154	NW_018084910.1	47123	2478047232
155	NW_018084911.1	20419	2478309376
156	NW_018084912.1	16266	2478571520
157	NW_018084913.1	166067	2478833664
158	NW_018084914.1	39522	2479095808
159	NW_018084915.1	230773	2479357952
160	NW_018084916.1	21463	2479620096
161	NW_018084917.1	21409	2479882240
162	NW_018084918.1	26018	2480144384
163	NW_018084919.1	30558	2480406528
164	NW_018084920.1	191720	2480668672
165	NW_018084921.1	21821	2480930816
166	NW_018084922.1	78723	2481192960
167	NW_018084923.1	27743	2481455104
168	NW_018084924.1	131902	2481717248
169	NW_018084925.1	154740	2481979392
170	NW_018084926.1	19728	2482241536
171	NW_018084927.1	39598	2482503680
172	NW_018084928.1	36608	2482765824
173	NW_018084929.1	61450	2483027968
174	NW_018084930.1	27635	2483290112
175	NW_018084931.1	56960	2483552256
176	NW_018084932.1	64268	2483814400
177	NW_018084933.1	26642	2484076544
178	NW_018084934.1	30397	2484338688
179	NW_018084935.1	32989	2484600832
180	NW_018084936.1	24873	2484862976
181	NW_018084937.1	35698	2485125120
182	NW_018084938.1	452860	2485387264
183	NW_018084939.1	37050	2485911552
184	NW_018084940.1	172180	2486173696
185	NW_018084941.1	24015	2486435840
186	NW_018084942.1	35413	2486697984
187	NW_018084943.1	37675	2486960128
188	NW_018084944.1	24118	2487222272
189	NW_018084945.1	22457	2487484416
190	NW_018084946.1	74153	2487746560
191	NW_018084947.1	92946	2488008704
192	NW_018084948.1	45692	2488270848
193	NW_018084949.1	72946	2488532992
194	NW_018084950.1	17331	2488795136
195	NW_018084951.1	28062	2489057280
196	NW_018084952.1	63293	2489319424
197	NW_018084953.1	95954	2489581568
198	NW_018084954.1	413771	2489843712
199	NW_018084955.1	15543	2490368000
200	NW_018084956.1	55808	2490630144
201	NW_018084957.1	30466	2490892288
202	NW_018084958.1	50567	2491154432
203	NW_018084959.1	20938	2491416576
204	NW_018084960.1	19277	2491678720
205	NW_018084961.1	61624	2491940864
206	NW_018084962.1	35256	2492203008
207	NW_018084963.1	34945	2492465152
208	NW_018084964.1	22650	2492727296
209	NW_018084965.1	37985	2492989440
210	NW_018084966.1	38060	2493251584
211	NW_018084967.1	23690	2493513728
212	NW_018084968.1	2125600	2493775872
213	NW_018084969.1	19005	2496135168
214	NW_018084970.1	20938	2496397312
215	NW_018084971.1	25476	2496659456
216	NW_018084972.1	24880	2496921600
217	NW_018084973.1	91927	2497183744
218	NW_018084974.1	36264	2497445888
219	NW_018084975.1	81645	2497708032
220	NW_018084976.1	16500	2497970176
221	NW_018084977.1	30837	2498232320
222	NW_018084978.1	98791	2498494464
223	NW_018084979.1	3843259	2498756608
224	NW_018084980.1	46114	2502688768
225	NW_018084981.1	49050	2502950912
226	NW_018084982.1	50335	2503213056
227	NW_018084983.1	25241	2503475200
228	NW_018084984.1	31175	2503737344
229	NW_018084985.1	64639	2503999488
230	NW_018084986.1	66683	2504261632
231	NW_018084987.1	56626	2504523776
232	NW_018084988.1	18134	2504785920
233	NW_018084989.1	248197	2505048064
234	NW_018084990.1	17747	2505310208
235	NW_018084991.1	17924	2505572352
236	NW_018084992.1	67854	2505834496
237	NW_018084993.1	229168	2506096640
238	NW_018084994.1	46849	2506358784
239	NW_018084995.1	87541	2506620928
240	NW_018084996.1	27681	2506883072
241	NW_018084997.1	30547	2507145216
242	NW_018084998.1	175079	2507407360
243	NW_018084999.1	77398	2507669504
244	NW_018085000.1	45163	2507931648
245	NW_018085001.1	23971	2508193792
246	NW_018085002.1	32067	2508455936
247	NW_018085003.1	36859	2508718080
248	NW_018085004.1	1284139	2508980224
249	NW_018085005.1	127286	2510290944
250	NW_018085006.1	67873	2510553088
251	NW_018085007.1	52466	2510815232
252	NW_018085008.1	25358	2511077376
253	NW_018085009.1	74125	2511339520
254	NW_018085010.1	24422	2511601664
255	NW_018085011.1	156208	2511863808
256	NW_018085012.1	21690	2512125952
257	NW_018085013.1	20589	2512388096
258	NW_018085014.1	15689	2512650240
259	NW_018085015.1	29154	2512912384
260	NW_018085016.1	32348	2513174528
261	NW_018085017.1	161540	2513436672
262	NW_018085018.1	463424	2513698816
263	NW_018085019.1	32614	2514223104
264	NW_018085020.1	28902	2514485248
265	NW_018085021.1	37674	2514747392
266	NW_018085022.1	105175	2515009536
267	NW_018085023.1	25057	2515271680
268	NW_018085024.1	97889	2515533824
269	NW_018085025.1	196394	2515795968
270	NW_018085026.1	29544	2516058112
271	NW_018085027.1	23240	2516320256
272	NW_018085028.1	35132	2516582400
273	NW_018085029.1	24396	2516844544
274	NW_018085030.1	19443	2517106688
275	NW_018085031.1	44010	2517368832
276	NW_018085032.1	28054	2517630976
277	NW_018085033.1	40713	2517893120
278	NW_018085034.1	29131	2518155264
279	NW_018085035.1	27978	2518417408
280	NW_018085036.1	24313	2518679552
281	NW_018085037.1	122898	2518941696
282	NW_018085038.1	61233	2519203840
283	NW_018085039.1	128219	2519465984
284	NW_018085040.1	71095	2519728128
285	NW_018085041.1	46061	2519990272
286	NW_018085042.1	36425	2520252416
287	NW_018085043.1	38775	2520514560
288	NW_018085044.1	19482	2520776704
289	NW_018085045.1	110875	2521038848
290	NW_018085046.1	23710	2521300992
291	NW_018085047.1	37293	2521563136
292	NW_018085048.1	66671	2521825280
293	NW_018085049.1	38247	2522087424
294	NW_018085050.1	332772	2522349568
295	NW_018085051.1	55519	2522873856
296	NW_018085052.1	30003	2523136000
297	NW_018085053.1	72884	2523398144
298	NW_018085054.1	47524	2523660288
299	NW_018085055.1	19234	2523922432
300	NW_018085056.1	75957	2524184576
301	NW_018085057.1	22707	2524446720
302	NW_018085058.1	338089	2524708864
303	NW_018085059.1	50575	2525233152
304	NW_018085060.1	20300	2525495296
305	NW_018085061.1	26916	2525757440
306	NW_018085062.1	136983	2526019584
307	NW_018085063.1	25463	2526281728
308	NW_018085064.1	25182	2526543872
309	NW_018085065.1	83739	2526806016
310	NW_018085066.1	152378	2527068160
311	NW_018085067.1	43143	2527330304
312	NW_018085068.1	48413	2527592448
313	NW_018085069.1	34187	2527854592
314	NW_018085070.1	89764	2528116736
315	NW_018085071.1	66393	2528378880
316	NW_018085072.1	238141	2528641024
317	NW_018085073.1	50243	2528903168
318	NW_018085074.1	24575	2529165312
319	NW_018085075.1	60710	2529427456
320	NW_018085076.1	131066	2529689600
321	NW_018085077.1	15107	2529951744
322	NW_018085078.1	111963	2530213888
323	NW_018085079.1	59490	2530476032
324	NW_018085080.1	71279	2530738176
325	NW_018085081.1	42628	2531000320
326	NW_018085082.1	55444	2531262464
327	NW_018085083.1	61233	2531524608
328	NW_018085084.1	136362	2531786752
329	NW_018085085.1	141821	2532048896
330	NW_018085086.1	153176	2532311040
331	NW_018085087.1	85322	2532573184
332	NW_018085088.1	122690	2532835328
333	NW_018085089.1	36098	2533097472
334	NW_018085090.1	437422	2533359616
335	NW_018085091.1	50759	2533883904
336	NW_018085092.1	71706	2534146048
337	NW_018085093.1	58548	2534408192
338	NW_018085094.1	463454	2534670336
339	NW_018085095.1	147927	2535194624
340	NW_018085096.1	58416	2535456768
341	NW_018085097.1	52294	2535718912
342	NW_018085098.1	39448	2535981056
343	NW_018085099.1	17846	2536243200
344	NW_018085100.1	2641821	2536505344
345	NW_018085101.1	15107	2539388928
346	NW_018085102.1	31858	2539651072
347	NW_018085103.1	60335	2539913216
348	NW_018085104.1	32780	2540175360
349	NW_018085105.1	48980	2540437504
350	NW_018085106.1	25690	2540699648
351	NW_018085107.1	65977	2540961792
352	NW_018085108.1	51932	2541223936
353	NW_018085109.1	30120	2541486080
354	NW_018085110.1	34299	2541748224
355	NW_018085111.1	383558	2542010368
356	NW_018085112.1	68315	2542534656
357	NW_018085113.1	148079	2542796800
358	NW_018085114.1	26953	2543058944
359	NW_018085115.1	32492	2543321088
360	NW_018085116.1	54489	2543583232
361	NW_018085117.1	65664	2543845376
362	NW_018085118.1	23110	2544107520
363	NW_018085119.1	29770	2544369664
364	NW_018085120.1	45474	2544631808
365	NW_018085121.1	41407	2544893952
366	NW_018085122.1	176234	2545156096
367	NW_018085123.1	87954	2545418240
368	NW_018085124.1	26602	2545680384
369	NW_018085125.1	95045	2545942528
370	NW_018085126.1	46115	2546204672
371	NW_018085127.1	83331	2546466816
372	NW_018085128.1	39098	2546728960
373	NW_018085129.1	66883	2546991104
374	NW_018085130.1	38887	2547253248
375	NW_018085131.1	30824	2547515392
376	NW_018085132.1	126168	2547777536
377	NW_018085133.1	19496	2548039680
378	NW_018085134.1	92164	2548301824
379	NW_018085135.1	44947	2548563968
380	NW_018085136.1	663541	2548826112
381	NW_018085137.1	38859	2549612544
382	NW_018085138.1	29315	2549874688
383	NW_018085139.1	24501	2550136832
384	NW_018085140.1	24178	2550398976
385	NW_018085141.1	59052	2550661120
386	NW_018085142.1	92067	2550923264
387	NW_018085143.1	28312	2551185408
388	NW_018085144.1	24645	2551447552
389	NW_018085145.1	177295	2551709696
390	NW_018085146.1	66807	2551971840
391	NW_018085147.1	63078	2552233984
392	NW_018085148.1	55954	2552496128
393	NW_018085149.1	36996	2552758272
394	NW_018085150.1	72014	2553020416
395	NW_018085151.1	32495	2553282560
396	NW_018085152.1	83016	2553544704
397	NW_018085153.1	32545	2553806848
398	NW_018085154.1	31818	2554068992
399	NW_018085155.1	72425	2554331136
400	NW_018085156.1	24060	2554593280
401	NW_018085157.1	100920	2554855424
402	NW_018085158.1	17025	2555117568
403	NW_018085159.1	39503	2555379712
404	NW_018085160.1	100207	2555641856
405	NW_018085161.1	34294	2555904000
406	NW_018085162.1	75122	2556166144
407	NW_018085163.1	22254	2556428288
408	NW_018085164.1	23883	2556690432
409	NW_018085165.1	97098	2556952576
410	NW_018085166.1	31599	2557214720
411	NW_018085167.1	58047	2557476864
412	NW_018085168.1	80194	2557739008
413	NW_018085169.1	305256	2558001152
414	NW_018085170.1	30289	2558525440
415	NW_018085171.1	107759	2558787584
416	NW_018085172.1	39923	2559049728
417	NW_018085173.1	35978	2559311872
418	NW_018085174.1	86406	2559574016
419	NW_018085175.1	72950	2559836160
420	NW_018085176.1	72613	2560098304
421	NW_018085177.1	25784	2560360448
422	NW_018085178.1	114674	2560622592
423	NW_018085179.1	42619	2560884736
424	NW_018085180.1	25908	2561146880
425	NW_018085181.1	82813	2561409024
426	NW_018085182.1	168947	2561671168
427	NW_018085183.1	55403	2561933312
428	NW_018085184.1	45522	2562195456
429	NW_018085185.1	21264	2562457600
430	NW_018085186.1	80124	2562719744
431	NW_018085187.1	23279	2562981888
432	NW_018085188.1	92180	2563244032
433	NW_018085189.1	69502	2563506176
434	NW_018085190.1	158593	2563768320
435	NW_018085191.1	54656	2564030464
436	NW_018085192.1	46903	2564292608
437	NW_018085193.1	33108	2564554752
438	NW_018085194.1	368575	2564816896
439	NW_018085195.1	16304	2565341184
440	NW_018085196.1	57870	2565603328
441	NW_018085197.1	177715	2565865472
442	NW_018085198.1	303938	2566127616
443	NW_018085199.1	35796	2566651904
444	NW_018085200.1	1187208	2566914048
445	NW_018085201.1	44543	2568224768
446	NW_018085202.1	47030	2568486912
447	NW_018085203.1	24413	2568749056
448	NW_018085204.1	51625	2569011200
449	NW_018085205.1	352148	2569273344
450	NW_018085206.1	91308	2569797632
451	NW_018085207.1	127758	2570059776
452	NW_018085208.1	153825	2570321920
453	NW_018085209.1	52974	2570584064
454	NW_018085210.1	27693	2570846208
455	NW_018085211.1	65042	2571108352
456	NW_018085212.1	39997	2571370496
457	NW_018085213.1	85184	2571632640
458	NW_018085214.1	60458	2571894784
459	NW_018085215.1	15455	2572156928
460	NW_018085216.1	22673	2572419072
461	NW_018085217.1	26904	2572681216
462	NW_018085218.1	15784	2572943360
463	NW_018085219.1	292505	2573205504
464	NW_018085220.1	38453	2573729792
465	NW_018085221.1	151356	2573991936
466	NW_018085222.1	25867	2574254080
467	NW_018085223.1	185666	2574516224
468	NW_018085224.1	21107	2574778368
469	NW_018085225.1	99288	2575040512
470	NW_018085226.1	218479	2575302656
471	NW_018085227.1	328665	2575564800
472	NW_018085228.1	18345	2576089088
473	NW_018085229.1	35435	2576351232
474	NW_018085230.1	186897	2576613376
475	NW_018085231.1	59679	2576875520
476	NW_018085232.1	65455	2577137664
477	NW_018085233.1	111191	2577399808
478	NW_018085234.1	35768	2577661952
479	NW_018085235.1	450457	2577924096
480	NW_018085236.1	71268	2578448384
481	NW_018085237.1	1437513	2578710528
482	NW_018085238.1	23908	2580283392
483	NW_018085239.1	61586	2580545536
484	NW_018085240.1	59899	2580807680
485	NW_018085241.1	17699	2581069824
486	NW_018085242.1	32249	2581331968
487	NW_018085243.1	231906	2581594112
488	NW_018085244.1	35399	2581856256
489	NW_018085245.1	87638	2582118400
490	NW_018085246.1	362670	2582380544
491	NW_018085247.1	43530	2582904832
492	NW_018085248.1	250081	2583166976
493	NW_018085249.1	58201	2583429120
494	NW_018085250.1	98239	2583691264
495	NW_018085251.1	22216	2583953408
496	NW_018085252.1	19362	2584215552
497	NW_018085253.1	22327	2584477696
498	NW_018085254.1	414619	2584739840
499	NW_018085255.1	125348	2585264128
500	NW_018085256.1	52374	2585526272
501	NW_018085257.1	2117578	2585788416
502	NW_018085258.1	19466	2588147712
503	NW_018085259.1	55069	2588409856
504	NW_018085260.1	125997	2588672000
505	NW_018085261.1	15624	2588934144
506	NW_018085262.1	74675	2589196288
507	NW_018085263.1	47289	2589458432
508	NW_018085264.1	192446	2589720576
509	NW_018085265.1	31957	2589982720
510	NW_018085266.1	38108	2590244864
511	NW_018085267.1	35033	2590507008
512	NW_018085268.1	353404	2590769152
513	NW_018085269.1	56510	2591293440
514	NW_018085270.1	151330	2591555584
515	NW_018085271.1	234155	2591817728
516	NW_018085272.1	84782	2592079872
517	NW_018085273.1	37546	2592342016
518	NW_018085274.1	17962	2592604160
519	NW_018085275.1	185816	2592866304
520	NW_018085276.1	52058	2593128448
521	NW_018085277.1	70479	2593390592
522	NW_018085278.1	24651	2593652736
523	NW_018085279.1	35610	2593914880
524	NW_018085280.1	67144	2594177024
525	NW_018085281.1	32000	2594439168
526	NW_018085282.1	26304	2594701312
527	NW_018085283.1	34712	2594963456
528	NW_018085284.1	121275	2595225600
529	NW_018085285.1	18081	2595487744
530	NW_018085286.1	38942	2595749888
531	NW_018085287.1	195359	2596012032
532	NW_018085288.1	98741	2596274176
533	NW_018085289.1	30048	2596536320
534	NW_018085290.1	52274	2596798464
535	NW_018085291.1	58992	2597060608
536	NW_018085292.1	73291	2597322752
537	NW_018085293.1	914028	2597584896
538	NW_018085294.1	32990	2598633472
539	NW_018085295.1	40091	2598895616
540	NW_018085296.1	27124	2599157760
541	NW_018085297.1	56236	2599419904
542	NW_018085298.1	26999	2599682048
543	NW_018085299.1	43188	2599944192
544	NW_018085300.1	134991	2600206336
545	NW_018085301.1	126623	2600468480
546	NW_018085302.1	631996	2600730624
547	NW_018085303.1	658525	2601517056
548	NW_018085304.1	151529	2602303488
549	NW_018085305.1	32207	2602565632
550	NW_018085306.1	63916	2602827776
551	NW_018085307.1	106523	2603089920
552	NW_018085308.1	145609	2603352064
553	NW_018085309.1	31967	2603614208
554	NW_018085310.1	42006	2603876352
555	NW_018085311.1	26146	2604138496
556	NW_018085312.1	38099	2604400640
557	NW_018085313.1	122329	2604662784
558	NW_018085314.1	53671	2604924928
559	NW_018085315.1	107223	2605187072
560	NW_018085316.1	91429	2605449216
561	NW_018085317.1	20771	2605711360
562	NW_018085318.1	38289	2605973504
563	NW_018085319.1	65930	2606235648
564	NW_018085320.1	91570	2606497792
565	NW_018085321.1	25217	2606759936
566	NW_018085322.1	31659	2607022080
567	NW_018085323.1	41262	2607284224
568	NW_018085324.1	17318	2607546368
569	NW_018085325.1	28777	2607808512
570	NW_018085326.1	20230	2608070656
571	NW_018085327.1	18788	2608332800
572	NW_018085328.1	55144	2608594944
573	NW_018085329.1	39828	2608857088
574	NW_018085330.1	78397	2609119232
575	NW_018085331.1	49329	2609381376
576	NW_018085332.1	37867	2609643520
577	NW_018085333.1	151582	2609905664
578	NW_018085334.1	19341	2610167808
579	NW_018085335.1	153020	2610429952
580	NW_018085336.1	92764	2610692096
581	NW_018085337.1	26507	2610954240
582	NW_018085338.1	104663	2611216384
583	NW_018085339.1	57548	2611478528
584	NW_018085340.1	42029	2611740672
585	NW_018085341.1	24648	2612002816
586	NW_018085342.1	241003	2612264960
587	NW_018085343.1	64878	2612527104
588	NW_018085344.1	725547	2612789248
589	NW_018085345.1	54115	2613575680
590	NW_018085346.1	149177	2613837824
591	NW_018085347.1	19883	2614099968
592	NW_018085348.1	32772	2614362112
593	NW_018085349.1	159309	2614624256
594	NW_018085350.1	41893	2614886400
595	NW_018085351.1	77218	2615148544
596	NW_018085352.1	95750	2615410688
597	NW_018085353.1	39063	2615672832
598	NW_018085354.1	31562	2615934976
599	NW_018085355.1	31401	2616197120
600	NW_018085356.1	734522	2616459264
601	NW_018085357.1	55490	2617245696
602	NW_018085358.1	63919	2617507840
603	NW_018085359.1	116223	2617769984
604	NW_018085360.1	15096	2618032128
605	NW_018085361.1	33397	2618294272
606	NW_018085362.1	43888	2618556416
607	NW_018085363.1	20819	2618818560
608	NW_018085364.1	437940	2619080704
609	NW_018085365.1	17708	2619604992
610	NW_018085366.1	113982	2619867136
611	NW_018085367.1	53195	2620129280
612	NW_018085368.1	27455	2620391424
613	NC_000845.1	16613	2620653568
--sjdbOverhang = 100 taken from the generated genome
Started loading the genome: Tue Mar 11 10:32:49 2025

Genome: size given as a parameter = 2670125336
SA: size given as a parameter = 20798351759
SAindex: size given as a parameter = 1
Read from SAindex: pGe.gSAindexNbases=14  nSAi=357913940
nGenome=2670125336;  nSAbyte=20798351759
GstrandBit=32   SA number of indices=5042024668
Shared memory is not used for genomes. Allocated a private copy of the genome.
Genome file size: 2670125336 bytes; state: good=1 eof=0 fail=0 bad=0
Loading Genome ... done! state: good=1 eof=0 fail=0 bad=0; loaded 2670125336 bytes
SA file size: 20798351759 bytes; state: good=1 eof=0 fail=0 bad=0
Loading SA ... done! state: good=1 eof=0 fail=0 bad=0; loaded 20798351759 bytes
Loading SAindex ... done: 1565873619 bytes
Finished loading the genome: Tue Mar 11 10:33:08 2025

Processing splice junctions database sjdbN=244824,   pGe.sjdbOverhang=100 
alignIntronMax=alignMatesGapMax=0, the max intron size will be approximately determined by (2^winBinNbits)*winAnchorDistNbins=589824
Created thread # 1
Starting to map file # 0
mate 1:   /dfs6/pub/itamburi/ee283/week10/datalinks/n22_1
mate 2:   /dfs6/pub/itamburi/ee283/week10/datalinks/n22_2
Created thread # 2
Created thread # 3
Created thread # 4
Created thread # 5
Created thread # 6
Created thread # 7
Created thread # 8
Created thread # 9
Thread #2 end of input stream, nextChar=-1
Completed: thread #1
Completed: thread #6
Completed: thread #3
Completed: thread #7
Completed: thread #8
Completed: thread #9
Completed: thread #5
Completed: thread #4
Completed: thread #0
Joined thread # 1
Completed: thread #2
Joined thread # 2
Joined thread # 3
Joined thread # 4
Joined thread # 5
Joined thread # 6
Joined thread # 7
Joined thread # 8
Joined thread # 9
ALL DONE!
