                                 Started job on |	Mar 11 10:32:51
                             Started mapping on |	Mar 11 10:33:09
                                    Finished on |	Mar 11 10:39:51
       Mapping speed, Million of reads per hour |	213.37

                          Number of input reads |	23826577
                      Average input read length |	300
                                    UNIQUE READS:
                   Uniquely mapped reads number |	21121302
                        Uniquely mapped reads % |	88.65%
                          Average mapped length |	295.83
                       Number of splices: Total |	15437866
            Number of splices: Annotated (sjdb) |	15142913
                       Number of splices: GT/AG |	15300651
                       Number of splices: GC/AG |	85686
                       Number of splices: AT/AC |	9984
               Number of splices: Non-canonical |	41545
                      Mismatch rate per base, % |	0.41%
                         Deletion rate per base |	0.02%
                        Deletion average length |	2.20
                        Insertion rate per base |	0.03%
                       Insertion average length |	1.50
                             MULTI-MAPPING READS:
        Number of reads mapped to multiple loci |	727331
             % of reads mapped to multiple loci |	3.05%
        Number of reads mapped to too many loci |	18663
             % of reads mapped to too many loci |	0.08%
                                  UNMAPPED READS:
  Number of reads unmapped: too many mismatches |	0
       % of reads unmapped: too many mismatches |	0.00%
            Number of reads unmapped: too short |	1949973
                 % of reads unmapped: too short |	8.18%
                Number of reads unmapped: other |	9308
                     % of reads unmapped: other |	0.04%
                                  CHIMERIC READS:
                       Number of chimeric reads |	0
                            % of chimeric reads |	0.00%
