                                 Started job on |	Mar 11 10:35:31
                             Started mapping on |	Mar 11 10:35:43
                                    Finished on |	Mar 11 10:43:19
       Mapping speed, Million of reads per hour |	210.25

                          Number of input reads |	26631682
                      Average input read length |	300
                                    UNIQUE READS:
                   Uniquely mapped reads number |	24262341
                        Uniquely mapped reads % |	91.10%
                          Average mapped length |	296.59
                       Number of splices: Total |	21372605
            Number of splices: Annotated (sjdb) |	21010584
                       Number of splices: GT/AG |	21186709
                       Number of splices: GC/AG |	125198
                       Number of splices: AT/AC |	14380
               Number of splices: Non-canonical |	46318
                      Mismatch rate per base, % |	0.39%
                         Deletion rate per base |	0.02%
                        Deletion average length |	2.18
                        Insertion rate per base |	0.02%
                       Insertion average length |	1.49
                             MULTI-MAPPING READS:
        Number of reads mapped to multiple loci |	800138
             % of reads mapped to multiple loci |	3.00%
        Number of reads mapped to too many loci |	19193
             % of reads mapped to too many loci |	0.07%
                                  UNMAPPED READS:
  Number of reads unmapped: too many mismatches |	0
       % of reads unmapped: too many mismatches |	0.00%
            Number of reads unmapped: too short |	1540871
                 % of reads unmapped: too short |	5.79%
                Number of reads unmapped: other |	9139
                     % of reads unmapped: other |	0.03%
                                  CHIMERIC READS:
                       Number of chimeric reads |	0
                            % of chimeric reads |	0.00%
