                                 Started job on |	Mar 11 10:38:14
                             Started mapping on |	Mar 11 10:38:24
                                    Finished on |	Mar 11 10:43:50
       Mapping speed, Million of reads per hour |	243.35

                          Number of input reads |	22036585
                      Average input read length |	300
                                    UNIQUE READS:
                   Uniquely mapped reads number |	20133817
                        Uniquely mapped reads % |	91.37%
                          Average mapped length |	296.61
                       Number of splices: Total |	16782910
            Number of splices: Annotated (sjdb) |	16480084
                       Number of splices: GT/AG |	16633189
                       Number of splices: GC/AG |	95894
                       Number of splices: AT/AC |	11288
               Number of splices: Non-canonical |	42539
                      Mismatch rate per base, % |	0.39%
                         Deletion rate per base |	0.02%
                        Deletion average length |	2.19
                        Insertion rate per base |	0.03%
                       Insertion average length |	1.50
                             MULTI-MAPPING READS:
        Number of reads mapped to multiple loci |	613327
             % of reads mapped to multiple loci |	2.78%
        Number of reads mapped to too many loci |	13341
             % of reads mapped to too many loci |	0.06%
                                  UNMAPPED READS:
  Number of reads unmapped: too many mismatches |	0
       % of reads unmapped: too many mismatches |	0.00%
            Number of reads unmapped: too short |	1269721
                 % of reads unmapped: too short |	5.76%
                Number of reads unmapped: other |	6379
                     % of reads unmapped: other |	0.03%
                                  CHIMERIC READS:
                       Number of chimeric reads |	0
                            % of chimeric reads |	0.00%
