                                 Started job on |	Mar 11 10:38:59
                             Started mapping on |	Mar 11 10:39:17
                                    Finished on |	Mar 11 10:44:49
       Mapping speed, Million of reads per hour |	245.67

                          Number of input reads |	22656026
                      Average input read length |	300
                                    UNIQUE READS:
                   Uniquely mapped reads number |	21000897
                        Uniquely mapped reads % |	92.69%
                          Average mapped length |	297.36
                       Number of splices: Total |	9493745
            Number of splices: Annotated (sjdb) |	9256233
                       Number of splices: GT/AG |	9404634
                       Number of splices: GC/AG |	53495
                       Number of splices: AT/AC |	7185
               Number of splices: Non-canonical |	28431
                      Mismatch rate per base, % |	0.45%
                         Deletion rate per base |	0.02%
                        Deletion average length |	2.20
                        Insertion rate per base |	0.02%
                       Insertion average length |	1.57
                             MULTI-MAPPING READS:
        Number of reads mapped to multiple loci |	520527
             % of reads mapped to multiple loci |	2.30%
        Number of reads mapped to too many loci |	14076
             % of reads mapped to too many loci |	0.06%
                                  UNMAPPED READS:
  Number of reads unmapped: too many mismatches |	0
       % of reads unmapped: too many mismatches |	0.00%
            Number of reads unmapped: too short |	1113103
                 % of reads unmapped: too short |	4.91%
                Number of reads unmapped: other |	7423
                     % of reads unmapped: other |	0.03%
                                  CHIMERIC READS:
                       Number of chimeric reads |	0
                            % of chimeric reads |	0.00%
