                                 Started job on |	Mar 11 10:39:28
                             Started mapping on |	Mar 11 10:39:40
                                    Finished on |	Mar 11 10:44:47
       Mapping speed, Million of reads per hour |	262.64

                          Number of input reads |	22397001
                      Average input read length |	300
                                    UNIQUE READS:
                   Uniquely mapped reads number |	20346191
                        Uniquely mapped reads % |	90.84%
                          Average mapped length |	296.81
                       Number of splices: Total |	10400865
            Number of splices: Annotated (sjdb) |	10146641
                       Number of splices: GT/AG |	10305666
                       Number of splices: GC/AG |	53547
                       Number of splices: AT/AC |	6738
               Number of splices: Non-canonical |	34914
                      Mismatch rate per base, % |	0.38%
                         Deletion rate per base |	0.02%
                        Deletion average length |	2.18
                        Insertion rate per base |	0.02%
                       Insertion average length |	1.53
                             MULTI-MAPPING READS:
        Number of reads mapped to multiple loci |	709462
             % of reads mapped to multiple loci |	3.17%
        Number of reads mapped to too many loci |	11099
             % of reads mapped to too many loci |	0.05%
                                  UNMAPPED READS:
  Number of reads unmapped: too many mismatches |	0
       % of reads unmapped: too many mismatches |	0.00%
            Number of reads unmapped: too short |	1324012
                 % of reads unmapped: too short |	5.91%
                Number of reads unmapped: other |	6237
                     % of reads unmapped: other |	0.03%
                                  CHIMERIC READS:
                       Number of chimeric reads |	0
                            % of chimeric reads |	0.00%
