                                 Started job on |	Mar 11 10:39:52
                             Started mapping on |	Mar 11 10:40:05
                                    Finished on |	Mar 11 10:45:55
       Mapping speed, Million of reads per hour |	226.65

                          Number of input reads |	22035826
                      Average input read length |	300
                                    UNIQUE READS:
                   Uniquely mapped reads number |	20040248
                        Uniquely mapped reads % |	90.94%
                          Average mapped length |	296.61
                       Number of splices: Total |	12816582
            Number of splices: Annotated (sjdb) |	12527500
                       Number of splices: GT/AG |	12707897
                       Number of splices: GC/AG |	65284
                       Number of splices: AT/AC |	8278
               Number of splices: Non-canonical |	35123
                      Mismatch rate per base, % |	0.37%
                         Deletion rate per base |	0.02%
                        Deletion average length |	2.21
                        Insertion rate per base |	0.03%
                       Insertion average length |	1.54
                             MULTI-MAPPING READS:
        Number of reads mapped to multiple loci |	655959
             % of reads mapped to multiple loci |	2.98%
        Number of reads mapped to too many loci |	12423
             % of reads mapped to too many loci |	0.06%
                                  UNMAPPED READS:
  Number of reads unmapped: too many mismatches |	0
       % of reads unmapped: too many mismatches |	0.00%
            Number of reads unmapped: too short |	1320309
                 % of reads unmapped: too short |	5.99%
                Number of reads unmapped: other |	6887
                     % of reads unmapped: other |	0.03%
                                  CHIMERIC READS:
                       Number of chimeric reads |	0
                            % of chimeric reads |	0.00%
