                                 Started job on |	Mar 11 10:40:06
                             Started mapping on |	Mar 11 10:40:18
                                    Finished on |	Mar 11 10:45:45
       Mapping speed, Million of reads per hour |	244.77

                          Number of input reads |	22233329
                      Average input read length |	300
                                    UNIQUE READS:
                   Uniquely mapped reads number |	20011222
                        Uniquely mapped reads % |	90.01%
                          Average mapped length |	296.39
                       Number of splices: Total |	10832548
            Number of splices: Annotated (sjdb) |	10579996
                       Number of splices: GT/AG |	10729409
                       Number of splices: GC/AG |	58617
                       Number of splices: AT/AC |	7238
               Number of splices: Non-canonical |	37284
                      Mismatch rate per base, % |	0.44%
                         Deletion rate per base |	0.02%
                        Deletion average length |	2.19
                        Insertion rate per base |	0.02%
                       Insertion average length |	1.52
                             MULTI-MAPPING READS:
        Number of reads mapped to multiple loci |	684706
             % of reads mapped to multiple loci |	3.08%
        Number of reads mapped to too many loci |	12503
             % of reads mapped to too many loci |	0.06%
                                  UNMAPPED READS:
  Number of reads unmapped: too many mismatches |	0
       % of reads unmapped: too many mismatches |	0.00%
            Number of reads unmapped: too short |	1518843
                 % of reads unmapped: too short |	6.83%
                Number of reads unmapped: other |	6055
                     % of reads unmapped: other |	0.03%
                                  CHIMERIC READS:
                       Number of chimeric reads |	0
                            % of chimeric reads |	0.00%
