                                 Started job on |	Mar 11 10:40:15
                             Started mapping on |	Mar 11 10:40:25
                                    Finished on |	Mar 11 10:44:39
       Mapping speed, Million of reads per hour |	295.53

                          Number of input reads |	20851023
                      Average input read length |	300
                                    UNIQUE READS:
                   Uniquely mapped reads number |	19175285
                        Uniquely mapped reads % |	91.96%
                          Average mapped length |	297.08
                       Number of splices: Total |	9268073
            Number of splices: Annotated (sjdb) |	9049455
                       Number of splices: GT/AG |	9180791
                       Number of splices: GC/AG |	47878
                       Number of splices: AT/AC |	6277
               Number of splices: Non-canonical |	33127
                      Mismatch rate per base, % |	0.38%
                         Deletion rate per base |	0.01%
                        Deletion average length |	2.14
                        Insertion rate per base |	0.02%
                       Insertion average length |	1.50
                             MULTI-MAPPING READS:
        Number of reads mapped to multiple loci |	607235
             % of reads mapped to multiple loci |	2.91%
        Number of reads mapped to too many loci |	8952
             % of reads mapped to too many loci |	0.04%
                                  UNMAPPED READS:
  Number of reads unmapped: too many mismatches |	0
       % of reads unmapped: too many mismatches |	0.00%
            Number of reads unmapped: too short |	1054299
                 % of reads unmapped: too short |	5.06%
                Number of reads unmapped: other |	5252
                     % of reads unmapped: other |	0.03%
                                  CHIMERIC READS:
                       Number of chimeric reads |	0
                            % of chimeric reads |	0.00%
