                                 Started job on |	Mar 11 10:40:17
                             Started mapping on |	Mar 11 10:40:25
                                    Finished on |	Mar 11 10:43:57
       Mapping speed, Million of reads per hour |	374.18

                          Number of input reads |	22034785
                      Average input read length |	300
                                    UNIQUE READS:
                   Uniquely mapped reads number |	20270831
                        Uniquely mapped reads % |	91.99%
                          Average mapped length |	297.06
                       Number of splices: Total |	8944210
            Number of splices: Annotated (sjdb) |	8696740
                       Number of splices: GT/AG |	8856066
                       Number of splices: GC/AG |	50451
                       Number of splices: AT/AC |	6396
               Number of splices: Non-canonical |	31297
                      Mismatch rate per base, % |	0.45%
                         Deletion rate per base |	0.02%
                        Deletion average length |	2.22
                        Insertion rate per base |	0.02%
                       Insertion average length |	1.56
                             MULTI-MAPPING READS:
        Number of reads mapped to multiple loci |	595841
             % of reads mapped to multiple loci |	2.70%
        Number of reads mapped to too many loci |	12494
             % of reads mapped to too many loci |	0.06%
                                  UNMAPPED READS:
  Number of reads unmapped: too many mismatches |	0
       % of reads unmapped: too many mismatches |	0.00%
            Number of reads unmapped: too short |	1148955
                 % of reads unmapped: too short |	5.21%
                Number of reads unmapped: other |	6664
                     % of reads unmapped: other |	0.03%
                                  CHIMERIC READS:
                       Number of chimeric reads |	0
                            % of chimeric reads |	0.00%
